../Core/Src/Lcd/stm32_adafruit_lcd.c:121:9:BSP_LCD_Init	16	static
../Core/Src/Lcd/stm32_adafruit_lcd.c:148:10:BSP_LCD_GetXSize	8	static
../Core/Src/Lcd/stm32_adafruit_lcd.c:158:10:BSP_LCD_GetYSize	8	static
../Core/Src/Lcd/stm32_adafruit_lcd.c:168:10:BSP_LCD_GetTextColor	4	static
../Core/Src/Lcd/stm32_adafruit_lcd.c:178:10:BSP_LCD_GetBackColor	4	static
../Core/Src/Lcd/stm32_adafruit_lcd.c:188:6:BSP_LCD_SetTextColor	16	static
../Core/Src/Lcd/stm32_adafruit_lcd.c:198:6:BSP_LCD_SetBackColor	16	static
../Core/Src/Lcd/stm32_adafruit_lcd.c:208:6:BSP_LCD_SetFont	16	static
../Core/Src/Lcd/stm32_adafruit_lcd.c:218:8:BSP_LCD_GetFont	4	static
../Core/Src/Lcd/stm32_adafruit_lcd.c:228:6:BSP_LCD_Clear	32	static
../Core/Src/Lcd/stm32_adafruit_lcd.c:242:6:BSP_LCD_ClearStringLine	32	static
../Core/Src/Lcd/stm32_adafruit_lcd.c:262:6:BSP_LCD_DisplayChar	16	static
../Core/Src/Lcd/stm32_adafruit_lcd.c:278:6:BSP_LCD_DisplayMultilayerChar	112	static
../Core/Src/Lcd/stm32_adafruit_lcd.c:352:6:BSP_LCD_DisplayStringAt	48	static
../Core/Src/Lcd/stm32_adafruit_lcd.c:413:6:BSP_LCD_DisplayStringAtLine	16	static
../Core/Src/Lcd/stm32_adafruit_lcd.c:425:6:BSP_LCD_DrawPixel	16	static
../Core/Src/Lcd/stm32_adafruit_lcd.c:437:6:BSP_LCD_DrawHLine	24	static
../Core/Src/Lcd/stm32_adafruit_lcd.c:449:6:BSP_LCD_DrawVLine	24	static
../Core/Src/Lcd/stm32_adafruit_lcd.c:462:6:BSP_LCD_DrawLine	56	static
../Core/Src/Lcd/stm32_adafruit_lcd.c:537:6:BSP_LCD_DrawRect	24	static
../Core/Src/Lcd/stm32_adafruit_lcd.c:555:6:BSP_LCD_DrawCircle	32	static
../Core/Src/Lcd/stm32_adafruit_lcd.c:595:6:BSP_LCD_DrawPolygon	32	static
../Core/Src/Lcd/stm32_adafruit_lcd.c:623:6:BSP_LCD_DrawEllipse	56	static
../Core/Src/Lcd/stm32_adafruit_lcd.c:656:6:BSP_LCD_DrawBitmap	24	static
../Core/Src/Lcd/stm32_adafruit_lcd.c:680:6:BSP_LCD_FillRect	32	static
../Core/Src/Lcd/stm32_adafruit_lcd.c:692:6:BSP_LCD_FillCircle	32	static
../Core/Src/Lcd/stm32_adafruit_lcd.c:739:6:BSP_LCD_FillPolygon	64	static
../Core/Src/Lcd/stm32_adafruit_lcd.c:807:6:BSP_LCD_FillEllipse	56	static
../Core/Src/Lcd/stm32_adafruit_lcd.c:838:6:BSP_LCD_DisplayOn	8	static
../Core/Src/Lcd/stm32_adafruit_lcd.c:848:6:BSP_LCD_DisplayOff	8	static
../Core/Src/Lcd/stm32_adafruit_lcd.c:864:13:DrawChar	56	static
../Core/Src/Lcd/stm32_adafruit_lcd.c:924:6:BSP_LCD_FillTriangle	72	static
../Core/Src/Lcd/stm32_adafruit_lcd.c:1013:13:SetDisplayWindow	24	static
../Core/Src/Lcd/stm32_adafruit_lcd.c:1023:10:BSP_LCD_ReadID	8	static
../Core/Src/Lcd/stm32_adafruit_lcd.c:1034:10:BSP_LCD_ReadPixel	16	static
../Core/Src/Lcd/stm32_adafruit_lcd.c:1048:6:BSP_LCD_DrawRGB16Image	32	static
../Core/Src/Lcd/stm32_adafruit_lcd.c:1062:6:BSP_LCD_ReadRGB16Image	32	static
../Core/Src/Lcd/stm32_adafruit_lcd.c:1074:6:BSP_LCD_Scroll	16	static
../Core/Src/Lcd/stm32_adafruit_lcd.c:1086:6:BSP_LCD_DataWrite8	32	static
../Core/Src/Lcd/stm32_adafruit_lcd.c:1090:6:BSP_LCD_DataWrite16	32	static
../Core/Src/Lcd/stm32_adafruit_lcd.c:1094:6:BSP_LCD_DataRead8	32	static
../Core/Src/Lcd/stm32_adafruit_lcd.c:1098:6:BSP_LCD_DataRead16	32	static
