Archive member included to satisfy reference by file (symbol)

C:/ST/STM32CubeIDE_1.19.0/STM32CubeIDE/plugins/com.st.stm32cube.ide.mcu.externaltools.gnu-tools-for-stm32.13.3.rel1.win32_1.0.0.202411081344/tools/bin/../lib/gcc/arm-none-eabi/13.3.1/../../../../arm-none-eabi/lib/thumb/v7e-m+dp/hard\libc_nano.a(libc_a-exit.o)
                              C:/ST/STM32CubeIDE_1.19.0/STM32CubeIDE/plugins/com.st.stm32cube.ide.mcu.externaltools.gnu-tools-for-stm32.13.3.rel1.win32_1.0.0.202411081344/tools/bin/../lib/gcc/arm-none-eabi/13.3.1/../../../../arm-none-eabi/lib/thumb/v7e-m+dp/hard/crt0.o (exit)
C:/ST/STM32CubeIDE_1.19.0/STM32CubeIDE/plugins/com.st.stm32cube.ide.mcu.externaltools.gnu-tools-for-stm32.13.3.rel1.win32_1.0.0.202411081344/tools/bin/../lib/gcc/arm-none-eabi/13.3.1/../../../../arm-none-eabi/lib/thumb/v7e-m+dp/hard\libc_nano.a(libc_a-random.o)
                              ./Core/Src/App/appLcdSpeedTest.o (random)
C:/ST/STM32CubeIDE_1.19.0/STM32CubeIDE/plugins/com.st.stm32cube.ide.mcu.externaltools.gnu-tools-for-stm32.13.3.rel1.win32_1.0.0.202411081344/tools/bin/../lib/gcc/arm-none-eabi/13.3.1/../../../../arm-none-eabi/lib/thumb/v7e-m+dp/hard\libc_nano.a(libc_a-findfp.o)
                              C:/ST/STM32CubeIDE_1.19.0/STM32CubeIDE/plugins/com.st.stm32cube.ide.mcu.externaltools.gnu-tools-for-stm32.13.3.rel1.win32_1.0.0.202411081344/tools/bin/../lib/gcc/arm-none-eabi/13.3.1/../../../../arm-none-eabi/lib/thumb/v7e-m+dp/hard\libc_nano.a(libc_a-exit.o) (__stdio_exit_handler)
C:/ST/STM32CubeIDE_1.19.0/STM32CubeIDE/plugins/com.st.stm32cube.ide.mcu.externaltools.gnu-tools-for-stm32.13.3.rel1.win32_1.0.0.202411081344/tools/bin/../lib/gcc/arm-none-eabi/13.3.1/../../../../arm-none-eabi/lib/thumb/v7e-m+dp/hard\libc_nano.a(libc_a-fwalk.o)
                              C:/ST/STM32CubeIDE_1.19.0/STM32CubeIDE/plugins/com.st.stm32cube.ide.mcu.externaltools.gnu-tools-for-stm32.13.3.rel1.win32_1.0.0.202411081344/tools/bin/../lib/gcc/arm-none-eabi/13.3.1/../../../../arm-none-eabi/lib/thumb/v7e-m+dp/hard\libc_nano.a(libc_a-findfp.o) (_fwalk_sglue)
C:/ST/STM32CubeIDE_1.19.0/STM32CubeIDE/plugins/com.st.stm32cube.ide.mcu.externaltools.gnu-tools-for-stm32.13.3.rel1.win32_1.0.0.202411081344/tools/bin/../lib/gcc/arm-none-eabi/13.3.1/../../../../arm-none-eabi/lib/thumb/v7e-m+dp/hard\libc_nano.a(libc_a-printf.o)
                              ./Core/Src/App/appLcdSpeedTest.o (printf)
C:/ST/STM32CubeIDE_1.19.0/STM32CubeIDE/plugins/com.st.stm32cube.ide.mcu.externaltools.gnu-tools-for-stm32.13.3.rel1.win32_1.0.0.202411081344/tools/bin/../lib/gcc/arm-none-eabi/13.3.1/../../../../arm-none-eabi/lib/thumb/v7e-m+dp/hard\libc_nano.a(libc_a-puts.o)
                              ./Core/Src/App/appLcdSpeedTest.o (puts)
C:/ST/STM32CubeIDE_1.19.0/STM32CubeIDE/plugins/com.st.stm32cube.ide.mcu.externaltools.gnu-tools-for-stm32.13.3.rel1.win32_1.0.0.202411081344/tools/bin/../lib/gcc/arm-none-eabi/13.3.1/../../../../arm-none-eabi/lib/thumb/v7e-m+dp/hard\libc_nano.a(libc_a-stdio.o)
                              C:/ST/STM32CubeIDE_1.19.0/STM32CubeIDE/plugins/com.st.stm32cube.ide.mcu.externaltools.gnu-tools-for-stm32.13.3.rel1.win32_1.0.0.202411081344/tools/bin/../lib/gcc/arm-none-eabi/13.3.1/../../../../arm-none-eabi/lib/thumb/v7e-m+dp/hard\libc_nano.a(libc_a-findfp.o) (__sread)
C:/ST/STM32CubeIDE_1.19.0/STM32CubeIDE/plugins/com.st.stm32cube.ide.mcu.externaltools.gnu-tools-for-stm32.13.3.rel1.win32_1.0.0.202411081344/tools/bin/../lib/gcc/arm-none-eabi/13.3.1/../../../../arm-none-eabi/lib/thumb/v7e-m+dp/hard\libc_nano.a(libc_a-wbuf.o)
                              C:/ST/STM32CubeIDE_1.19.0/STM32CubeIDE/plugins/com.st.stm32cube.ide.mcu.externaltools.gnu-tools-for-stm32.13.3.rel1.win32_1.0.0.202411081344/tools/bin/../lib/gcc/arm-none-eabi/13.3.1/../../../../arm-none-eabi/lib/thumb/v7e-m+dp/hard\libc_nano.a(libc_a-puts.o) (__swbuf_r)
C:/ST/STM32CubeIDE_1.19.0/STM32CubeIDE/plugins/com.st.stm32cube.ide.mcu.externaltools.gnu-tools-for-stm32.13.3.rel1.win32_1.0.0.202411081344/tools/bin/../lib/gcc/arm-none-eabi/13.3.1/../../../../arm-none-eabi/lib/thumb/v7e-m+dp/hard\libc_nano.a(libc_a-wsetup.o)
                              C:/ST/STM32CubeIDE_1.19.0/STM32CubeIDE/plugins/com.st.stm32cube.ide.mcu.externaltools.gnu-tools-for-stm32.13.3.rel1.win32_1.0.0.202411081344/tools/bin/../lib/gcc/arm-none-eabi/13.3.1/../../../../arm-none-eabi/lib/thumb/v7e-m+dp/hard\libc_nano.a(libc_a-puts.o) (__swsetup_r)
C:/ST/STM32CubeIDE_1.19.0/STM32CubeIDE/plugins/com.st.stm32cube.ide.mcu.externaltools.gnu-tools-for-stm32.13.3.rel1.win32_1.0.0.202411081344/tools/bin/../lib/gcc/arm-none-eabi/13.3.1/../../../../arm-none-eabi/lib/thumb/v7e-m+dp/hard\libc_nano.a(libc_a-memset.o)
                              C:/ST/STM32CubeIDE_1.19.0/STM32CubeIDE/plugins/com.st.stm32cube.ide.mcu.externaltools.gnu-tools-for-stm32.13.3.rel1.win32_1.0.0.202411081344/tools/bin/../lib/gcc/arm-none-eabi/13.3.1/../../../../arm-none-eabi/lib/thumb/v7e-m+dp/hard/crt0.o (memset)
[...]
Memory Configuration

Name             Origin             Length             Attributes
ITCMRAM          0x00000000         0x00010000         xrw
DTCMRAM          0x20000000         0x00020000         xrw
FLASH            0x08000000         0x00100000         xr
RAM_D1           0x24000000         0x00050000         xrw
RAM_D2           0x30000000         0x00008000         xrw
RAM_D3           0x38000000         0x00004000         xrw
*default*        0x00000000         0xffffffff

Linker script and memory map

LOAD C:/ST/STM32CubeIDE_1.19.0/STM32CubeIDE/plugins/com.st.stm32cube.ide.mcu.externaltools.gnu-tools-for-stm32.13.3.rel1.win32_1.0.0.202411081344/tools/bin/../lib/gcc/arm-none-eabi/13.3.1/thumb/v7e-m+dp/hard/crti.o
LOAD C:/ST/STM32CubeIDE_1.19.0/STM32CubeIDE/plugins/com.st.stm32cube.ide.mcu.externaltools.gnu-tools-for-stm32.13.3.rel1.win32_1.0.0.202411081344/tools/bin/../lib/gcc/arm-none-eabi/13.3.1/thumb/v7e-m+dp/hard/crtbegin.o
LOAD C:/ST/STM32CubeIDE_1.19.0/STM32CubeIDE/plugins/com.st.stm32cube.ide.mcu.externaltools.gnu-tools-for-stm32.13.3.rel1.win32_1.0.0.202411081344/tools/bin/../lib/gcc/arm-none-eabi/13.3.1/../../../../arm-none-eabi/lib/thumb/v7e-m+dp/hard/crt0.o
LOAD ./Core/Inc/Fonts/font12.o
LOAD ./Core/Inc/Fonts/font16.o
LOAD ./Core/Inc/Fonts/font20.o
LOAD ./Core/Inc/Fonts/font24.o
LOAD ./Core/Inc/Fonts/font8.o
LOAD ./Core/Src/App/appLcdSpeedTest.o
LOAD ./Core/Src/App/beer_60x100_16.o
LOAD ./Core/Src/Lcd/lcd_io_spi_hal.o
LOAD ./Core/Src/Lcd/st7789.o
LOAD ./Core/Src/Lcd/stm32_adafruit_lcd.o
LOAD ./Core/Src/main.o
LOAD ./Core/Src/stm32h7xx_hal_msp.o
LOAD ./Core/Src/stm32h7xx_it.o
LOAD ./Core/Src/syscalls.o
LOAD ./Core/Src/sysmem.o
LOAD ./Core/Src/system_stm32h7xx.o
LOAD ./Core/Startup/startup_stm32h723zgtx.o
LOAD ./Drivers/BSP/STM32H7xx_Nucleo/stm32h7xx_nucleo.o
LOAD ./Drivers/STM32H7xx_HAL_Driver/Src/stm32h7xx_hal.o
LOAD ./Drivers/STM32H7xx_HAL_Driver/Src/stm32h7xx_hal_cortex.o
LOAD ./Drivers/STM32H7xx_HAL_Driver/Src/stm32h7xx_hal_dma.o
LOAD ./Drivers/STM32H7xx_HAL_Driver/Src/stm32h7xx_hal_dma_ex.o
LOAD ./Drivers/STM32H7xx_HAL_Driver/Src/stm32h7xx_hal_exti.o
LOAD ./Drivers/STM32H7xx_HAL_Driver/Src/stm32h7xx_hal_flash.o
LOAD ./Drivers/STM32H7xx_HAL_Driver/Src/stm32h7xx_hal_flash_ex.o
LOAD ./Drivers/STM32H7xx_HAL_Driver/Src/stm32h7xx_hal_gpio.o
LOAD ./Drivers/STM32H7xx_HAL_Driver/Src/stm32h7xx_hal_hsem.o
LOAD ./Drivers/STM32H7xx_HAL_Driver/Src/stm32h7xx_hal_i2c.o
LOAD ./Drivers/STM32H7xx_HAL_Driver/Src/stm32h7xx_hal_i2c_ex.o
LOAD ./Drivers/STM32H7xx_HAL_Driver/Src/stm32h7xx_hal_mdma.o
LOAD ./Drivers/STM32H7xx_HAL_Driver/Src/stm32h7xx_hal_pwr.o
LOAD ./Drivers/STM32H7xx_HAL_Driver/Src/stm32h7xx_hal_pwr_ex.o
LOAD ./Drivers/STM32H7xx_HAL_Driver/Src/stm32h7xx_hal_rcc.o
LOAD ./Drivers/STM32H7xx_HAL_Driver/Src/stm32h7xx_hal_rcc_ex.o
LOAD ./Drivers/STM32H7xx_HAL_Driver/Src/stm32h7xx_hal_spi.o
LOAD ./Drivers/STM32H7xx_HAL_Driver/Src/stm32h7xx_hal_spi_ex.o
LOAD ./Drivers/STM32H7xx_HAL_Driver/Src/stm32h7xx_hal_tim.o
LOAD ./Drivers/STM32H7xx_HAL_Driver/Src/stm32h7xx_hal_tim_ex.o
LOAD ./Drivers/STM32H7xx_HAL_Driver/Src/stm32h7xx_hal_uart.o
LOAD ./Drivers/STM32H7xx_HAL_Driver/Src/stm32h7xx_hal_uart_ex.o
LOAD ./Drivers/STM32H7xx_HAL_Driver/Src/stm32h7xx_hal_usart.o
LOAD ./Drivers/STM32H7xx_HAL_Driver/Src/stm32h7xx_hal_usart_ex.o
START GROUP
LOAD C:/ST/STM32CubeIDE_1.19.0/STM32CubeIDE/plugins/com.st.stm32cube.ide.mcu.externaltools.gnu-tools-for-stm32.13.3.rel1.win32_1.0.0.202411081344/tools/bin/../lib/gcc/arm-none-eabi/13.3.1/../../../../arm-none-eabi/lib/thumb/v7e-m+dp/hard\libc_nano.a
LOAD C:/ST/STM32CubeIDE_1.19.0/STM32CubeIDE/plugins/com.st.stm32cube.ide.mcu.externaltools.gnu-tools-for-stm32.13.3.rel1.win32_1.0.0.202411081344/tools/bin/../lib/gcc/arm-none-eabi/13.3.1/../../../../arm-none-eabi/lib/thumb/v7e-m+dp/hard\libm.a
END GROUP
START GROUP
LOAD C:/ST/STM32CubeIDE_1.19.0/STM32CubeIDE/plugins/com.st.stm32cube.ide.mcu.externaltools.gnu-tools-for-stm32.13.3.rel1.win32_1.0.0.202411081344/tools/bin/../lib/gcc/arm-none-eabi/13.3.1/thumb/v7e-m+dp/hard\libgcc.a
LOAD C:/ST/STM32CubeIDE_1.19.0/STM32CubeIDE/plugins/com.st.stm32cube.ide.mcu.externaltools.gnu-tools-for-stm32.13.3.rel1.win32_1.0.0.202411081344/tools/bin/../lib/gcc/arm-none-eabi/13.3.1/../../../../arm-none-eabi/lib/thumb/v7e-m+dp/hard\libc_nano.a
END GROUP
START GROUP
LOAD C:/ST/STM32CubeIDE_1.19.0/STM32CubeIDE/plugins/com.st.stm32cube.ide.mcu.externaltools.gnu-tools-for-stm32.13.3.rel1.win32_1.0.0.202411081344/tools/bin/../lib/gcc/arm-none-eabi/13.3.1/thumb/v7e-m+dp/hard\libgcc.a
LOAD C:/ST/STM32CubeIDE_1.19.0/STM32CubeIDE/plugins/com.st.stm32cube.ide.mcu.externaltools.gnu-tools-for-stm32.13.3.rel1.win32_1.0.0.202411081344/tools/bin/../lib/gcc/arm-none-eabi/13.3.1/../../../../arm-none-eabi/lib/thumb/v7e-m+dp/hard\libc_nano.a
LOAD C:/ST/STM32CubeIDE_1.19.0/STM32CubeIDE/plugins/com.st.stm32cube.ide.mcu.externaltools.gnu-tools-for-stm32.13.3.rel1.win32_1.0.0.202411081344/tools/bin/../lib/gcc/arm-none-eabi/13.3.1/../../../../arm-none-eabi/lib/thumb/v7e-m+dp/hard\libnosys.a
END GROUP
START GROUP
LOAD C:/ST/STM32CubeIDE_1.19.0/STM32CubeIDE/plugins/com.st.stm32cube.ide.mcu.externaltools.gnu-tools-for-stm32.13.3.rel1.win32_1.0.0.202411081344/tools/bin/../lib/gcc/arm-none-eabi/13.3.1/thumb/v7e-m+dp/hard\libgcc.a
LOAD C:/ST/STM32CubeIDE_1.19.0/STM32CubeIDE/plugins/com.st.stm32cube.ide.mcu.externaltools.gnu-tools-for-stm32.13.3.rel1.win32_1.0.0.202411081344/tools/bin/../lib/gcc/arm-none-eabi/13.3.1/../../../../arm-none-eabi/lib/thumb/v7e-m+dp/hard\libc_nano.a
LOAD C:/ST/STM32CubeIDE_1.19.0/STM32CubeIDE/plugins/com.st.stm32cube.ide.mcu.externaltools.gnu-tools-for-stm32.13.3.rel1.win32_1.0.0.202411081344/tools/bin/../lib/gcc/arm-none-eabi/13.3.1/../../../../arm-none-eabi/lib/thumb/v7e-m+dp/hard\libnosys.a
END GROUP
LOAD C:/ST/STM32CubeIDE_1.19.0/STM32CubeIDE/plugins/com.st.stm32cube.ide.mcu.externaltools.gnu-tools-for-stm32.13.3.rel1.win32_1.0.0.202411081344/tools/bin/../lib/gcc/arm-none-eabi/13.3.1/thumb/v7e-m+dp/hard/crtend.o
LOAD C:/ST/STM32CubeIDE_1.19.0/STM32CubeIDE/plugins/com.st.stm32cube.ide.mcu.externaltools.gnu-tools-for-stm32.13.3.rel1.win32_1.0.0.202411081344/tools/bin/../lib/gcc/arm-none-eabi/13.3.1/thumb/v7e-m+dp/hard/crtn.o
                0x24050000                        _estack = (ORIGIN (RAM_D1) + LENGTH (RAM_D1))
                0x00000200                        _Min_Heap_Size = 0x200
                0x00000400                        _Min_Stack_Size = 0x400

.isr_vector     0x08000000      0x2cc
                0x08000000                        . = ALIGN (0x4)
 *(.isr_vector)
 .isr_vector    0x08000000      0x2cc ./Core/Startup/startup_stm32h723zgtx.o
                0x08000000                g_pfnVectors
                0x080002cc                        . = ALIGN (0x4)

.text           0x080002d0     0x9db4
                0x080002d0                        . = ALIGN (0x4)
 *(.text)
 .text          0x080002d0       0x40 C:/ST/STM32CubeIDE_1.19.0/STM32CubeIDE/plugins/com.st.stm32cube.ide.mcu.externaltools.gnu-tools-for-stm32.13.3.rel1.win32_1.0.0.202411081344/tools/bin/../lib/gcc/arm-none-eabi/13.3.1/thumb/v7e-m+dp/hard/crtbegin.o
 .text          0x08000310       0xa0 C:/ST/STM32CubeIDE_1.19.0/STM32CubeIDE/plugins/com.st.stm32cube.ide.mcu.externaltools.gnu-tools-for-stm32.13.3.rel1.win32_1.0.0.202411081344/tools/bin/../lib/gcc/arm-none-eabi/13.3.1/../../../../arm-none-eabi/lib/thumb/v7e-m+dp/hard\libc_nano.a(libc_a-memchr.o)
                0x08000310                memchr
 .text          0x080003b0       0x30 C:/ST/STM32CubeIDE_1.19.0/STM32CubeIDE/plugins/com.st.stm32cube.ide.mcu.externaltools.gnu-tools-for-stm32.13.3.rel1.win32_1.0.0.202411081344/tools/bin/../lib/gcc/arm-none-eabi/13.3.1/thumb/v7e-m+dp/hard\libgcc.a(_aeabi_uldivmod.o)
                0x080003b0                __aeabi_uldivmod
 .text          0x080003e0      0x2f8 C:/ST/STM32CubeIDE_1.19.0/STM32CubeIDE/plugins/com.st.stm32cube.ide.mcu.externaltools.gnu-tools-for-stm32.13.3.rel1.win32_1.0.0.202411081344/tools/bin/../lib/gcc/arm-none-eabi/13.3.1/thumb/v7e-m+dp/hard\libgcc.a(_udivmoddi4.o)
                0x080003e0                __udivmoddi4
 .text          0x080006d8        0x4 C:/ST/STM32CubeIDE_1.19.0/STM32CubeIDE/plugins/com.st.stm32cube.ide.mcu.externaltools.gnu-tools-for-stm32.13.3.rel1.win32_1.0.0.202411081344/tools/bin/../lib/gcc/arm-none-eabi/13.3.1/thumb/v7e-m+dp/hard\libgcc.a(_dvmd_tls.o)
                0x080006d8                __aeabi_idiv0
                0x080006d8                __aeabi_ldiv0
 *(.text*)
 .text.ClearTest
                0x080006dc       0x3a ./Core/Src/App/appLcdSpeedTest.o
                0x080006dc                ClearTest
 .text.PixelTest
                0x08000716       0x76 ./Core/Src/App/appLcdSpeedTest.o
                0x08000716                PixelTest
 .text.LineTest
                0x0800078c       0xae ./Core/Src/App/appLcdSpeedTest.o
                0x0800078c                LineTest
 .text.FillRectTest
                0x0800083a       0xc2 ./Core/Src/App/appLcdSpeedTest.o
                0x0800083a                FillRectTest
 .text.CharTest
                0x080008fc      0x144 ./Core/Src/App/appLcdSpeedTest.o
                0x080008fc                CharTest
 .text.CircleTest
                0x08000a40       0xd8 ./Core/Src/App/appLcdSpeedTest.o
                0x08000a40                CircleTest
 .text.FillCircleTest
                0x08000b18       0xd8 ./Core/Src/App/appLcdSpeedTest.o
                0x08000b18                FillCircleTest
 .text.ColorTest
                0x08000bf0      0x110 ./Core/Src/App/appLcdSpeedTest.o
                0x08000bf0                ColorTest
 .text.BitmapTest
                0x08000d00       0x8c ./Core/Src/App/appLcdSpeedTest.o
                0x08000d00                BitmapTest
 .text.ScrollTest
                0x08000d8c      0x320 ./Core/Src/App/appLcdSpeedTest.o
                0x08000d8c                ScrollTest
 .text.ReadPixelTest
                0x080010ac      0x140 ./Core/Src/App/appLcdSpeedTest.o
                0x080010ac                ReadPixelTest
 .text.ReadImageTest
                0x080011ec      0x100 ./Core/Src/App/appLcdSpeedTest.o
                0x080011ec                ReadImageTest
 .text.mainApp  0x080012ec      0x2d4 ./Core/Src/App/appLcdSpeedTest.o
                0x080012ec                mainApp
 .text.LL_GPIO_SetPinMode
                0x080015c0       0x40 ./Core/Src/Lcd/lcd_io_spi_hal.o
 .text.LcdDirRead
                0x08001600       0x8c ./Core/Src/Lcd/lcd_io_spi_hal.o
                0x08001600                LcdDirRead
 .text.LcdDirWrite
                0x0800168c       0x38 ./Core/Src/Lcd/lcd_io_spi_hal.o
                0x0800168c                LcdDirWrite
 .text.LcdSpiMode8
                0x080016c4       0x2c ./Core/Src/Lcd/lcd_io_spi_hal.o
 .text.LcdSpiMode16
                0x080016f0       0x2c ./Core/Src/Lcd/lcd_io_spi_hal.o
 .text.LCDWriteFillMultiData8and16
                0x0800171c       0xbc ./Core/Src/Lcd/lcd_io_spi_hal.o
                0x0800171c                LCDWriteFillMultiData8and16
 .text.LCDWriteFillMultiData16to24
                0x080017d8       0xb8 ./Core/Src/Lcd/lcd_io_spi_hal.o
                0x080017d8                LCDWriteFillMultiData16to24
 .text.LCDReadMultiData8and16
                0x08001890       0x9c ./Core/Src/Lcd/lcd_io_spi_hal.o
                0x08001890                LCDReadMultiData8and16
 .text.LCDReadMultiData24to16
                0x0800192c       0x84 ./Core/Src/Lcd/lcd_io_spi_hal.o
                0x0800192c                LCDReadMultiData24to16
 .text.LCD_Delay
                0x080019b0       0x16 ./Core/Src/Lcd/lcd_io_spi_hal.o
                0x080019b0                LCD_Delay
 .text.LCD_IO_Bl_OnOff
                0x080019c6       0x16 ./Core/Src/Lcd/lcd_io_spi_hal.o
                0x080019c6                LCD_IO_Bl_OnOff
 .text.LCD_IO_Init
                0x080019dc       0x4c ./Core/Src/Lcd/lcd_io_spi_hal.o
                0x080019dc                LCD_IO_Init
 .text.LCD_IO_Transaction
                0x08001a28       0xe8 ./Core/Src/Lcd/lcd_io_spi_hal.o
                0x08001a28                LCD_IO_Transaction
 .text.st7789_DisplayOn
                0x08001b10       0x22 ./Core/Src/Lcd/st7789.o
                0x08001b10                st7789_DisplayOn
 .text.st7789_DisplayOff
                0x08001b32       0x22 ./Core/Src/Lcd/st7789.o
                0x08001b32                st7789_DisplayOff
 .text.st7789_GetLcdPixelWidth
                0x08001b54       0x12 ./Core/Src/Lcd/st7789.o
                0x08001b54                st7789_GetLcdPixelWidth
 .text.st7789_GetLcdPixelHeight
                0x08001b66       0x12 ./Core/Src/Lcd/st7789.o
                0x08001b66                st7789_GetLcdPixelHeight
 .text.st7789_ReadID
                0x08001b78       0x24 ./Core/Src/Lcd/st7789.o
                0x08001b78                st7789_ReadID
 .text.st7789_Init
                0x08001b9c      0x1dc ./Core/Src/Lcd/st7789.o
                0x08001b9c                st7789_Init
 .text.st7789_SetCursor
                0x08001d78       0x8c ./Core/Src/Lcd/st7789.o
                0x08001d78                st7789_SetCursor
 .text.st7789_WritePixel
                0x08001e04       0xec ./Core/Src/Lcd/st7789.o
                0x08001e04                st7789_WritePixel
 .text.st7789_ReadPixel
                0x08001ef0       0xec ./Core/Src/Lcd/st7789.o
                0x08001ef0                st7789_ReadPixel
 .text.st7789_SetDisplayWindow
                0x08001fdc       0xcc ./Core/Src/Lcd/st7789.o
                0x08001fdc                st7789_SetDisplayWindow
 .text.st7789_DrawHLine
                0x080020a8      0x104 ./Core/Src/Lcd/st7789.o
                0x080020a8                st7789_DrawHLine
 .text.st7789_DrawVLine
                0x080021ac      0x104 ./Core/Src/Lcd/st7789.o
                0x080021ac                st7789_DrawVLine
 .text.st7789_FillRect
                0x080022b0      0x118 ./Core/Src/Lcd/st7789.o
                0x080022b0                st7789_FillRect
 .text.st7789_DrawBitmap
                0x080023c8       0xf0 ./Core/Src/Lcd/st7789.o
                0x080023c8                st7789_DrawBitmap
 .text.st7789_DrawRGBImage
                0x080024b8       0x98 ./Core/Src/Lcd/st7789.o
                0x080024b8                st7789_DrawRGBImage
 .text.st7789_ReadRGBImage
                0x08002550       0x98 ./Core/Src/Lcd/st7789.o
                0x08002550                st7789_ReadRGBImage
 .text.st7789_Scroll
                0x080025e8      0x158 ./Core/Src/Lcd/st7789.o
                0x080025e8                st7789_Scroll
 .text.st7789_UserCommand
                0x08002740       0x8a ./Core/Src/Lcd/st7789.o
                0x08002740                st7789_UserCommand
 *fill*         0x080027ca        0x2 
 .text.BSP_LCD_Init
                0x080027cc       0x40 ./Core/Src/Lcd/stm32_adafruit_lcd.o
                0x080027cc                BSP_LCD_Init
 .text.BSP_LCD_GetXSize
                0x0800280c       0x18 ./Core/Src/Lcd/stm32_adafruit_lcd.o
                0x0800280c                BSP_LCD_GetXSize
 .text.BSP_LCD_GetYSize
                0x08002824       0x18 ./Core/Src/Lcd/stm32_adafruit_lcd.o
                0x08002824                BSP_LCD_GetYSize
 .text.BSP_LCD_SetTextColor
                0x0800283c       0x20 ./Core/Src/Lcd/stm32_adafruit_lcd.o
                0x0800283c                BSP_LCD_SetTextColor
 .text.BSP_LCD_SetBackColor
                0x0800285c       0x20 ./Core/Src/Lcd/stm32_adafruit_lcd.o
                0x0800285c                BSP_LCD_SetBackColor
 .text.BSP_LCD_SetFont
                0x0800287c       0x20 ./Core/Src/Lcd/stm32_adafruit_lcd.o
                0x0800287c                BSP_LCD_SetFont
 .text.BSP_LCD_GetFont
                0x0800289c       0x18 ./Core/Src/Lcd/stm32_adafruit_lcd.o
                0x0800289c                BSP_LCD_GetFont
 .text.BSP_LCD_Clear
                0x080028b4       0x3c ./Core/Src/Lcd/stm32_adafruit_lcd.o
                0x080028b4                BSP_LCD_Clear
 .text.BSP_LCD_DisplayChar
                0x080028f0       0x54 ./Core/Src/Lcd/stm32_adafruit_lcd.o
                0x080028f0                BSP_LCD_DisplayChar
 .text.BSP_LCD_DrawPixel
                0x08002944       0x2c ./Core/Src/Lcd/stm32_adafruit_lcd.o
                0x08002944                BSP_LCD_DrawPixel
 .text.BSP_LCD_DrawHLine
                0x08002970       0x38 ./Core/Src/Lcd/stm32_adafruit_lcd.o
                0x08002970                BSP_LCD_DrawHLine
 .text.BSP_LCD_DrawVLine
                0x080029a8       0x38 ./Core/Src/Lcd/stm32_adafruit_lcd.o
                0x080029a8                BSP_LCD_DrawVLine
 .text.BSP_LCD_DrawLine
                0x080029e0      0x188 ./Core/Src/Lcd/stm32_adafruit_lcd.o
                0x080029e0                BSP_LCD_DrawLine
 .text.BSP_LCD_DrawCircle
                0x08002b68      0x170 ./Core/Src/Lcd/stm32_adafruit_lcd.o
                0x08002b68                BSP_LCD_DrawCircle
 .text.BSP_LCD_DrawBitmap
                0x08002cd8       0x94 ./Core/Src/Lcd/stm32_adafruit_lcd.o
                0x08002cd8                BSP_LCD_DrawBitmap
 .text.BSP_LCD_FillRect
                0x08002d6c       0x48 ./Core/Src/Lcd/stm32_adafruit_lcd.o
                0x08002d6c                BSP_LCD_FillRect
 .text.BSP_LCD_FillCircle
                0x08002db4      0x118 ./Core/Src/Lcd/stm32_adafruit_lcd.o
                0x08002db4                BSP_LCD_FillCircle
 .text.BSP_LCD_DisplayOn
                0x08002ecc       0x14 ./Core/Src/Lcd/stm32_adafruit_lcd.o
                0x08002ecc                BSP_LCD_DisplayOn
 .text.BSP_LCD_DisplayOff
                0x08002ee0       0x14 ./Core/Src/Lcd/stm32_adafruit_lcd.o
                0x08002ee0                BSP_LCD_DisplayOff
 .text.DrawChar
                0x08002ef4      0x138 ./Core/Src/Lcd/stm32_adafruit_lcd.o
 .text.SetDisplayWindow
                0x0800302c       0x3c ./Core/Src/Lcd/stm32_adafruit_lcd.o
 .text.BSP_LCD_ReadID
                0x08003068       0x18 ./Core/Src/Lcd/stm32_adafruit_lcd.o
                0x08003068                BSP_LCD_ReadID
 .text.BSP_LCD_ReadPixel
                0x08003080       0x2c ./Core/Src/Lcd/stm32_adafruit_lcd.o
                0x08003080                BSP_LCD_ReadPixel
 .text.BSP_LCD_DrawRGB16Image
                0x080030ac       0x40 ./Core/Src/Lcd/stm32_adafruit_lcd.o
                0x080030ac                BSP_LCD_DrawRGB16Image
 .text.BSP_LCD_ReadRGB16Image
                0x080030ec       0x40 ./Core/Src/Lcd/stm32_adafruit_lcd.o
                0x080030ec                BSP_LCD_ReadRGB16Image
 .text.BSP_LCD_Scroll
                0x0800312c       0x30 ./Core/Src/Lcd/stm32_adafruit_lcd.o
                0x0800312c                BSP_LCD_Scroll
 .text.main     0x0800315c       0x70 ./Core/Src/main.o
                0x0800315c                main
 .text.SystemClock_Config
                0x080031cc       0xe0 ./Core/Src/main.o
                0x080031cc                SystemClock_Config
 .text.MX_SPI5_Init
                0x080032ac       0xa8 ./Core/Src/main.o
 .text.MX_GPIO_Init
                0x08003354       0xec ./Core/Src/main.o
 .text.MPU_Config
                0x08003440       0x58 ./Core/Src/main.o
 .text.Error_Handler
                0x08003498        0xc ./Core/Src/main.o
                0x08003498                Error_Handler
 .text.HAL_MspInit
                0x080034a4       0x34 ./Core/Src/stm32h7xx_hal_msp.o
                0x080034a4                HAL_MspInit
 .text.HAL_SPI_MspInit
                0x080034d8       0xd0 ./Core/Src/stm32h7xx_hal_msp.o
                0x080034d8                HAL_SPI_MspInit
 .text.NMI_Handler
                0x080035a8        0x8 ./Core/Src/stm32h7xx_it.o
                0x080035a8                NMI_Handler
 .text.HardFault_Handler
                0x080035b0        0x8 ./Core/Src/stm32h7xx_it.o
                0x080035b0                HardFault_Handler
 .text.MemManage_Handler
                0x080035b8        0x8 ./Core/Src/stm32h7xx_it.o
                0x080035b8                MemManage_Handler
 .text.BusFault_Handler
                0x080035c0        0x8 ./Core/Src/stm32h7xx_it.o
                0x080035c0                BusFault_Handler
 .text.UsageFault_Handler
                0x080035c8        0x8 ./Core/Src/stm32h7xx_it.o
                0x080035c8                UsageFault_Handler
 .text.SVC_Handler
                0x080035d0        0xe ./Core/Src/stm32h7xx_it.o
                0x080035d0                SVC_Handler
 .text.DebugMon_Handler
                0x080035de        0xe ./Core/Src/stm32h7xx_it.o
                0x080035de                DebugMon_Handler
 .text.PendSV_Handler
                0x080035ec        0xe ./Core/Src/stm32h7xx_it.o
                0x080035ec                PendSV_Handler
 .text.SysTick_Handler
                0x080035fa        0xc ./Core/Src/stm32h7xx_it.o
                0x080035fa                SysTick_Handler
 .text._getpid  0x08003606       0x10 ./Core/Src/syscalls.o
                0x08003606                _getpid
 .text._kill    0x08003616       0x20 ./Core/Src/syscalls.o
                0x08003616                _kill
 .text._exit    0x08003636       0x16 ./Core/Src/syscalls.o
                0x08003636                _exit
 .text._read    0x0800364c       0x3a ./Core/Src/syscalls.o
                0x0800364c                _read
 .text._write   0x08003686       0x38 ./Core/Src/syscalls.o
                0x08003686                _write
 .text._close   0x080036be       0x18 ./Core/Src/syscalls.o
                0x080036be                _close
 .text._fstat   0x080036d6       0x20 ./Core/Src/syscalls.o
                0x080036d6                _fstat
 .text._isatty  0x080036f6       0x16 ./Core/Src/syscalls.o
                0x080036f6                _isatty
 .text._lseek   0x0800370c       0x1a ./Core/Src/syscalls.o
                0x0800370c                _lseek
 *fill*         0x08003726        0x2 
 .text._sbrk    0x08003728       0x6c ./Core/Src/sysmem.o
                0x08003728                _sbrk
 .text.SystemInit
                0x08003794      0x120 ./Core/Src/system_stm32h7xx.o
                0x08003794                SystemInit
 .text.ExitRun0Mode
                0x080038b4       0x30 ./Core/Src/system_stm32h7xx.o
                0x080038b4                ExitRun0Mode
 .text.Reset_Handler
                0x080038e4       0x54 ./Core/Startup/startup_stm32h723zgtx.o
                0x080038e4                Reset_Handler
 .text.Default_Handler
                0x08003938        0x2 ./Core/Startup/startup_stm32h723zgtx.o
                0x08003938                RTC_Alarm_IRQHandler
                0x08003938                EXTI2_IRQHandler
                0x08003938                TIM8_CC_IRQHandler
                0x08003938                UART8_IRQHandler
                0x08003938                SPI4_IRQHandler
                0x08003938                FDCAN3_IT0_IRQHandler
                0x08003938                TIM1_CC_IRQHandler
                0x08003938                BDMA_Channel6_IRQHandler
                0x08003938                DMA2_Stream5_IRQHandler
                0x08003938                DMA1_Stream5_IRQHandler
                0x08003938                CORDIC_IRQHandler
                0x08003938                BDMA_Channel1_IRQHandler
                0x08003938                TAMP_STAMP_IRQHandler
                0x08003938                EXTI3_IRQHandler
                0x08003938                LPTIM4_IRQHandler
                0x08003938                TIM8_TRG_COM_TIM14_IRQHandler
                0x08003938                LPTIM2_IRQHandler
                0x08003938                DFSDM1_FLT1_IRQHandler
                0x08003938                DMAMUX2_OVR_IRQHandler
                0x08003938                TIM8_UP_TIM13_IRQHandler
                0x08003938                I2C3_ER_IRQHandler
                0x08003938                DFSDM1_FLT2_IRQHandler
                0x08003938                I2C5_EV_IRQHandler
                0x08003938                USART10_IRQHandler
                0x08003938                MDMA_IRQHandler
                0x08003938                LPTIM3_IRQHandler
                0x08003938                HSEM1_IRQHandler
                0x08003938                EXTI0_IRQHandler
                0x08003938                I2C2_EV_IRQHandler
                0x08003938                DMA1_Stream2_IRQHandler
                0x08003938                FPU_IRQHandler
                0x08003938                OTG_HS_WKUP_IRQHandler
                0x08003938                FDCAN1_IT1_IRQHandler
                0x08003938                LTDC_ER_IRQHandler
                0x08003938                DMA2_Stream2_IRQHandler
                0x08003938                SPI1_IRQHandler
                0x08003938                OCTOSPI1_IRQHandler
                0x08003938                TIM6_DAC_IRQHandler
                0x08003938                DMA2_Stream3_IRQHandler
                0x08003938                OCTOSPI2_IRQHandler
                0x08003938                DFSDM1_FLT3_IRQHandler
                0x08003938                TIM23_IRQHandler
                0x08003938                USART6_IRQHandler
                0x08003938                TIM17_IRQHandler
                0x08003938                USART3_IRQHandler
                0x08003938                BDMA_Channel7_IRQHandler
                0x08003938                LPTIM5_IRQHandler
                0x08003938                UART5_IRQHandler
                0x08003938                ADC3_IRQHandler
                0x08003938                DMA2_Stream0_IRQHandler
                0x08003938                TIM4_IRQHandler
                0x08003938                BDMA_Channel2_IRQHandler
                0x08003938                I2C1_EV_IRQHandler
                0x08003938                DMA1_Stream6_IRQHandler
                0x08003938                DMAMUX1_OVR_IRQHandler
                0x08003938                DMA1_Stream1_IRQHandler
                0x08003938                TIM16_IRQHandler
                0x08003938                UART4_IRQHandler
                0x08003938                BDMA_Channel5_IRQHandler
                0x08003938                TIM3_IRQHandler
                0x08003938                RCC_IRQHandler
                0x08003938                UART9_IRQHandler
                0x08003938                TIM8_BRK_TIM12_IRQHandler
                0x08003938                TIM1_TRG_COM_IRQHandler
                0x08003938                Default_Handler
                0x08003938                ECC_IRQHandler
                0x08003938                FMAC_IRQHandler
                0x08003938                CEC_IRQHandler
                0x08003938                EXTI15_10_IRQHandler
                0x08003938                BDMA_Channel0_IRQHandler
                0x08003938                ADC_IRQHandler
                0x08003938                I2C5_ER_IRQHandler
                0x08003938                DMA1_Stream7_IRQHandler
                0x08003938                SPI5_IRQHandler
                0x08003938                TIM7_IRQHandler
                0x08003938                FDCAN3_IT1_IRQHandler
                0x08003938                SDMMC1_IRQHandler
                0x08003938                TIM5_IRQHandler
                0x08003938                DMA2_Stream7_IRQHandler
                0x08003938                TIM15_IRQHandler
                0x08003938                PVD_AVD_IRQHandler
                0x08003938                I2C3_EV_IRQHandler
                0x08003938                EXTI9_5_IRQHandler
                0x08003938                RTC_WKUP_IRQHandler
                0x08003938                LTDC_IRQHandler
                0x08003938                ETH_WKUP_IRQHandler
                0x08003938                SPDIF_RX_IRQHandler
                0x08003938                SPI2_IRQHandler
                0x08003938                OTG_HS_EP1_IN_IRQHandler
                0x08003938                DMA1_Stream0_IRQHandler
                0x08003938                TIM24_IRQHandler
                0x08003938                CRS_IRQHandler
                0x08003938                EXTI4_IRQHandler
                0x08003938                RNG_IRQHandler
                0x08003938                FDCAN2_IT1_IRQHandler
                0x08003938                ETH_IRQHandler
                0x08003938                TIM1_UP_IRQHandler
                0x08003938                BDMA_Channel4_IRQHandler
                0x08003938                OTG_HS_EP1_OUT_IRQHandler
                0x08003938                WWDG_IRQHandler
                0x08003938                SPI6_IRQHandler
                0x08003938                MDIOS_IRQHandler
                0x08003938                I2C4_EV_IRQHandler
                0x08003938                FDCAN2_IT0_IRQHandler
                0x08003938                LPUART1_IRQHandler
                0x08003938                FDCAN1_IT0_IRQHandler
                0x08003938                TIM2_IRQHandler
                0x08003938                OTG_HS_IRQHandler
                0x08003938                DMA2D_IRQHandler
                0x08003938                TIM1_BRK_IRQHandler
                0x08003938                EXTI1_IRQHandler
                0x08003938                SDMMC2_IRQHandler
                0x08003938                BDMA_Channel3_IRQHandler
                0x08003938                DTS_IRQHandler
                0x08003938                UART7_IRQHandler
                0x08003938                MDIOS_WKUP_IRQHandler
                0x08003938                USART2_IRQHandler
                0x08003938                DFSDM1_FLT0_IRQHandler
                0x08003938                SAI4_IRQHandler
                0x08003938                I2C2_ER_IRQHandler
                0x08003938                DMA2_Stream1_IRQHandler
                0x08003938                FLASH_IRQHandler
                0x08003938                DMA2_Stream4_IRQHandler
                0x08003938                USART1_IRQHandler
                0x08003938                SPI3_IRQHandler
                0x08003938                WAKEUP_PIN_IRQHandler
                0x08003938                DMA1_Stream4_IRQHandler
                0x08003938                I2C1_ER_IRQHandler
                0x08003938                FMC_IRQHandler
                0x08003938                FDCAN_CAL_IRQHandler
                0x08003938                SWPMI1_IRQHandler
                0x08003938                COMP1_IRQHandler
                0x08003938                LPTIM1_IRQHandler
                0x08003938                DCMI_PSSI_IRQHandler
                0x08003938                I2C4_ER_IRQHandler
                0x08003938                DMA2_Stream6_IRQHandler
                0x08003938                SAI1_IRQHandler
                0x08003938                DMA1_Stream3_IRQHandler
 *fill*         0x0800393a        0x2 
 .text.BSP_LED_Init
                0x0800393c       0xec ./Drivers/BSP/STM32H7xx_Nucleo/stm32h7xx_nucleo.o
                0x0800393c                BSP_LED_Init
 .text.BSP_PB_Init
                0x08003a28       0xe4 ./Drivers/BSP/STM32H7xx_Nucleo/stm32h7xx_nucleo.o
                0x08003a28                BSP_PB_Init
 .text.BSP_PB_Callback
                0x08003b0c       0x16 ./Drivers/BSP/STM32H7xx_Nucleo/stm32h7xx_nucleo.o
                0x08003b0c                BSP_PB_Callback
 *fill*         0x08003b22        0x2 
 .text.BSP_COM_Init
                0x08003b24       0x60 ./Drivers/BSP/STM32H7xx_Nucleo/stm32h7xx_nucleo.o
                0x08003b24                BSP_COM_Init
 .text.MX_USART3_Init
                0x08003b84       0x64 ./Drivers/BSP/STM32H7xx_Nucleo/stm32h7xx_nucleo.o
                0x08003b84                MX_USART3_Init
 .text.__io_putchar
                0x08003be8       0x38 ./Drivers/BSP/STM32H7xx_Nucleo/stm32h7xx_nucleo.o
                0x08003be8                __io_putchar
 .text.BUTTON_USER_EXTI_Callback
                0x08003c20        0xe ./Drivers/BSP/STM32H7xx_Nucleo/stm32h7xx_nucleo.o
 *fill*         0x08003c2e        0x2 
 .text.COM1_MspInit
                0x08003c30       0xb0 ./Drivers/BSP/STM32H7xx_Nucleo/stm32h7xx_nucleo.o
 .text.HAL_Init
                0x08003ce0       0x78 ./Drivers/STM32H7xx_HAL_Driver/Src/stm32h7xx_hal.o
                0x08003ce0                HAL_Init
 .text.HAL_InitTick
                0x08003d58       0x6c ./Drivers/STM32H7xx_HAL_Driver/Src/stm32h7xx_hal.o
                0x08003d58                HAL_InitTick
 .text.HAL_IncTick
                0x08003dc4       0x28 ./Drivers/STM32H7xx_HAL_Driver/Src/stm32h7xx_hal.o
                0x08003dc4                HAL_IncTick
 .text.HAL_GetTick
                0x08003dec       0x18 ./Drivers/STM32H7xx_HAL_Driver/Src/stm32h7xx_hal.o
                0x08003dec                HAL_GetTick
 .text.HAL_Delay
                0x08003e04       0x48 ./Drivers/STM32H7xx_HAL_Driver/Src/stm32h7xx_hal.o
                0x08003e04                HAL_Delay
 .text.__NVIC_SetPriorityGrouping
                0x08003e4c       0x48 ./Drivers/STM32H7xx_HAL_Driver/Src/stm32h7xx_hal_cortex.o
 .text.__NVIC_GetPriorityGrouping
                0x08003e94       0x1c ./Drivers/STM32H7xx_HAL_Driver/Src/stm32h7xx_hal_cortex.o
 .text.__NVIC_EnableIRQ
                0x08003eb0       0x3c ./Drivers/STM32H7xx_HAL_Driver/Src/stm32h7xx_hal_cortex.o
 .text.__NVIC_SetPriority
                0x08003eec       0x54 ./Drivers/STM32H7xx_HAL_Driver/Src/stm32h7xx_hal_cortex.o
 .text.NVIC_EncodePriority
                0x08003f40       0x66 ./Drivers/STM32H7xx_HAL_Driver/Src/stm32h7xx_hal_cortex.o
 *fill*         0x08003fa6        0x2 
 .text.SysTick_Config
                0x08003fa8       0x44 ./Drivers/STM32H7xx_HAL_Driver/Src/stm32h7xx_hal_cortex.o
 .text.HAL_NVIC_SetPriorityGrouping
                0x08003fec       0x16 ./Drivers/STM32H7xx_HAL_Driver/Src/stm32h7xx_hal_cortex.o
                0x08003fec                HAL_NVIC_SetPriorityGrouping
 .text.HAL_NVIC_SetPriority
                0x08004002       0x34 ./Drivers/STM32H7xx_HAL_Driver/Src/stm32h7xx_hal_cortex.o
                0x08004002                HAL_NVIC_SetPriority
 .text.HAL_NVIC_EnableIRQ
                0x08004036       0x1c ./Drivers/STM32H7xx_HAL_Driver/Src/stm32h7xx_hal_cortex.o
                0x08004036                HAL_NVIC_EnableIRQ
 .text.HAL_SYSTICK_Config
                0x08004052       0x18 ./Drivers/STM32H7xx_HAL_Driver/Src/stm32h7xx_hal_cortex.o
                0x08004052                HAL_SYSTICK_Config
 *fill*         0x0800406a        0x2 
 .text.HAL_MPU_Disable
                0x0800406c       0x30 ./Drivers/STM32H7xx_HAL_Driver/Src/stm32h7xx_hal_cortex.o
                0x0800406c                HAL_MPU_Disable
 .text.HAL_MPU_Enable
                0x0800409c       0x40 ./Drivers/STM32H7xx_HAL_Driver/Src/stm32h7xx_hal_cortex.o
                0x0800409c                HAL_MPU_Enable
 .text.HAL_MPU_ConfigRegion
                0x080040dc       0x80 ./Drivers/STM32H7xx_HAL_Driver/Src/stm32h7xx_hal_cortex.o
                0x080040dc                HAL_MPU_ConfigRegion
 .text.HAL_EXTI_RegisterCallback
                0x0800415c       0x3e ./Drivers/STM32H7xx_HAL_Driver/Src/stm32h7xx_hal_exti.o
                0x0800415c                HAL_EXTI_RegisterCallback
 .text.HAL_EXTI_GetHandle
                0x0800419a       0x28 ./Drivers/STM32H7xx_HAL_Driver/Src/stm32h7xx_hal_exti.o
                0x0800419a                HAL_EXTI_GetHandle
 *fill*         0x080041c2        0x2 
 .text.HAL_GPIO_Init
                0x080041c4      0x350 ./Drivers/STM32H7xx_HAL_Driver/Src/stm32h7xx_hal_gpio.o
                0x080041c4                HAL_GPIO_Init
 .text.HAL_GPIO_WritePin
                0x08004514       0x32 ./Drivers/STM32H7xx_HAL_Driver/Src/stm32h7xx_hal_gpio.o
                0x08004514                HAL_GPIO_WritePin
 *fill*         0x08004546        0x2 
 .text.HAL_PWREx_ConfigSupply
                0x08004548       0x74 ./Drivers/STM32H7xx_HAL_Driver/Src/stm32h7xx_hal_pwr_ex.o
                0x08004548                HAL_PWREx_ConfigSupply
 .text.HAL_RCC_OscConfig
                0x080045bc      0x7b4 ./Drivers/STM32H7xx_HAL_Driver/Src/stm32h7xx_hal_rcc.o
                0x080045bc                HAL_RCC_OscConfig
 .text.HAL_RCC_ClockConfig
                0x08004d70      0x36c ./Drivers/STM32H7xx_HAL_Driver/Src/stm32h7xx_hal_rcc.o
                0x08004d70                HAL_RCC_ClockConfig
 .text.HAL_RCC_GetSysClockFreq
                0x080050dc      0x2f4 ./Drivers/STM32H7xx_HAL_Driver/Src/stm32h7xx_hal_rcc.o
                0x080050dc                HAL_RCC_GetSysClockFreq
 .text.HAL_RCC_GetHCLKFreq
                0x080053d0       0x60 ./Drivers/STM32H7xx_HAL_Driver/Src/stm32h7xx_hal_rcc.o
                0x080053d0                HAL_RCC_GetHCLKFreq
 .text.HAL_RCC_GetPCLK1Freq
                0x08005430       0x2c ./Drivers/STM32H7xx_HAL_Driver/Src/stm32h7xx_hal_rcc.o
                0x08005430                HAL_RCC_GetPCLK1Freq
 .text.HAL_RCC_GetPCLK2Freq
                0x0800545c       0x2c ./Drivers/STM32H7xx_HAL_Driver/Src/stm32h7xx_hal_rcc.o
                0x0800545c                HAL_RCC_GetPCLK2Freq
 .text.HAL_RCCEx_PeriphCLKConfig
                0x08005488     0x1340 ./Drivers/STM32H7xx_HAL_Driver/Src/stm32h7xx_hal_rcc_ex.o
                0x08005488                HAL_RCCEx_PeriphCLKConfig
 .text.HAL_RCCEx_GetD3PCLK1Freq
                0x080067c8       0x2c ./Drivers/STM32H7xx_HAL_Driver/Src/stm32h7xx_hal_rcc_ex.o
                0x080067c8                HAL_RCCEx_GetD3PCLK1Freq
 .text.HAL_RCCEx_GetPLL2ClockFreq
                0x080067f4      0x2a8 ./Drivers/STM32H7xx_HAL_Driver/Src/stm32h7xx_hal_rcc_ex.o
                0x080067f4                HAL_RCCEx_GetPLL2ClockFreq
 .text.HAL_RCCEx_GetPLL3ClockFreq
                0x08006a9c      0x2a8 ./Drivers/STM32H7xx_HAL_Driver/Src/stm32h7xx_hal_rcc_ex.o
                0x08006a9c                HAL_RCCEx_GetPLL3ClockFreq
 .text.RCCEx_PLL2_Config
                0x08006d44      0x164 ./Drivers/STM32H7xx_HAL_Driver/Src/stm32h7xx_hal_rcc_ex.o
 .text.RCCEx_PLL3_Config
                0x08006ea8      0x164 ./Drivers/STM32H7xx_HAL_Driver/Src/stm32h7xx_hal_rcc_ex.o
 .text.HAL_SPI_Init
                0x0800700c      0x248 ./Drivers/STM32H7xx_HAL_Driver/Src/stm32h7xx_hal_spi.o
                0x0800700c                HAL_SPI_Init
 .text.HAL_SPI_Transmit
                0x08007254      0x3dc ./Drivers/STM32H7xx_HAL_Driver/Src/stm32h7xx_hal_spi.o
                0x08007254                HAL_SPI_Transmit
 .text.HAL_SPI_Receive
                0x08007630      0x4e4 ./Drivers/STM32H7xx_HAL_Driver/Src/stm32h7xx_hal_spi.o
                0x08007630                HAL_SPI_Receive
 .text.SPI_CloseTransfer
                0x08007b14      0x140 ./Drivers/STM32H7xx_HAL_Driver/Src/stm32h7xx_hal_spi.o
 .text.SPI_WaitOnFlagUntilTimeout
                0x08007c54       0x5c ./Drivers/STM32H7xx_HAL_Driver/Src/stm32h7xx_hal_spi.o
 .text.SPI_GetPacketSize
                0x08007cb0       0x36 ./Drivers/STM32H7xx_HAL_Driver/Src/stm32h7xx_hal_spi.o
 .text.HAL_UART_Init
                0x08007ce6       0xa0 ./Drivers/STM32H7xx_HAL_Driver/Src/stm32h7xx_hal_uart.o
                0x08007ce6                HAL_UART_Init
 .text.HAL_UART_MspInit
                0x08007d86       0x14 ./Drivers/STM32H7xx_HAL_Driver/Src/stm32h7xx_hal_uart.o
                0x08007d86                HAL_UART_MspInit
 .text.HAL_UART_Transmit
                0x08007d9a      0x11c ./Drivers/STM32H7xx_HAL_Driver/Src/stm32h7xx_hal_uart.o
                0x08007d9a                HAL_UART_Transmit
 *fill*         0x08007eb6        0x2 
 .text.UART_SetConfig
                0x08007eb8      0xcd8 ./Drivers/STM32H7xx_HAL_Driver/Src/stm32h7xx_hal_uart.o
                0x08007eb8                UART_SetConfig
 .text.UART_AdvFeatureConfig
                0x08008b90      0x144 ./Drivers/STM32H7xx_HAL_Driver/Src/stm32h7xx_hal_uart.o
                0x08008b90                UART_AdvFeatureConfig
 .text.UART_CheckIdleState
                0x08008cd4      0x154 ./Drivers/STM32H7xx_HAL_Driver/Src/stm32h7xx_hal_uart.o
                0x08008cd4                UART_CheckIdleState
 .text.UART_WaitOnFlagUntilTimeout
                0x08008e28       0xda ./Drivers/STM32H7xx_HAL_Driver/Src/stm32h7xx_hal_uart.o
                0x08008e28                UART_WaitOnFlagUntilTimeout
 *fill*         0x08008f02        0x2 
 .text.UART_EndRxTransfer
                0x08008f04       0xcc ./Drivers/STM32H7xx_HAL_Driver/Src/stm32h7xx_hal_uart.o
 .text.random   0x08008fd0       0x7c C:/ST/STM32CubeIDE_1.19.0/STM32CubeIDE/plugins/com.st.stm32cube.ide.mcu.externaltools.gnu-tools-for-stm32.13.3.rel1.win32_1.0.0.202411081344/tools/bin/../lib/gcc/arm-none-eabi/13.3.1/../../../../arm-none-eabi/lib/thumb/v7e-m+dp/hard\libc_nano.a(libc_a-random.o)
                0x08008fd0                random
 .text.std      0x0800904c       0x6c C:/ST/STM32CubeIDE_1.19.0/STM32CubeIDE/plugins/com.st.stm32cube.ide.mcu.externaltools.gnu-tools-for-stm32.13.3.rel1.win32_1.0.0.202411081344/tools/bin/../lib/gcc/arm-none-eabi/13.3.1/../../../../arm-none-eabi/lib/thumb/v7e-m+dp/hard\libc_nano.a(libc_a-findfp.o)
 .text.stdio_exit_handler
                0x080090b8       0x18 C:/ST/STM32CubeIDE_1.19.0/STM32CubeIDE/plugins/com.st.stm32cube.ide.mcu.externaltools.gnu-tools-for-stm32.13.3.rel1.win32_1.0.0.202411081344/tools/bin/../lib/gcc/arm-none-eabi/13.3.1/../../../../arm-none-eabi/lib/thumb/v7e-m+dp/hard\libc_nano.a(libc_a-findfp.o)
 .text.cleanup_stdio
                0x080090d0       0x40 C:/ST/STM32CubeIDE_1.19.0/STM32CubeIDE/plugins/com.st.stm32cube.ide.mcu.externaltools.gnu-tools-for-stm32.13.3.rel1.win32_1.0.0.202411081344/tools/bin/../lib/gcc/arm-none-eabi/13.3.1/../../../../arm-none-eabi/lib/thumb/v7e-m+dp/hard\libc_nano.a(libc_a-findfp.o)
 .text.global_stdio_init.part.0
                0x08009110       0x3c C:/ST/STM32CubeIDE_1.19.0/STM32CubeIDE/plugins/com.st.stm32cube.ide.mcu.externaltools.gnu-tools-for-stm32.13.3.rel1.win32_1.0.0.202411081344/tools/bin/../lib/gcc/arm-none-eabi/13.3.1/../../../../arm-none-eabi/lib/thumb/v7e-m+dp/hard\libc_nano.a(libc_a-findfp.o)
 .text.__sfp_lock_acquire
                0x0800914c        0xc C:/ST/STM32CubeIDE_1.19.0/STM32CubeIDE/plugins/com.st.stm32cube.ide.mcu.externaltools.gnu-tools-for-stm32.13.3.rel1.win32_1.0.0.202411081344/tools/bin/../lib/gcc/arm-none-eabi/13.3.1/../../../../arm-none-eabi/lib/thumb/v7e-m+dp/hard\libc_nano.a(libc_a-findfp.o)
                0x0800914c                __sfp_lock_acquire
 .text.__sfp_lock_release
                0x08009158        0xc C:/ST/STM32CubeIDE_1.19.0/STM32CubeIDE/plugins/com.st.stm32cube.ide.mcu.externaltools.gnu-tools-for-stm32.13.3.rel1.win32_1.0.0.202411081344/tools/bin/../lib/gcc/arm-none-eabi/13.3.1/../../../../arm-none-eabi/lib/thumb/v7e-m+dp/hard\libc_nano.a(libc_a-findfp.o)
                0x08009158                __sfp_lock_release
 .text.__sinit  0x08009164       0x30 C:/ST/STM32CubeIDE_1.19.0/STM32CubeIDE/plugins/com.st.stm32cube.ide.mcu.externaltools.gnu-tools-for-stm32.13.3.rel1.win32_1.0.0.202411081344/tools/bin/../lib/gcc/arm-none-eabi/13.3.1/../../../../arm-none-eabi/lib/thumb/v7e-m+dp/hard\libc_nano.a(libc_a-findfp.o)
                0x08009164                __sinit
 .text._fwalk_sglue
                0x08009194       0x3c C:/ST/STM32CubeIDE_1.19.0/STM32CubeIDE/plugins/com.st.stm32cube.ide.mcu.externaltools.gnu-tools-for-stm32.13.3.rel1.win32_1.0.0.202411081344/tools/bin/../lib/gcc/arm-none-eabi/13.3.1/../../../../arm-none-eabi/lib/thumb/v7e-m+dp/hard\libc_nano.a(libc_a-fwalk.o)
                0x08009194                _fwalk_sglue
 .text.printf   0x080091d0       0x24 C:/ST/STM32CubeIDE_1.19.0/STM32CubeIDE/plugins/com.st.stm32cube.ide.mcu.externaltools.gnu-tools-for-stm32.13.3.rel1.win32_1.0.0.202411081344/tools/bin/../lib/gcc/arm-none-eabi/13.3.1/../../../../arm-none-eabi/lib/thumb/v7e-m+dp/hard\libc_nano.a(libc_a-printf.o)
                0x080091d0                iprintf
                0x080091d0                printf
 .text._puts_r  0x080091f4       0xaa C:/ST/STM32CubeIDE_1.19.0/STM32CubeIDE/plugins/com.st.stm32cube.ide.mcu.externaltools.gnu-tools-for-stm32.13.3.rel1.win32_1.0.0.202411081344/tools/bin/../lib/gcc/arm-none-eabi/13.3.1/../../../../arm-none-eabi/lib/thumb/v7e-m+dp/hard\libc_nano.a(libc_a-puts.o)
                0x080091f4                _puts_r
 *fill*         0x0800929e        0x2 
 .text.puts     0x080092a0       0x10 C:/ST/STM32CubeIDE_1.19.0/STM32CubeIDE/plugins/com.st.stm32cube.ide.mcu.externaltools.gnu-tools-for-stm32.13.3.rel1.win32_1.0.0.202411081344/tools/bin/../lib/gcc/arm-none-eabi/13.3.1/../../../../arm-none-eabi/lib/thumb/v7e-m+dp/hard\libc_nano.a(libc_a-puts.o)
                0x080092a0                puts
 .text.__sread  0x080092b0       0x22 C:/ST/STM32CubeIDE_1.19.0/STM32CubeIDE/plugins/com.st.stm32cube.ide.mcu.externaltools.gnu-tools-for-stm32.13.3.rel1.win32_1.0.0.202411081344/tools/bin/../lib/gcc/arm-none-eabi/13.3.1/../../../../arm-none-eabi/lib/thumb/v7e-m+dp/hard\libc_nano.a(libc_a-stdio.o)
                0x080092b0                __sread
 .text.__swrite
                0x080092d2       0x38 C:/ST/STM32CubeIDE_1.19.0/STM32CubeIDE/plugins/com.st.stm32cube.ide.mcu.externaltools.gnu-tools-for-stm32.13.3.rel1.win32_1.0.0.202411081344/tools/bin/../lib/gcc/arm-none-eabi/13.3.1/../../../../arm-none-eabi/lib/thumb/v7e-m+dp/hard\libc_nano.a(libc_a-stdio.o)
                0x080092d2                __swrite
 .text.__sseek  0x0800930a       0x24 C:/ST/STM32CubeIDE_1.19.0/STM32CubeIDE/plugins/com.st.stm32cube.ide.mcu.externaltools.gnu-tools-for-stm32.13.3.rel1.win32_1.0.0.202411081344/tools/bin/../lib/gcc/arm-none-eabi/13.3.1/../../../../arm-none-eabi/lib/thumb/v7e-m+dp/hard\libc_nano.a(libc_a-stdio.o)
                0x0800930a                __sseek
 .text.__sclose
                0x0800932e        0x8 C:/ST/STM32CubeIDE_1.19.0/STM32CubeIDE/plugins/com.st.stm32cube.ide.mcu.externaltools.gnu-tools-for-stm32.13.3.rel1.win32_1.0.0.202411081344/tools/bin/../lib/gcc/arm-none-eabi/13.3.1/../../../../arm-none-eabi/lib/thumb/v7e-m+dp/hard\libc_nano.a(libc_a-stdio.o)
                0x0800932e                __sclose
 .text.__swbuf_r
                0x08009336       0x7c C:/ST/STM32CubeIDE_1.19.0/STM32CubeIDE/plugins/com.st.stm32cube.ide.mcu.externaltools.gnu-tools-for-stm32.13.3.rel1.win32_1.0.0.202411081344/tools/bin/../lib/gcc/arm-none-eabi/13.3.1/../../../../arm-none-eabi/lib/thumb/v7e-m+dp/hard\libc_nano.a(libc_a-wbuf.o)
                0x08009336                __swbuf_r
 *fill*         0x080093b2        0x2 
 .text.__swsetup_r
                0x080093b4       0xac C:/ST/STM32CubeIDE_1.19.0/STM32CubeIDE/plugins/com.st.stm32cube.ide.mcu.externaltools.gnu-tools-for-stm32.13.3.rel1.win32_1.0.0.202411081344/tools/bin/../lib/gcc/arm-none-eabi/13.3.1/../../../../arm-none-eabi/lib/thumb/v7e-m+dp/hard\libc_nano.a(libc_a-wsetup.o)
                0x080093b4                __swsetup_r
 .text.memset   0x08009460       0x10 C:/ST/STM32CubeIDE_1.19.0/STM32CubeIDE/plugins/com.st.stm32cube.ide.mcu.externaltools.gnu-tools-for-stm32.13.3.rel1.win32_1.0.0.202411081344/tools/bin/../lib/gcc/arm-none-eabi/13.3.1/../../../../arm-none-eabi/lib/thumb/v7e-m+dp/hard\libc_nano.a(libc_a-memset.o)
                0x08009460                memset
 .text._close_r
                0x08009470       0x20 C:/ST/STM32CubeIDE_1.19.0/STM32CubeIDE/plugins/com.st.stm32cube.ide.mcu.externaltools.gnu-tools-for-stm32.13.3.rel1.win32_1.0.0.202411081344/tools/bin/../lib/gcc/arm-none-eabi/13.3.1/../../../../arm-none-eabi/lib/thumb/v7e-m+dp/hard\libc_nano.a(libc_a-closer.o)
                0x08009470                _close_r
 .text._lseek_r
                0x08009490       0x24 C:/ST/STM32CubeIDE_1.19.0/STM32CubeIDE/plugins/com.st.stm32cube.ide.mcu.externaltools.gnu-tools-for-stm32.13.3.rel1.win32_1.0.0.202411081344/tools/bin/../lib/gcc/arm-none-eabi/13.3.1/../../../../arm-none-eabi/lib/thumb/v7e-m+dp/hard\libc_nano.a(libc_a-lseekr.o)
                0x08009490                _lseek_r
 .text._read_r  0x080094b4       0x24 C:/ST/STM32CubeIDE_1.19.0/STM32CubeIDE/plugins/com.st.stm32cube.ide.mcu.externaltools.gnu-tools-for-stm32.13.3.rel1.win32_1.0.0.202411081344/tools/bin/../lib/gcc/arm-none-eabi/13.3.1/../../../../arm-none-eabi/lib/thumb/v7e-m+dp/hard\libc_nano.a(libc_a-readr.o)
                0x080094b4                _read_r
 .text._write_r
                0x080094d8       0x24 C:/ST/STM32CubeIDE_1.19.0/STM32CubeIDE/plugins/com.st.stm32cube.ide.mcu.externaltools.gnu-tools-for-stm32.13.3.rel1.win32_1.0.0.202411081344/tools/bin/../lib/gcc/arm-none-eabi/13.3.1/../../../../arm-none-eabi/lib/thumb/v7e-m+dp/hard\libc_nano.a(libc_a-writer.o)
                0x080094d8                _write_r
 .text.__errno  0x080094fc        0xc C:/ST/STM32CubeIDE_1.19.0/STM32CubeIDE/plugins/com.st.stm32cube.ide.mcu.externaltools.gnu-tools-for-stm32.13.3.rel1.win32_1.0.0.202411081344/tools/bin/../lib/gcc/arm-none-eabi/13.3.1/../../../../arm-none-eabi/lib/thumb/v7e-m+dp/hard\libc_nano.a(libc_a-errno.o)
                0x080094fc                __errno
 .text.__libc_init_array
                0x08009508       0x48 C:/ST/STM32CubeIDE_1.19.0/STM32CubeIDE/plugins/com.st.stm32cube.ide.mcu.externaltools.gnu-tools-for-stm32.13.3.rel1.win32_1.0.0.202411081344/tools/bin/../lib/gcc/arm-none-eabi/13.3.1/../../../../arm-none-eabi/lib/thumb/v7e-m+dp/hard\libc_nano.a(libc_a-init.o)
                0x08009508                __libc_init_array
 .text.__retarget_lock_init_recursive
                0x08009550        0x2 C:/ST/STM32CubeIDE_1.19.0/STM32CubeIDE/plugins/com.st.stm32cube.ide.mcu.externaltools.gnu-tools-for-stm32.13.3.rel1.win32_1.0.0.202411081344/tools/bin/../lib/gcc/arm-none-eabi/13.3.1/../../../../arm-none-eabi/lib/thumb/v7e-m+dp/hard\libc_nano.a(libc_a-lock.o)
                0x08009550                __retarget_lock_init_recursive
 .text.__retarget_lock_acquire_recursive
                0x08009552        0x2 C:/ST/STM32CubeIDE_1.19.0/STM32CubeIDE/plugins/com.st.stm32cube.ide.mcu.externaltools.gnu-tools-for-stm32.13.3.rel1.win32_1.0.0.202411081344/tools/bin/../lib/gcc/arm-none-eabi/13.3.1/../../../../arm-none-eabi/lib/thumb/v7e-m+dp/hard\libc_nano.a(libc_a-lock.o)
                0x08009552                __retarget_lock_acquire_recursive
 .text.__retarget_lock_release_recursive
                0x08009554        0x2 C:/ST/STM32CubeIDE_1.19.0/STM32CubeIDE/plugins/com.st.stm32cube.ide.mcu.externaltools.gnu-tools-for-stm32.13.3.rel1.win32_1.0.0.202411081344/tools/bin/../lib/gcc/arm-none-eabi/13.3.1/../../../../arm-none-eabi/lib/thumb/v7e-m+dp/hard\libc_nano.a(libc_a-lock.o)
                0x08009554                __retarget_lock_release_recursive
 *fill*         0x08009556        0x2 
 .text.__assert_func
                0x08009558       0x3c C:/ST/STM32CubeIDE_1.19.0/STM32CubeIDE/plugins/com.st.stm32cube.ide.mcu.externaltools.gnu-tools-for-stm32.13.3.rel1.win32_1.0.0.202411081344/tools/bin/../lib/gcc/arm-none-eabi/13.3.1/../../../../arm-none-eabi/lib/thumb/v7e-m+dp/hard\libc_nano.a(libc_a-assert.o)
                0x08009558                __assert_func
 .text._free_r  0x08009594       0x94 C:/ST/STM32CubeIDE_1.19.0/STM32CubeIDE/plugins/com.st.stm32cube.ide.mcu.externaltools.gnu-tools-for-stm32.13.3.rel1.win32_1.0.0.202411081344/tools/bin/../lib/gcc/arm-none-eabi/13.3.1/../../../../arm-none-eabi/lib/thumb/v7e-m+dp/hard\libc_nano.a(libc_a-freer.o)
                0x08009594                _free_r
 .text.malloc   0x08009628       0x10 C:/ST/STM32CubeIDE_1.19.0/STM32CubeIDE/plugins/com.st.stm32cube.ide.mcu.externaltools.gnu-tools-for-stm32.13.3.rel1.win32_1.0.0.202411081344/tools/bin/../lib/gcc/arm-none-eabi/13.3.1/../../../../arm-none-eabi/lib/thumb/v7e-m+dp/hard\libc_nano.a(libc_a-malloc.o)
                0x08009628                malloc
 .text.sbrk_aligned
                0x08009638       0x44 C:/ST/STM32CubeIDE_1.19.0/STM32CubeIDE/plugins/com.st.stm32cube.ide.mcu.externaltools.gnu-tools-for-stm32.13.3.rel1.win32_1.0.0.202411081344/tools/bin/../lib/gcc/arm-none-eabi/13.3.1/../../../../arm-none-eabi/lib/thumb/v7e-m+dp/hard\libc_nano.a(libc_a-mallocr.o)
 .text._malloc_r
                0x0800967c      0x100 C:/ST/STM32CubeIDE_1.19.0/STM32CubeIDE/plugins/com.st.stm32cube.ide.mcu.externaltools.gnu-tools-for-stm32.13.3.rel1.win32_1.0.0.202411081344/tools/bin/../lib/gcc/arm-none-eabi/13.3.1/../../../../arm-none-eabi/lib/thumb/v7e-m+dp/hard\libc_nano.a(libc_a-mallocr.o)
                0x0800967c                _malloc_r
 .text.__malloc_lock
                0x0800977c        0xc C:/ST/STM32CubeIDE_1.19.0/STM32CubeIDE/plugins/com.st.stm32cube.ide.mcu.externaltools.gnu-tools-for-stm32.13.3.rel1.win32_1.0.0.202411081344/tools/bin/../lib/gcc/arm-none-eabi/13.3.1/../../../../arm-none-eabi/lib/thumb/v7e-m+dp/hard\libc_nano.a(libc_a-mlock.o)
                0x0800977c                __malloc_lock
 .text.__malloc_unlock
                0x08009788        0xc C:/ST/STM32CubeIDE_1.19.0/STM32CubeIDE/plugins/com.st.stm32cube.ide.mcu.externaltools.gnu-tools-for-stm32.13.3.rel1.win32_1.0.0.202411081344/tools/bin/../lib/gcc/arm-none-eabi/13.3.1/../../../../arm-none-eabi/lib/thumb/v7e-m+dp/hard\libc_nano.a(libc_a-mlock.o)
                0x08009788                __malloc_unlock
 .text.__sfputc_r
                0x08009794       0x2e C:/ST/STM32CubeIDE_1.19.0/STM32CubeIDE/plugins/com.st.stm32cube.ide.mcu.externaltools.gnu-tools-for-stm32.13.3.rel1.win32_1.0.0.202411081344/tools/bin/../lib/gcc/arm-none-eabi/13.3.1/../../../../arm-none-eabi/lib/thumb/v7e-m+dp/hard\libc_nano.a(libc_a-nano-vfprintf.o)
 .text.__sfputs_r
                0x080097c2       0x24 C:/ST/STM32CubeIDE_1.19.0/STM32CubeIDE/plugins/com.st.stm32cube.ide.mcu.externaltools.gnu-tools-for-stm32.13.3.rel1.win32_1.0.0.202411081344/tools/bin/../lib/gcc/arm-none-eabi/13.3.1/../../../../arm-none-eabi/lib/thumb/v7e-m+dp/hard\libc_nano.a(libc_a-nano-vfprintf.o)
                0x080097c2                __sfputs_r
 *fill*         0x080097e6        0x2 
 .text._vfprintf_r
                0x080097e8      0x230 C:/ST/STM32CubeIDE_1.19.0/STM32CubeIDE/plugins/com.st.stm32cube.ide.mcu.externaltools.gnu-tools-for-stm32.13.3.rel1.win32_1.0.0.202411081344/tools/bin/../lib/gcc/arm-none-eabi/13.3.1/../../../../arm-none-eabi/lib/thumb/v7e-m+dp/hard\libc_nano.a(libc_a-nano-vfprintf.o)
                0x080097e8                _vfprintf_r
                0x080097e8                _vfiprintf_r
 .text._printf_common
                0x08009a18       0xda C:/ST/STM32CubeIDE_1.19.0/STM32CubeIDE/plugins/com.st.stm32cube.ide.mcu.externaltools.gnu-tools-for-stm32.13.3.rel1.win32_1.0.0.202411081344/tools/bin/../lib/gcc/arm-none-eabi/13.3.1/../../../../arm-none-eabi/lib/thumb/v7e-m+dp/hard\libc_nano.a(libc_a-nano-vfprintf_i.o)
                0x08009a18                _printf_common
 *fill*         0x08009af2        0x2 
 .text._printf_i
                0x08009af4      0x23c C:/ST/STM32CubeIDE_1.19.0/STM32CubeIDE/plugins/com.st.stm32cube.ide.mcu.externaltools.gnu-tools-for-stm32.13.3.rel1.win32_1.0.0.202411081344/tools/bin/../lib/gcc/arm-none-eabi/13.3.1/../../../../arm-none-eabi/lib/thumb/v7e-m+dp/hard\libc_nano.a(libc_a-nano-vfprintf_i.o)
                0x08009af4                _printf_i
 .text.__sflush_r
                0x08009d30      0x108 C:/ST/STM32CubeIDE_1.19.0/STM32CubeIDE/plugins/com.st.stm32cube.ide.mcu.externaltools.gnu-tools-for-stm32.13.3.rel1.win32_1.0.0.202411081344/tools/bin/../lib/gcc/arm-none-eabi/13.3.1/../../../../arm-none-eabi/lib/thumb/v7e-m+dp/hard\libc_nano.a(libc_a-fflush.o)
                0x08009d30                __sflush_r
 .text._fflush_r
                0x08009e38       0x50 C:/ST/STM32CubeIDE_1.19.0/STM32CubeIDE/plugins/com.st.stm32cube.ide.mcu.externaltools.gnu-tools-for-stm32.13.3.rel1.win32_1.0.0.202411081344/tools/bin/../lib/gcc/arm-none-eabi/13.3.1/../../../../arm-none-eabi/lib/thumb/v7e-m+dp/hard\libc_nano.a(libc_a-fflush.o)
                0x08009e38                _fflush_r
 .text.fprintf  0x08009e88       0x24 C:/ST/STM32CubeIDE_1.19.0/STM32CubeIDE/plugins/com.st.stm32cube.ide.mcu.externaltools.gnu-tools-for-stm32.13.3.rel1.win32_1.0.0.202411081344/tools/bin/../lib/gcc/arm-none-eabi/13.3.1/../../../../arm-none-eabi/lib/thumb/v7e-m+dp/hard\libc_nano.a(libc_a-fprintf.o)
                0x08009e88                fiprintf
                0x08009e88                fprintf
 .text.__swhatbuf_r
                0x08009eac       0x4c C:/ST/STM32CubeIDE_1.19.0/STM32CubeIDE/plugins/com.st.stm32cube.ide.mcu.externaltools.gnu-tools-for-stm32.13.3.rel1.win32_1.0.0.202411081344/tools/bin/../lib/gcc/arm-none-eabi/13.3.1/../../../../arm-none-eabi/lib/thumb/v7e-m+dp/hard\libc_nano.a(libc_a-makebuf.o)
                0x08009eac                __swhatbuf_r
 .text.__smakebuf_r
                0x08009ef8       0x78 C:/ST/STM32CubeIDE_1.19.0/STM32CubeIDE/plugins/com.st.stm32cube.ide.mcu.externaltools.gnu-tools-for-stm32.13.3.rel1.win32_1.0.0.202411081344/tools/bin/../lib/gcc/arm-none-eabi/13.3.1/../../../../arm-none-eabi/lib/thumb/v7e-m+dp/hard\libc_nano.a(libc_a-makebuf.o)
                0x08009ef8                __smakebuf_r
 .text._fstat_r
                0x08009f70       0x24 C:/ST/STM32CubeIDE_1.19.0/STM32CubeIDE/plugins/com.st.stm32cube.ide.mcu.externaltools.gnu-tools-for-stm32.13.3.rel1.win32_1.0.0.202411081344/tools/bin/../lib/gcc/arm-none-eabi/13.3.1/../../../../arm-none-eabi/lib/thumb/v7e-m+dp/hard\libc_nano.a(libc_a-fstatr.o)
                0x08009f70                _fstat_r
 .text._isatty_r
                0x08009f94       0x20 C:/ST/STM32CubeIDE_1.19.0/STM32CubeIDE/plugins/com.st.stm32cube.ide.mcu.externaltools.gnu-tools-for-stm32.13.3.rel1.win32_1.0.0.202411081344/tools/bin/../lib/gcc/arm-none-eabi/13.3.1/../../../../arm-none-eabi/lib/thumb/v7e-m+dp/hard\libc_nano.a(libc_a-isattyr.o)
                0x08009f94                _isatty_r
 .text._sbrk_r  0x08009fb4       0x20 C:/ST/STM32CubeIDE_1.19.0/STM32CubeIDE/plugins/com.st.stm32cube.ide.mcu.externaltools.gnu-tools-for-stm32.13.3.rel1.win32_1.0.0.202411081344/tools/bin/../lib/gcc/arm-none-eabi/13.3.1/../../../../arm-none-eabi/lib/thumb/v7e-m+dp/hard\libc_nano.a(libc_a-sbrkr.o)
                0x08009fb4                _sbrk_r
 .text.abort    0x08009fd4        0xe C:/ST/STM32CubeIDE_1.19.0/STM32CubeIDE/plugins/com.st.stm32cube.ide.mcu.externaltools.gnu-tools-for-stm32.13.3.rel1.win32_1.0.0.202411081344/tools/bin/../lib/gcc/arm-none-eabi/13.3.1/../../../../arm-none-eabi/lib/thumb/v7e-m+dp/hard\libc_nano.a(libc_a-abort.o)
                0x08009fd4                abort
 .text._raise_r
                0x08009fe2       0x50 C:/ST/STM32CubeIDE_1.19.0/STM32CubeIDE/plugins/com.st.stm32cube.ide.mcu.externaltools.gnu-tools-for-stm32.13.3.rel1.win32_1.0.0.202411081344/tools/bin/../lib/gcc/arm-none-eabi/13.3.1/../../../../arm-none-eabi/lib/thumb/v7e-m+dp/hard\libc_nano.a(libc_a-signal.o)
                0x08009fe2                _raise_r
 *fill*         0x0800a032        0x2 
 .text.raise    0x0800a034       0x10 C:/ST/STM32CubeIDE_1.19.0/STM32CubeIDE/plugins/com.st.stm32cube.ide.mcu.externaltools.gnu-tools-for-stm32.13.3.rel1.win32_1.0.0.202411081344/tools/bin/../lib/gcc/arm-none-eabi/13.3.1/../../../../arm-none-eabi/lib/thumb/v7e-m+dp/hard\libc_nano.a(libc_a-signal.o)
                0x0800a034                raise
 .text._kill_r  0x0800a044       0x24 C:/ST/STM32CubeIDE_1.19.0/STM32CubeIDE/plugins/com.st.stm32cube.ide.mcu.externaltools.gnu-tools-for-stm32.13.3.rel1.win32_1.0.0.202411081344/tools/bin/../lib/gcc/arm-none-eabi/13.3.1/../../../../arm-none-eabi/lib/thumb/v7e-m+dp/hard\libc_nano.a(libc_a-signalr.o)
                0x0800a044                _kill_r
 .text._getpid_r
                0x0800a068        0x4 C:/ST/STM32CubeIDE_1.19.0/STM32CubeIDE/plugins/com.st.stm32cube.ide.mcu.externaltools.gnu-tools-for-stm32.13.3.rel1.win32_1.0.0.202411081344/tools/bin/../lib/gcc/arm-none-eabi/13.3.1/../../../../arm-none-eabi/lib/thumb/v7e-m+dp/hard\libc_nano.a(libc_a-signalr.o)
                0x0800a068                _getpid_r
 *(.glue_7)
 .glue_7        0x0800a06c        0x0 linker stubs
 *(.glue_7t)
 .glue_7t       0x0800a06c        0x0 linker stubs
 *(.eh_frame)
 .eh_frame      0x0800a06c        0x0 C:/ST/STM32CubeIDE_1.19.0/STM32CubeIDE/plugins/com.st.stm32cube.ide.mcu.externaltools.gnu-tools-for-stm32.13.3.rel1.win32_1.0.0.202411081344/tools/bin/../lib/gcc/arm-none-eabi/13.3.1/thumb/v7e-m+dp/hard/crtbegin.o
 *(.init)
 .init          0x0800a06c        0x4 C:/ST/STM32CubeIDE_1.19.0/STM32CubeIDE/plugins/com.st.stm32cube.ide.mcu.externaltools.gnu-tools-for-stm32.13.3.rel1.win32_1.0.0.202411081344/tools/bin/../lib/gcc/arm-none-eabi/13.3.1/thumb/v7e-m+dp/hard/crti.o
                0x0800a06c                _init
 .init          0x0800a070        0x8 C:/ST/STM32CubeIDE_1.19.0/STM32CubeIDE/plugins/com.st.stm32cube.ide.mcu.externaltools.gnu-tools-for-stm32.13.3.rel1.win32_1.0.0.202411081344/tools/bin/../lib/gcc/arm-none-eabi/13.3.1/thumb/v7e-m+dp/hard/crtn.o
 *(.fini)
 .fini          0x0800a078        0x4 C:/ST/STM32CubeIDE_1.19.0/STM32CubeIDE/plugins/com.st.stm32cube.ide.mcu.externaltools.gnu-tools-for-stm32.13.3.rel1.win32_1.0.0.202411081344/tools/bin/../lib/gcc/arm-none-eabi/13.3.1/thumb/v7e-m+dp/hard/crti.o
                0x0800a078                _fini
 .fini          0x0800a07c        0x8 C:/ST/STM32CubeIDE_1.19.0/STM32CubeIDE/plugins/com.st.stm32cube.ide.mcu.externaltools.gnu-tools-for-stm32.13.3.rel1.win32_1.0.0.202411081344/tools/bin/../lib/gcc/arm-none-eabi/13.3.1/thumb/v7e-m+dp/hard/crtn.o
                0x0800a084                        . = ALIGN (0x4)
                0x0800a084                        _etext = .

.vfp11_veneer   0x0800a084        0x0
 .vfp11_veneer  0x0800a084        0x0 linker stubs

.v4_bx          0x0800a084        0x0
 .v4_bx         0x0800a084        0x0 linker stubs

.iplt           0x0800a084        0x0
 .iplt          0x0800a084        0x0 C:/ST/STM32CubeIDE_1.19.0/STM32CubeIDE/plugins/com.st.stm32cube.ide.mcu.externaltools.gnu-tools-for-stm32.13.3.rel1.win32_1.0.0.202411081344/tools/bin/../lib/gcc/arm-none-eabi/13.3.1/thumb/v7e-m+dp/hard/crtbegin.o

.rodata         0x0800a088     0x6f44
                0x0800a088                        . = ALIGN (0x4)
 *(.rodata)
 .rodata        0x0800a088      0x1de ./Core/Src/App/appLcdSpeedTest.o
 *fill*         0x0800a266        0x2 
 .rodata        0x0800a268       0x56 ./Core/Src/Lcd/st7789.o
 *(.rodata*)
 *fill*         0x0800a2be        0x2 
 .rodata.Font12_Table
                0x0800a2c0      0x474 ./Core/Inc/Fonts/font12.o
                0x0800a2c0                Font12_Table
 .rodata.Font16_Table
                0x0800a734      0xbe0 ./Core/Inc/Fonts/font16.o
                0x0800a734                Font16_Table
 .rodata.Font20_Table
                0x0800b314      0xed8 ./Core/Inc/Fonts/font20.o
                0x0800b314                Font20_Table
 .rodata.Font24_Table
                0x0800c1ec     0x1ab8 ./Core/Inc/Fonts/font24.o
                0x0800c1ec                Font24_Table
 .rodata.Font8_Table
                0x0800dca4      0x2f8 ./Core/Inc/Fonts/font8.o
                0x0800dca4                Font8_Table
 *fill*         0x0800df9c        0x4 
 .rodata.beer_60x100_16
                0x0800dfa0     0x2f16 ./Core/Src/App/beer_60x100_16.o
                0x0800dfa0                beer_60x100_16
 .rodata.EntryRightThenUp
                0x08010eb6        0x1 ./Core/Src/Lcd/st7789.o
                0x08010eb6                EntryRightThenUp
 .rodata.EntryRightThenDown
                0x08010eb7        0x1 ./Core/Src/Lcd/st7789.o
                0x08010eb7                EntryRightThenDown
 .rodata.D1CorePrescTable
                0x08010eb8       0x10 ./Core/Src/system_stm32h7xx.o
                0x08010eb8                D1CorePrescTable
 .rodata.LED_PIN
                0x08010ec8        0x6 ./Drivers/BSP/STM32H7xx_Nucleo/stm32h7xx_nucleo.o
 *fill*         0x08010ece        0x2 
 .rodata.BUTTON_EXTI_LINE.2
                0x08010ed0        0x4 ./Drivers/BSP/STM32H7xx_Nucleo/stm32h7xx_nucleo.o
 .rodata.UARTPrescTable
                0x08010ed4       0x18 ./Drivers/STM32H7xx_HAL_Driver/Src/stm32h7xx_hal_uart.o
                0x08010ed4                UARTPrescTable
 .rodata.srandom.str1.1
                0x08010eec       0xe0 C:/ST/STM32CubeIDE_1.19.0/STM32CubeIDE/plugins/com.st.stm32cube.ide.mcu.externaltools.gnu-tools-for-stm32.13.3.rel1.win32_1.0.0.202411081344/tools/bin/../lib/gcc/arm-none-eabi/13.3.1/../../../../arm-none-eabi/lib/thumb/v7e-m+dp/hard\libc_nano.a(libc_a-random.o)
                                 0x71 (size before relaxing)
 .rodata.__assert_func.str1.1
                0x08010fcc       0x3d C:/ST/STM32CubeIDE_1.19.0/STM32CubeIDE/plugins/com.st.stm32cube.ide.mcu.externaltools.gnu-tools-for-stm32.13.3.rel1.win32_1.0.0.202411081344/tools/bin/../lib/gcc/arm-none-eabi/13.3.1/../../../../arm-none-eabi/lib/thumb/v7e-m+dp/hard\libc_nano.a(libc_a-assert.o)
 .rodata._vfprintf_r.str1.1
                0x08010fcc       0x11 C:/ST/STM32CubeIDE_1.19.0/STM32CubeIDE/plugins/com.st.stm32cube.ide.mcu.externaltools.gnu-tools-for-stm32.13.3.rel1.win32_1.0.0.202411081344/tools/bin/../lib/gcc/arm-none-eabi/13.3.1/../../../../arm-none-eabi/lib/thumb/v7e-m+dp/hard\libc_nano.a(libc_a-nano-vfprintf.o)
 .rodata._printf_i.str1.1
                0x08010fcc       0x22 C:/ST/STM32CubeIDE_1.19.0/STM32CubeIDE/plugins/com.st.stm32cube.ide.mcu.externaltools.gnu-tools-for-stm32.13.3.rel1.win32_1.0.0.202411081344/tools/bin/../lib/gcc/arm-none-eabi/13.3.1/../../../../arm-none-eabi/lib/thumb/v7e-m+dp/hard\libc_nano.a(libc_a-nano-vfprintf_i.o)
                0x0801100c                        . = ALIGN (0x4)

.ARM.extab
 *(.ARM.extab* .gnu.linkonce.armextab.*)

.ARM            0x08010fcc        0x8
                0x08010fcc                        __exidx_start = .
 *(.ARM.exidx*)
 .ARM.exidx     0x08010fcc        0x8 C:/ST/STM32CubeIDE_1.19.0/STM32CubeIDE/plugins/com.st.stm32cube.ide.mcu.externaltools.gnu-tools-for-stm32.13.3.rel1.win32_1.0.0.202411081344/tools/bin/../lib/gcc/arm-none-eabi/13.3.1/../../../../arm-none-eabi/lib/thumb/v7e-m+dp/hard\libc_nano.a(libc_a-memchr.o)
 .ARM.exidx     0x08010fd4        0x0 C:/ST/STM32CubeIDE_1.19.0/STM32CubeIDE/plugins/com.st.stm32cube.ide.mcu.externaltools.gnu-tools-for-stm32.13.3.rel1.win32_1.0.0.202411081344/tools/bin/../lib/gcc/arm-none-eabi/13.3.1/thumb/v7e-m+dp/hard\libgcc.a(_udivmoddi4.o)
                                  0x8 (size before relaxing)
                0x08010fd4                        __exidx_end = .

.preinit_array  0x08010fd4        0x0
                0x08010fd4                        PROVIDE (__preinit_array_start = .)
 *(.preinit_array*)
                0x08010fd4                        PROVIDE (__preinit_array_end = .)

.init_array     0x08010fd4        0x4
                0x08010fd4                        PROVIDE (__init_array_start = .)
 *(SORT_BY_NAME(.init_array.*))
 *(.init_array*)
 .init_array    0x08010fd4        0x4 C:/ST/STM32CubeIDE_1.19.0/STM32CubeIDE/plugins/com.st.stm32cube.ide.mcu.externaltools.gnu-tools-for-stm32.13.3.rel1.win32_1.0.0.202411081344/tools/bin/../lib/gcc/arm-none-eabi/13.3.1/thumb/v7e-m+dp/hard/crtbegin.o
                0x08010fd8                        PROVIDE (__init_array_end = .)

.fini_array     0x08010fd8        0x4
                [!provide]                        PROVIDE (__fini_array_start = .)
 *(SORT_BY_NAME(.fini_array.*))
 *(.fini_array*)
 .fini_array    0x08010fd8        0x4 C:/ST/STM32CubeIDE_1.19.0/STM32CubeIDE/plugins/com.st.stm32cube.ide.mcu.externaltools.gnu-tools-for-stm32.13.3.rel1.win32_1.0.0.202411081344/tools/bin/../lib/gcc/arm-none-eabi/13.3.1/thumb/v7e-m+dp/hard/crtbegin.o
                [!provide]                        PROVIDE (__fini_array_end = .)
                0x08010fdc                        _sidata = LOADADDR (.data)

.rel.dyn        0x08010fdc        0x0
 .rel.iplt      0x08010fdc        0x0 C:/ST/STM32CubeIDE_1.19.0/STM32CubeIDE/plugins/com.st.stm32cube.ide.mcu.externaltools.gnu-tools-for-stm32.13.3.rel1.win32_1.0.0.202411081344/tools/bin/../lib/gcc/arm-none-eabi/13.3.1/thumb/v7e-m+dp/hard/crtbegin.o

.data           0x24000000      0x100 load address 0x08010fdc
                0x24000000                        . = ALIGN (0x4)
                0x24000000                        _sdata = .
 *(.data)
 *(.data*)
 .data.Font12   0x24000000        0x8 ./Core/Inc/Fonts/font12.o
                0x24000000                Font12
 .data.Font16   0x24000008        0x8 ./Core/Inc/Fonts/font16.o
                0x24000008                Font16
 .data.Font20   0x24000010        0x8 ./Core/Inc/Fonts/font20.o
                0x24000010                Font20
 .data.Font24   0x24000018        0x8 ./Core/Inc/Fonts/font24.o
                0x24000018                Font24
 .data.Font8    0x24000020        0x8 ./Core/Inc/Fonts/font8.o
                0x24000020                Font8
 .data.st7789_drv
                0x24000028       0x48 ./Core/Src/Lcd/st7789.o
                0x24000028                st7789_drv
 .data.lcd_drv  0x24000070        0x4 ./Core/Src/Lcd/st7789.o
                0x24000070                lcd_drv
 .data.LastEntry
                0x24000074        0x1 ./Core/Src/Lcd/st7789.o
                0x24000074                LastEntry
 *fill*         0x24000075        0x3 
 .data.SystemCoreClock
                0x24000078        0x4 ./Core/Src/system_stm32h7xx.o
                0x24000078                SystemCoreClock
 .data.SystemD2Clock
                0x2400007c        0x4 ./Core/Src/system_stm32h7xx.o
                0x2400007c                SystemD2Clock
 .data.COM_USART
                0x24000080        0x4 ./Drivers/BSP/STM32H7xx_Nucleo/stm32h7xx_nucleo.o
                0x24000080                COM_USART
 .data.LED_PORT
                0x24000084        0xc ./Drivers/BSP/STM32H7xx_Nucleo/stm32h7xx_nucleo.o
 .data.BUTTON_PORT
                0x24000090        0x4 ./Drivers/BSP/STM32H7xx_Nucleo/stm32h7xx_nucleo.o
 .data.ButtonCallback.1
                0x24000094        0x4 ./Drivers/BSP/STM32H7xx_Nucleo/stm32h7xx_nucleo.o
 .data.BSP_BUTTON_PRIO.0
                0x24000098        0x4 ./Drivers/BSP/STM32H7xx_Nucleo/stm32h7xx_nucleo.o
 .data.uwTickPrio
                0x2400009c        0x4 ./Drivers/STM32H7xx_HAL_Driver/Src/stm32h7xx_hal.o
                0x2400009c                uwTickPrio
 .data.uwTickFreq
                0x240000a0        0x1 ./Drivers/STM32H7xx_HAL_Driver/Src/stm32h7xx_hal.o
                0x240000a0                uwTickFreq
 *fill*         0x240000a1        0x3 
 .data.__sglue  0x240000a4        0xc C:/ST/STM32CubeIDE_1.19.0/STM32CubeIDE/plugins/com.st.stm32cube.ide.mcu.externaltools.gnu-tools-for-stm32.13.3.rel1.win32_1.0.0.202411081344/tools/bin/../lib/gcc/arm-none-eabi/13.3.1/../../../../arm-none-eabi/lib/thumb/v7e-m+dp/hard\libc_nano.a(libc_a-findfp.o)
                0x240000a4                __sglue
 .data._impure_ptr
                0x240000b0        0x4 C:/ST/STM32CubeIDE_1.19.0/STM32CubeIDE/plugins/com.st.stm32cube.ide.mcu.externaltools.gnu-tools-for-stm32.13.3.rel1.win32_1.0.0.202411081344/tools/bin/../lib/gcc/arm-none-eabi/13.3.1/../../../../arm-none-eabi/lib/thumb/v7e-m+dp/hard\libc_nano.a(libc_a-impure.o)
                0x240000b0                _impure_ptr
 .data._impure_data
                0x240000b4       0x4c C:/ST/STM32CubeIDE_1.19.0/STM32CubeIDE/plugins/com.st.stm32cube.ide.mcu.externaltools.gnu-tools-for-stm32.13.3.rel1.win32_1.0.0.202411081344/tools/bin/../lib/gcc/arm-none-eabi/13.3.1/../../../../arm-none-eabi/lib/thumb/v7e-m+dp/hard\libc_nano.a(libc_a-impure.o)
                0x240000b4                _impure_data
 *(.RamFunc)
 *(.RamFunc*)
                0x24000100                        . = ALIGN (0x4)
                0x24000100                        _edata = .

.igot.plt       0x24000100        0x0 load address 0x080110dc
 .igot.plt      0x24000100        0x0 C:/ST/STM32CubeIDE_1.19.0/STM32CubeIDE/plugins/com.st.stm32cube.ide.mcu.externaltools.gnu-tools-for-stm32.13.3.rel1.win32_1.0.0.202411081344/tools/bin/../lib/gcc/arm-none-eabi/13.3.1/thumb/v7e-m+dp/hard/crtbegin.o
                0x24000100                        . = ALIGN (0x4)

.bss            0x24000100     0x34f8 load address 0x080110dc
                0x24000100                        _sbss = .
                0x24000100                        __bss_start__ = _sbss
 *(.bss)
 .bss           0x24000100       0x1c C:/ST/STM32CubeIDE_1.19.0/STM32CubeIDE/plugins/com.st.stm32cube.ide.mcu.externaltools.gnu-tools-for-stm32.13.3.rel1.win32_1.0.0.202411081344/tools/bin/../lib/gcc/arm-none-eabi/13.3.1/thumb/v7e-m+dp/hard/crtbegin.o
 *(.bss*)
 .bss.bitmap    0x2400011c     0x2ee0 ./Core/Src/App/appLcdSpeedTest.o
                0x2400011c                bitmap
 .bss.dmastatus
                0x24002ffc       0x18 ./Core/Src/Lcd/lcd_io_spi_hal.o
                0x24002ffc                dmastatus
 .bss.transdata
                0x24003014        0x4 ./Core/Src/Lcd/st7789.o
                0x24003014                transdata
 .bss.Is_st7789_Initialized
                0x24003018        0x1 ./Core/Src/Lcd/st7789.o
 *fill*         0x24003019        0x1 
 .bss.yStart    0x2400301a        0x2 ./Core/Src/Lcd/st7789.o
 .bss.yEnd      0x2400301c        0x2 ./Core/Src/Lcd/st7789.o
 .bss.lastdir   0x2400301e        0x1 ./Core/Src/Lcd/st7789.o
                0x2400301e                lastdir
 *fill*         0x2400301f        0x1 
 .bss.scrparam.0
                0x24003020        0x8 ./Core/Src/Lcd/st7789.o
 .bss.DrawProp  0x24003028        0xc ./Core/Src/Lcd/stm32_adafruit_lcd.o
                0x24003028                DrawProp
 .bss.bitmap    0x24003034      0x336 ./Core/Src/Lcd/stm32_adafruit_lcd.o
 *fill*         0x2400336a        0x2 
 .bss.BspCOMInit
                0x2400336c       0x10 ./Core/Src/main.o
                0x2400336c                BspCOMInit
 .bss.hspi5     0x2400337c       0x88 ./Core/Src/main.o
                0x2400337c                hspi5
 .bss.__sbrk_heap_end
                0x24003404        0x4 ./Core/Src/sysmem.o
 .bss.hpb_exti  0x24003408        0x8 ./Drivers/BSP/STM32H7xx_Nucleo/stm32h7xx_nucleo.o
                0x24003408                hpb_exti
 .bss.hcom_uart
                0x24003410       0x94 ./Drivers/BSP/STM32H7xx_Nucleo/stm32h7xx_nucleo.o
                0x24003410                hcom_uart
 .bss.COM_ActiveLogPort
                0x240034a4        0x1 ./Drivers/BSP/STM32H7xx_Nucleo/stm32h7xx_nucleo.o
 *fill*         0x240034a5        0x3 
 .bss.uwTick    0x240034a8        0x4 ./Drivers/STM32H7xx_HAL_Driver/Src/stm32h7xx_hal.o
                0x240034a8                uwTick
 .bss.__sf      0x240034ac      0x138 C:/ST/STM32CubeIDE_1.19.0/STM32CubeIDE/plugins/com.st.stm32cube.ide.mcu.externaltools.gnu-tools-for-stm32.13.3.rel1.win32_1.0.0.202411081344/tools/bin/../lib/gcc/arm-none-eabi/13.3.1/../../../../arm-none-eabi/lib/thumb/v7e-m+dp/hard\libc_nano.a(libc_a-findfp.o)
                0x240034ac                __sf
 .bss.__stdio_exit_handler
                0x240035e4        0x4 C:/ST/STM32CubeIDE_1.19.0/STM32CubeIDE/plugins/com.st.stm32cube.ide.mcu.externaltools.gnu-tools-for-stm32.13.3.rel1.win32_1.0.0.202411081344/tools/bin/../lib/gcc/arm-none-eabi/13.3.1/../../../../arm-none-eabi/lib/thumb/v7e-m+dp/hard\libc_nano.a(libc_a-findfp.o)
                0x240035e4                __stdio_exit_handler
 .bss.errno     0x240035e8        0x4 C:/ST/STM32CubeIDE_1.19.0/STM32CubeIDE/plugins/com.st.stm32cube.ide.mcu.externaltools.gnu-tools-for-stm32.13.3.rel1.win32_1.0.0.202411081344/tools/bin/../lib/gcc/arm-none-eabi/13.3.1/../../../../arm-none-eabi/lib/thumb/v7e-m+dp/hard\libc_nano.a(libc_a-reent.o)
                0x240035e8                errno
 .bss.__lock___malloc_recursive_mutex
                0x240035ec        0x1 C:/ST/STM32CubeIDE_1.19.0/STM32CubeIDE/plugins/com.st.stm32cube.ide.mcu.externaltools.gnu-tools-for-stm32.13.3.rel1.win32_1.0.0.202411081344/tools/bin/../lib/gcc/arm-none-eabi/13.3.1/../../../../arm-none-eabi/lib/thumb/v7e-m+dp/hard\libc_nano.a(libc_a-lock.o)
                0x240035ec                __lock___malloc_recursive_mutex
 .bss.__lock___sfp_recursive_mutex
                0x240035ed        0x1 C:/ST/STM32CubeIDE_1.19.0/STM32CubeIDE/plugins/com.st.stm32cube.ide.mcu.externaltools.gnu-tools-for-stm32.13.3.rel1.win32_1.0.0.202411081344/tools/bin/../lib/gcc/arm-none-eabi/13.3.1/../../../../arm-none-eabi/lib/thumb/v7e-m+dp/hard\libc_nano.a(libc_a-lock.o)
                0x240035ed                __lock___sfp_recursive_mutex
 *fill*         0x240035ee        0x2 
 .bss.__malloc_sbrk_start
                0x240035f0        0x4 C:/ST/STM32CubeIDE_1.19.0/STM32CubeIDE/plugins/com.st.stm32cube.ide.mcu.externaltools.gnu-tools-for-stm32.13.3.rel1.win32_1.0.0.202411081344/tools/bin/../lib/gcc/arm-none-eabi/13.3.1/../../../../arm-none-eabi/lib/thumb/v7e-m+dp/hard\libc_nano.a(libc_a-mallocr.o)
                0x240035f0                __malloc_sbrk_start
 .bss.__malloc_free_list
                0x240035f4        0x4 C:/ST/STM32CubeIDE_1.19.0/STM32CubeIDE/plugins/com.st.stm32cube.ide.mcu.externaltools.gnu-tools-for-stm32.13.3.rel1.win32_1.0.0.202411081344/tools/bin/../lib/gcc/arm-none-eabi/13.3.1/../../../../arm-none-eabi/lib/thumb/v7e-m+dp/hard\libc_nano.a(libc_a-mallocr.o)
                0x240035f4                __malloc_free_list
 *(COMMON)
                0x240035f8                        . = ALIGN (0x4)
                0x240035f8                        _ebss = .
                0x240035f8                        __bss_end__ = _ebss

._user_heap_stack
                0x240035f8      0x600 load address 0x080110dc
                0x240035f8                        . = ALIGN (0x8)
                [!provide]                        PROVIDE (end = .)
                0x240035f8                        PROVIDE (_end = .)
                0x240037f8                        . = (. + _Min_Heap_Size)
 *fill*         0x240035f8      0x200 
                0x24003bf8                        . = (. + _Min_Stack_Size)
 *fill*         0x240037f8      0x400 
                0x24003bf8                        . = ALIGN (0x8)

/DISCARD/
 libc.a(*)
 libm.a(*)
 libgcc.a(*)

.ARM.attributes
                0x00000000       0x2e
 *(.ARM.attributes)
 .ARM.attributes
                0x00000000       0x20 C:/ST/STM32CubeIDE_1.19.0/STM32CubeIDE/plugins/com.st.stm32cube.ide.mcu.externaltools.gnu-tools-for-stm32.13.3.rel1.win32_1.0.0.202411081344/tools/bin/../lib/gcc/arm-none-eabi/13.3.1/thumb/v7e-m+dp/hard/crti.o
 .ARM.attributes
                0x00000020       0x32 C:/ST/STM32CubeIDE_1.19.0/STM32CubeIDE/plugins/com.st.stm32cube.ide.mcu.externaltools.gnu-tools-for-stm32.13.3.rel1.win32_1.0.0.202411081344/tools/bin/../lib/gcc/arm-none-eabi/13.3.1/thumb/v7e-m+dp/hard/crtbegin.o
 .ARM.attributes
                0x00000052       0x32 ./Core/Inc/Fonts/font12.o
 .ARM.attributes
                0x00000084       0x32 ./Core/Inc/Fonts/font16.o
 .ARM.attributes
                0x000000b6       0x32 ./Core/Inc/Fonts/font20.o
 .ARM.attributes
                0x000000e8       0x32 ./Core/Inc/Fonts/font24.o
 .ARM.attributes
                0x0000011a       0x32 ./Core/Inc/Fonts/font8.o
 .ARM.attributes
                0x0000014c       0x32 ./Core/Src/App/appLcdSpeedTest.o
 .ARM.attributes
                0x0000017e       0x32 ./Core/Src/App/beer_60x100_16.o
 .ARM.attributes
                0x000001b0       0x32 ./Core/Src/Lcd/lcd_io_spi_hal.o
 .ARM.attributes
                0x000001e2       0x32 ./Core/Src/Lcd/st7789.o
 .ARM.attributes
                0x00000214       0x32 ./Core/Src/Lcd/stm32_adafruit_lcd.o
 .ARM.attributes
                0x00000246       0x32 ./Core/Src/main.o
 .ARM.attributes
                0x00000278       0x32 ./Core/Src/stm32h7xx_hal_msp.o
 .ARM.attributes
                0x000002aa       0x32 ./Core/Src/stm32h7xx_it.o
 .ARM.attributes
                0x000002dc       0x32 ./Core/Src/syscalls.o
 .ARM.attributes
                0x0000030e       0x32 ./Core/Src/sysmem.o
 .ARM.attributes
                0x00000340       0x32 ./Core/Src/system_stm32h7xx.o
 .ARM.attributes
                0x00000372       0x21 ./Core/Startup/startup_stm32h723zgtx.o
 .ARM.attributes
                0x00000393       0x32 ./Drivers/BSP/STM32H7xx_Nucleo/stm32h7xx_nucleo.o
 .ARM.attributes
                0x000003c5       0x32 ./Drivers/STM32H7xx_HAL_Driver/Src/stm32h7xx_hal.o
 .ARM.attributes
                0x000003f7       0x32 ./Drivers/STM32H7xx_HAL_Driver/Src/stm32h7xx_hal_cortex.o
 .ARM.attributes
                0x00000429       0x32 ./Drivers/STM32H7xx_HAL_Driver/Src/stm32h7xx_hal_exti.o
 .ARM.attributes
                0x0000045b       0x32 ./Drivers/STM32H7xx_HAL_Driver/Src/stm32h7xx_hal_gpio.o
 .ARM.attributes
                0x0000048d       0x32 ./Drivers/STM32H7xx_HAL_Driver/Src/stm32h7xx_hal_pwr_ex.o
 .ARM.attributes
                0x000004bf       0x32 ./Drivers/STM32H7xx_HAL_Driver/Src/stm32h7xx_hal_rcc.o
 .ARM.attributes
                0x000004f1       0x32 ./Drivers/STM32H7xx_HAL_Driver/Src/stm32h7xx_hal_rcc_ex.o
 .ARM.attributes
                0x00000523       0x32 ./Drivers/STM32H7xx_HAL_Driver/Src/stm32h7xx_hal_spi.o
 .ARM.attributes
                0x00000555       0x32 ./Drivers/STM32H7xx_HAL_Driver/Src/stm32h7xx_hal_uart.o
 .ARM.attributes
                0x00000587       0x32 C:/ST/STM32CubeIDE_1.19.0/STM32CubeIDE/plugins/com.st.stm32cube.ide.mcu.externaltools.gnu-tools-for-stm32.13.3.rel1.win32_1.0.0.202411081344/tools/bin/../lib/gcc/arm-none-eabi/13.3.1/../../../../arm-none-eabi/lib/thumb/v7e-m+dp/hard\libc_nano.a(libc_a-random.o)
 .ARM.attributes
                0x000005b9       0x32 C:/ST/STM32CubeIDE_1.19.0/STM32CubeIDE/plugins/com.st.stm32cube.ide.mcu.externaltools.gnu-tools-for-stm32.13.3.rel1.win32_1.0.0.202411081344/tools/bin/../lib/gcc/arm-none-eabi/13.3.1/../../../../arm-none-eabi/lib/thumb/v7e-m+dp/hard\libc_nano.a(libc_a-findfp.o)
 .ARM.attributes
                0x000005eb       0x32 C:/ST/STM32CubeIDE_1.19.0/STM32CubeIDE/plugins/com.st.stm32cube.ide.mcu.externaltools.gnu-tools-for-stm32.13.3.rel1.win32_1.0.0.202411081344/tools/bin/../lib/gcc/arm-none-eabi/13.3.1/../../../../arm-none-eabi/lib/thumb/v7e-m+dp/hard\libc_nano.a(libc_a-fwalk.o)
 .ARM.attributes
                0x0000061d       0x32 C:/ST/STM32CubeIDE_1.19.0/STM32CubeIDE/plugins/com.st.stm32cube.ide.mcu.externaltools.gnu-tools-for-stm32.13.3.rel1.win32_1.0.0.202411081344/tools/bin/../lib/gcc/arm-none-eabi/13.3.1/../../../../arm-none-eabi/lib/thumb/v7e-m+dp/hard\libc_nano.a(libc_a-printf.o)
 .ARM.attributes
                0x0000064f       0x32 C:/ST/STM32CubeIDE_1.19.0/STM32CubeIDE/plugins/com.st.stm32cube.ide.mcu.externaltools.gnu-tools-for-stm32.13.3.rel1.win32_1.0.0.202411081344/tools/bin/../lib/gcc/arm-none-eabi/13.3.1/../../../../arm-none-eabi/lib/thumb/v7e-m+dp/hard\libc_nano.a(libc_a-puts.o)
 .ARM.attributes
                0x00000681       0x32 C:/ST/STM32CubeIDE_1.19.0/STM32CubeIDE/plugins/com.st.stm32cube.ide.mcu.externaltools.gnu-tools-for-stm32.13.3.rel1.win32_1.0.0.202411081344/tools/bin/../lib/gcc/arm-none-eabi/13.3.1/../../../../arm-none-eabi/lib/thumb/v7e-m+dp/hard\libc_nano.a(libc_a-stdio.o)
 .ARM.attributes
                0x000006b3       0x32 C:/ST/STM32CubeIDE_1.19.0/STM32CubeIDE/plugins/com.st.stm32cube.ide.mcu.externaltools.gnu-tools-for-stm32.13.3.rel1.win32_1.0.0.202411081344/tools/bin/../lib/gcc/arm-none-eabi/13.3.1/../../../../arm-none-eabi/lib/thumb/v7e-m+dp/hard\libc_nano.a(libc_a-wbuf.o)
 .ARM.attributes
                0x000006e5       0x32 C:/ST/STM32CubeIDE_1.19.0/STM32CubeIDE/plugins/com.st.stm32cube.ide.mcu.externaltools.gnu-tools-for-stm32.13.3.rel1.win32_1.0.0.202411081344/tools/bin/../lib/gcc/arm-none-eabi/13.3.1/../../../../arm-none-eabi/lib/thumb/v7e-m+dp/hard\libc_nano.a(libc_a-wsetup.o)
 .ARM.attributes
                0x00000717       0x32 C:/ST/STM32CubeIDE_1.19.0/STM32CubeIDE/plugins/com.st.stm32cube.ide.mcu.externaltools.gnu-tools-for-stm32.13.3.rel1.win32_1.0.0.202411081344/tools/bin/../lib/gcc/arm-none-eabi/13.3.1/../../../../arm-none-eabi/lib/thumb/v7e-m+dp/hard\libc_nano.a(libc_a-memset.o)
 .ARM.attributes
                0x00000749       0x32 C:/ST/STM32CubeIDE_1.19.0/STM32CubeIDE/plugins/com.st.stm32cube.ide.mcu.externaltools.gnu-tools-for-stm32.13.3.rel1.win32_1.0.0.202411081344/tools/bin/../lib/gcc/arm-none-eabi/13.3.1/../../../../arm-none-eabi/lib/thumb/v7e-m+dp/hard\libc_nano.a(libc_a-closer.o)
 .ARM.attributes
                0x0000077b       0x32 C:/ST/STM32CubeIDE_1.19.0/STM32CubeIDE/plugins/com.st.stm32cube.ide.mcu.externaltools.gnu-tools-for-stm32.13.3.rel1.win32_1.0.0.202411081344/tools/bin/../lib/gcc/arm-none-eabi/13.3.1/../../../../arm-none-eabi/lib/thumb/v7e-m+dp/hard\libc_nano.a(libc_a-reent.o)
 .ARM.attributes
                0x000007ad       0x32 C:/ST/STM32CubeIDE_1.19.0/STM32CubeIDE/plugins/com.st.stm32cube.ide.mcu.externaltools.gnu-tools-for-stm32.13.3.rel1.win32_1.0.0.202411081344/tools/bin/../lib/gcc/arm-none-eabi/13.3.1/../../../../arm-none-eabi/lib/thumb/v7e-m+dp/hard\libc_nano.a(libc_a-impure.o)
 .ARM.attributes
                0x000007df       0x32 C:/ST/STM32CubeIDE_1.19.0/STM32CubeIDE/plugins/com.st.stm32cube.ide.mcu.externaltools.gnu-tools-for-stm32.13.3.rel1.win32_1.0.0.202411081344/tools/bin/../lib/gcc/arm-none-eabi/13.3.1/../../../../arm-none-eabi/lib/thumb/v7e-m+dp/hard\libc_nano.a(libc_a-lseekr.o)
 .ARM.attributes
                0x00000811       0x32 C:/ST/STM32CubeIDE_1.19.0/STM32CubeIDE/plugins/com.st.stm32cube.ide.mcu.externaltools.gnu-tools-for-stm32.13.3.rel1.win32_1.0.0.202411081344/tools/bin/../lib/gcc/arm-none-eabi/13.3.1/../../../../arm-none-eabi/lib/thumb/v7e-m+dp/hard\libc_nano.a(libc_a-readr.o)
 .ARM.attributes
                0x00000843       0x32 C:/ST/STM32CubeIDE_1.19.0/STM32CubeIDE/plugins/com.st.stm32cube.ide.mcu.externaltools.gnu-tools-for-stm32.13.3.rel1.win32_1.0.0.202411081344/tools/bin/../lib/gcc/arm-none-eabi/13.3.1/../../../../arm-none-eabi/lib/thumb/v7e-m+dp/hard\libc_nano.a(libc_a-writer.o)
 .ARM.attributes
                0x00000875       0x32 C:/ST/STM32CubeIDE_1.19.0/STM32CubeIDE/plugins/com.st.stm32cube.ide.mcu.externaltools.gnu-tools-for-stm32.13.3.rel1.win32_1.0.0.202411081344/tools/bin/../lib/gcc/arm-none-eabi/13.3.1/../../../../arm-none-eabi/lib/thumb/v7e-m+dp/hard\libc_nano.a(libc_a-errno.o)
 .ARM.attributes
                0x000008a7       0x32 C:/ST/STM32CubeIDE_1.19.0/STM32CubeIDE/plugins/com.st.stm32cube.ide.mcu.externaltools.gnu-tools-for-stm32.13.3.rel1.win32_1.0.0.202411081344/tools/bin/../lib/gcc/arm-none-eabi/13.3.1/../../../../arm-none-eabi/lib/thumb/v7e-m+dp/hard\libc_nano.a(libc_a-init.o)
 .ARM.attributes
                0x000008d9       0x32 C:/ST/STM32CubeIDE_1.19.0/STM32CubeIDE/plugins/com.st.stm32cube.ide.mcu.externaltools.gnu-tools-for-stm32.13.3.rel1.win32_1.0.0.202411081344/tools/bin/../lib/gcc/arm-none-eabi/13.3.1/../../../../arm-none-eabi/lib/thumb/v7e-m+dp/hard\libc_nano.a(libc_a-lock.o)
 .ARM.attributes
                0x0000090b       0x32 C:/ST/STM32CubeIDE_1.19.0/STM32CubeIDE/plugins/com.st.stm32cube.ide.mcu.externaltools.gnu-tools-for-stm32.13.3.rel1.win32_1.0.0.202411081344/tools/bin/../lib/gcc/arm-none-eabi/13.3.1/../../../../arm-none-eabi/lib/thumb/v7e-m+dp/hard\libc_nano.a(libc_a-assert.o)
 .ARM.attributes
                0x0000093d       0x32 C:/ST/STM32CubeIDE_1.19.0/STM32CubeIDE/plugins/com.st.stm32cube.ide.mcu.externaltools.gnu-tools-for-stm32.13.3.rel1.win32_1.0.0.202411081344/tools/bin/../lib/gcc/arm-none-eabi/13.3.1/../../../../arm-none-eabi/lib/thumb/v7e-m+dp/hard\libc_nano.a(libc_a-freer.o)
 .ARM.attributes
                0x0000096f       0x32 C:/ST/STM32CubeIDE_1.19.0/STM32CubeIDE/plugins/com.st.stm32cube.ide.mcu.externaltools.gnu-tools-for-stm32.13.3.rel1.win32_1.0.0.202411081344/tools/bin/../lib/gcc/arm-none-eabi/13.3.1/../../../../arm-none-eabi/lib/thumb/v7e-m+dp/hard\libc_nano.a(libc_a-malloc.o)
 .ARM.attributes
                0x000009a1       0x32 C:/ST/STM32CubeIDE_1.19.0/STM32CubeIDE/plugins/com.st.stm32cube.ide.mcu.externaltools.gnu-tools-for-stm32.13.3.rel1.win32_1.0.0.202411081344/tools/bin/../lib/gcc/arm-none-eabi/13.3.1/../../../../arm-none-eabi/lib/thumb/v7e-m+dp/hard\libc_nano.a(libc_a-mallocr.o)
 .ARM.attributes
                0x000009d3       0x32 C:/ST/STM32CubeIDE_1.19.0/STM32CubeIDE/plugins/com.st.stm32cube.ide.mcu.externaltools.gnu-tools-for-stm32.13.3.rel1.win32_1.0.0.202411081344/tools/bin/../lib/gcc/arm-none-eabi/13.3.1/../../../../arm-none-eabi/lib/thumb/v7e-m+dp/hard\libc_nano.a(libc_a-mlock.o)
 .ARM.attributes
                0x00000a05       0x32 C:/ST/STM32CubeIDE_1.19.0/STM32CubeIDE/plugins/com.st.stm32cube.ide.mcu.externaltools.gnu-tools-for-stm32.13.3.rel1.win32_1.0.0.202411081344/tools/bin/../lib/gcc/arm-none-eabi/13.3.1/../../../../arm-none-eabi/lib/thumb/v7e-m+dp/hard\libc_nano.a(libc_a-nano-vfprintf.o)
 .ARM.attributes
                0x00000a37       0x32 C:/ST/STM32CubeIDE_1.19.0/STM32CubeIDE/plugins/com.st.stm32cube.ide.mcu.externaltools.gnu-tools-for-stm32.13.3.rel1.win32_1.0.0.202411081344/tools/bin/../lib/gcc/arm-none-eabi/13.3.1/../../../../arm-none-eabi/lib/thumb/v7e-m+dp/hard\libc_nano.a(libc_a-nano-vfprintf_i.o)
 .ARM.attributes
                0x00000a69       0x32 C:/ST/STM32CubeIDE_1.19.0/STM32CubeIDE/plugins/com.st.stm32cube.ide.mcu.externaltools.gnu-tools-for-stm32.13.3.rel1.win32_1.0.0.202411081344/tools/bin/../lib/gcc/arm-none-eabi/13.3.1/../../../../arm-none-eabi/lib/thumb/v7e-m+dp/hard\libc_nano.a(libc_a-fflush.o)
 .ARM.attributes
                0x00000a9b       0x32 C:/ST/STM32CubeIDE_1.19.0/STM32CubeIDE/plugins/com.st.stm32cube.ide.mcu.externaltools.gnu-tools-for-stm32.13.3.rel1.win32_1.0.0.202411081344/tools/bin/../lib/gcc/arm-none-eabi/13.3.1/../../../../arm-none-eabi/lib/thumb/v7e-m+dp/hard\libc_nano.a(libc_a-fprintf.o)
 .ARM.attributes
                0x00000acd       0x32 C:/ST/STM32CubeIDE_1.19.0/STM32CubeIDE/plugins/com.st.stm32cube.ide.mcu.externaltools.gnu-tools-for-stm32.13.3.rel1.win32_1.0.0.202411081344/tools/bin/../lib/gcc/arm-none-eabi/13.3.1/../../../../arm-none-eabi/lib/thumb/v7e-m+dp/hard\libc_nano.a(libc_a-makebuf.o)
 .ARM.attributes
                0x00000aff       0x32 C:/ST/STM32CubeIDE_1.19.0/STM32CubeIDE/plugins/com.st.stm32cube.ide.mcu.externaltools.gnu-tools-for-stm32.13.3.rel1.win32_1.0.0.202411081344/tools/bin/../lib/gcc/arm-none-eabi/13.3.1/../../../../arm-none-eabi/lib/thumb/v7e-m+dp/hard\libc_nano.a(libc_a-fstatr.o)
 .ARM.attributes
                0x00000b31       0x32 C:/ST/STM32CubeIDE_1.19.0/STM32CubeIDE/plugins/com.st.stm32cube.ide.mcu.externaltools.gnu-tools-for-stm32.13.3.rel1.win32_1.0.0.202411081344/tools/bin/../lib/gcc/arm-none-eabi/13.3.1/../../../../arm-none-eabi/lib/thumb/v7e-m+dp/hard\libc_nano.a(libc_a-isattyr.o)
 .ARM.attributes
                0x00000b63       0x32 C:/ST/STM32CubeIDE_1.19.0/STM32CubeIDE/plugins/com.st.stm32cube.ide.mcu.externaltools.gnu-tools-for-stm32.13.3.rel1.win32_1.0.0.202411081344/tools/bin/../lib/gcc/arm-none-eabi/13.3.1/../../../../arm-none-eabi/lib/thumb/v7e-m+dp/hard\libc_nano.a(libc_a-sbrkr.o)
 .ARM.attributes
                0x00000b95       0x1c C:/ST/STM32CubeIDE_1.19.0/STM32CubeIDE/plugins/com.st.stm32cube.ide.mcu.externaltools.gnu-tools-for-stm32.13.3.rel1.win32_1.0.0.202411081344/tools/bin/../lib/gcc/arm-none-eabi/13.3.1/../../../../arm-none-eabi/lib/thumb/v7e-m+dp/hard\libc_nano.a(libc_a-memchr.o)
 .ARM.attributes
                0x00000bb1       0x32 C:/ST/STM32CubeIDE_1.19.0/STM32CubeIDE/plugins/com.st.stm32cube.ide.mcu.externaltools.gnu-tools-for-stm32.13.3.rel1.win32_1.0.0.202411081344/tools/bin/../lib/gcc/arm-none-eabi/13.3.1/../../../../arm-none-eabi/lib/thumb/v7e-m+dp/hard\libc_nano.a(libc_a-abort.o)
 .ARM.attributes
                0x00000be3       0x32 C:/ST/STM32CubeIDE_1.19.0/STM32CubeIDE/plugins/com.st.stm32cube.ide.mcu.externaltools.gnu-tools-for-stm32.13.3.rel1.win32_1.0.0.202411081344/tools/bin/../lib/gcc/arm-none-eabi/13.3.1/../../../../arm-none-eabi/lib/thumb/v7e-m+dp/hard\libc_nano.a(libc_a-signal.o)
 .ARM.attributes
                0x00000c15       0x32 C:/ST/STM32CubeIDE_1.19.0/STM32CubeIDE/plugins/com.st.stm32cube.ide.mcu.externaltools.gnu-tools-for-stm32.13.3.rel1.win32_1.0.0.202411081344/tools/bin/../lib/gcc/arm-none-eabi/13.3.1/../../../../arm-none-eabi/lib/thumb/v7e-m+dp/hard\libc_nano.a(libc_a-signalr.o)
 .ARM.attributes
                0x00000c47       0x20 C:/ST/STM32CubeIDE_1.19.0/STM32CubeIDE/plugins/com.st.stm32cube.ide.mcu.externaltools.gnu-tools-for-stm32.13.3.rel1.win32_1.0.0.202411081344/tools/bin/../lib/gcc/arm-none-eabi/13.3.1/thumb/v7e-m+dp/hard\libgcc.a(_aeabi_uldivmod.o)
 .ARM.attributes
                0x00000c67       0x32 C:/ST/STM32CubeIDE_1.19.0/STM32CubeIDE/plugins/com.st.stm32cube.ide.mcu.externaltools.gnu-tools-for-stm32.13.3.rel1.win32_1.0.0.202411081344/tools/bin/../lib/gcc/arm-none-eabi/13.3.1/thumb/v7e-m+dp/hard\libgcc.a(_udivmoddi4.o)
 .ARM.attributes
                0x00000c99       0x20 C:/ST/STM32CubeIDE_1.19.0/STM32CubeIDE/plugins/com.st.stm32cube.ide.mcu.externaltools.gnu-tools-for-stm32.13.3.rel1.win32_1.0.0.202411081344/tools/bin/../lib/gcc/arm-none-eabi/13.3.1/thumb/v7e-m+dp/hard\libgcc.a(_dvmd_tls.o)
 .ARM.attributes
                0x00000cb9       0x20 C:/ST/STM32CubeIDE_1.19.0/STM32CubeIDE/plugins/com.st.stm32cube.ide.mcu.externaltools.gnu-tools-for-stm32.13.3.rel1.win32_1.0.0.202411081344/tools/bin/../lib/gcc/arm-none-eabi/13.3.1/thumb/v7e-m+dp/hard/crtn.o
OUTPUT(TouchDemo.elf elf32-littlearm)
LOAD linker stubs
LOAD C:/ST/STM32CubeIDE_1.19.0/STM32CubeIDE/plugins/com.st.stm32cube.ide.mcu.externaltools.gnu-tools-for-stm32.13.3.rel1.win32_1.0.0.202411081344/tools/bin/../lib/gcc/arm-none-eabi/13.3.1/../../../../arm-none-eabi/lib/thumb/v7e-m+dp/hard\libc.a
LOAD C:/ST/STM32CubeIDE_1.19.0/STM32CubeIDE/plugins/com.st.stm32cube.ide.mcu.externaltools.gnu-tools-for-stm32.13.3.rel1.win32_1.0.0.202411081344/tools/bin/../lib/gcc/arm-none-eabi/13.3.1/../../../../arm-none-eabi/lib/thumb/v7e-m+dp/hard\libm.a
LOAD C:/ST/STM32CubeIDE_1.19.0/STM32CubeIDE/plugins/com.st.stm32cube.ide.mcu.externaltools.gnu-tools-for-stm32.13.3.rel1.win32_1.0.0.202411081344/tools/bin/../lib/gcc/arm-none-eabi/13.3.1/thumb/v7e-m+dp/hard\libgcc.a

.debug_info     0x00000000    0x16783
 .debug_info    0x00000000      0x125 ./Core/Inc/Fonts/font12.o