Archive member included to satisfy reference by file (symbol)

C:/ST/STM32CubeIDE_1.19.0/STM32CubeIDE/plugins/com.st.stm32cube.ide.mcu.externaltools.gnu-tools-for-stm32.13.3.rel1.win32_1.0.0.202411081344/tools/bin/../lib/gcc/arm-none-eabi/13.3.1/../../../../arm-none-eabi/lib/thumb/v7e-m+dp/hard\libc_nano.a(libc_a-exit.o)
                              C:/ST/STM32CubeIDE_1.19.0/STM32CubeIDE/plugins/com.st.stm32cube.ide.mcu.externaltools.gnu-tools-for-stm32.13.3.rel1.win32_1.0.0.202411081344/tools/bin/../lib/gcc/arm-none-eabi/13.3.1/../../../../arm-none-eabi/lib/thumb/v7e-m+dp/hard/crt0.o (exit)
C:/ST/STM32CubeIDE_1.19.0/STM32CubeIDE/plugins/com.st.stm32cube.ide.mcu.externaltools.gnu-tools-for-stm32.13.3.rel1.win32_1.0.0.202411081344/tools/bin/../lib/gcc/arm-none-eabi/13.3.1/../../../../arm-none-eabi/lib/thumb/v7e-m+dp/hard\libc_nano.a(libc_a-random.o)
                              ./Core/Src/App/3d_filled_vector.o (random)
C:/ST/STM32CubeIDE_1.19.0/STM32CubeIDE/plugins/com.st.stm32cube.ide.mcu.externaltools.gnu-tools-for-stm32.13.3.rel1.win32_1.0.0.202411081344/tools/bin/../lib/gcc/arm-none-eabi/13.3.1/../../../../arm-none-eabi/lib/thumb/v7e-m+dp/hard\libc_nano.a(libc_a-findfp.o)
                              C:/ST/STM32CubeIDE_1.19.0/STM32CubeIDE/plugins/com.st.stm32cube.ide.mcu.externaltools.gnu-tools-for-stm32.13.3.rel1.win32_1.0.0.202411081344/tools/bin/../lib/gcc/arm-none-eabi/13.3.1/../../../../arm-none-eabi/lib/thumb/v7e-m+dp/hard\libc_nano.a(libc_a-exit.o) (__stdio_exit_handler)
C:/ST/STM32CubeIDE_1.19.0/STM32CubeIDE/plugins/com.st.stm32cube.ide.mcu.externaltools.gnu-tools-for-stm32.13.3.rel1.win32_1.0.0.202411081344/tools/bin/../lib/gcc/arm-none-eabi/13.3.1/../../../../arm-none-eabi/lib/thumb/v7e-m+dp/hard\libc_nano.a(libc_a-fwalk.o)
                              C:/ST/STM32CubeIDE_1.19.0/STM32CubeIDE/plugins/com.st.stm32cube.ide.mcu.externaltools.gnu-tools-for-stm32.13.3.rel1.win32_1.0.0.202411081344/tools/bin/../lib/gcc/arm-none-eabi/13.3.1/../../../../arm-none-eabi/lib/thumb/v7e-m+dp/hard\libc_nano.a(libc_a-findfp.o) (_fwalk_sglue)
C:/ST/STM32CubeIDE_1.19.0/STM32CubeIDE/plugins/com.st.stm32cube.ide.mcu.externaltools.gnu-tools-for-stm32.13.3.rel1.win32_1.0.0.202411081344/tools/bin/../lib/gcc/arm-none-eabi/13.3.1/../../../../arm-none-eabi/lib/thumb/v7e-m+dp/hard\libc_nano.a(libc_a-snprintf.o)
                              ./Core/Src/App/3d_filled_vector.o (snprintf)
C:/ST/STM32CubeIDE_1.19.0/STM32CubeIDE/plugins/com.st.stm32cube.ide.mcu.externaltools.gnu-tools-for-stm32.13.3.rel1.win32_1.0.0.202411081344/tools/bin/../lib/gcc/arm-none-eabi/13.3.1/../../../../arm-none-eabi/lib/thumb/v7e-m+dp/hard\libc_nano.a(libc_a-stdio.o)
                              C:/ST/STM32CubeIDE_1.19.0/STM32CubeIDE/plugins/com.st.stm32cube.ide.mcu.externaltools.gnu-tools-for-stm32.13.3.rel1.win32_1.0.0.202411081344/tools/bin/../lib/gcc/arm-none-eabi/13.3.1/../../../../arm-none-eabi/lib/thumb/v7e-m+dp/hard\libc_nano.a(libc_a-findfp.o) (__sread)
C:/ST/STM32CubeIDE_1.19.0/STM32CubeIDE/plugins/com.st.stm32cube.ide.mcu.externaltools.gnu-tools-for-stm32.13.3.rel1.win32_1.0.0.202411081344/tools/bin/../lib/gcc/arm-none-eabi/13.3.1/../../../../arm-none-eabi/lib/thumb/v7e-m+dp/hard\libc_nano.a(libc_a-memset.o)
                              C:/ST/STM32CubeIDE_1.19.0/STM32CubeIDE/plugins/com.st.stm32cube.ide.mcu.externaltools.gnu-tools-for-stm32.13.3.rel1.win32_1.0.0.202411081344/tools/bin/../lib/gcc/arm-none-eabi/13.3.1/../../../../arm-none-eabi/lib/thumb/v7e-m+dp/hard/crt0.o (memset)
C:/ST/STM32CubeIDE_1.19.0/STM32CubeIDE/plugins/com.st.stm32cube.ide.mcu.externaltools.gnu-tools-for-stm32.13.3.rel1.win32_1.0.0.202411081344/tools/bin/../lib/gcc/arm-none-eabi/13.3.1/../../../../arm-none-eabi/lib/thumb/v7e-m+dp/hard\libc_nano.a(libc_a-closer.o)
                              C:/ST/STM32CubeIDE_1.19.0/STM32CubeIDE/plugins/com.st.stm32cube.ide.mcu.externaltools.gnu-tools-for-stm32.13.3.rel1.win32_1.0.0.202411081344/tools/bin/../lib/gcc/arm-none-eabi/13.3.1/../../../../arm-none-eabi/lib/thumb/v7e-m+dp/hard\libc_nano.a(libc_a-stdio.o) (_close_r)
C:/ST/STM32CubeIDE_1.19.0/STM32CubeIDE/plugins/com.st.stm32cube.ide.mcu.externaltools.gnu-tools-for-stm32.13.3.rel1.win32_1.0.0.202411081344/tools/bin/../lib/gcc/arm-none-eabi/13.3.1/../../../../arm-none-eabi/lib/thumb/v7e-m+dp/hard\libc_nano.a(libc_a-reent.o)
                              C:/ST/STM32CubeIDE_1.19.0/STM32CubeIDE/plugins/com.st.stm32cube.ide.mcu.externaltools.gnu-tools-for-stm32.13.3.rel1.win32_1.0.0.202411081344/tools/bin/../lib/gcc/arm-none-eabi/13.3.1/../../../../arm-none-eabi/lib/thumb/v7e-m+dp/hard\libc_nano.a(libc_a-closer.o) (errno)
C:/ST/STM32CubeIDE_1.19.0/STM32CubeIDE/plugins/com.st.stm32cube.ide.mcu.externaltools.gnu-tools-for-stm32.13.3.rel1.win32_1.0.0.202411081344/tools/bin/../lib/gcc/arm-none-eabi/13.3.1/../../../../arm-none-eabi/lib/thumb/v7e-m+dp/hard\libc_nano.a(libc_a-impure.o)
[...]
Memory Configuration

Name             Origin             Length             Attributes
ITCMRAM          0x00000000         0x00010000         xrw
DTCMRAM          0x20000000         0x00020000         xrw
FLASH            0x08000000         0x00100000         xr
RAM_D1           0x24000000         0x00050000         xrw
RAM_D2           0x30000000         0x00008000         xrw
RAM_D3           0x38000000         0x00004000         xrw
*default*        0x00000000         0xffffffff

Linker script and memory map

LOAD C:/ST/STM32CubeIDE_1.19.0/STM32CubeIDE/plugins/com.st.stm32cube.ide.mcu.externaltools.gnu-tools-for-stm32.13.3.rel1.win32_1.0.0.202411081344/tools/bin/../lib/gcc/arm-none-eabi/13.3.1/thumb/v7e-m+dp/hard/crti.o
LOAD C:/ST/STM32CubeIDE_1.19.0/STM32CubeIDE/plugins/com.st.stm32cube.ide.mcu.externaltools.gnu-tools-for-stm32.13.3.rel1.win32_1.0.0.202411081344/tools/bin/../lib/gcc/arm-none-eabi/13.3.1/thumb/v7e-m+dp/hard/crtbegin.o
LOAD C:/ST/STM32CubeIDE_1.19.0/STM32CubeIDE/plugins/com.st.stm32cube.ide.mcu.externaltools.gnu-tools-for-stm32.13.3.rel1.win32_1.0.0.202411081344/tools/bin/../lib/gcc/arm-none-eabi/13.3.1/../../../../arm-none-eabi/lib/thumb/v7e-m+dp/hard/crt0.o
LOAD ./Core/Inc/Fonts/font12.o
LOAD ./Core/Inc/Fonts/font16.o
LOAD ./Core/Inc/Fonts/font20.o
LOAD ./Core/Inc/Fonts/font24.o
LOAD ./Core/Inc/Fonts/font8.o
LOAD ./Core/Src/App/3d_filled_vector.o
LOAD ./Core/Src/Lcd/lcd_io_spi_hal.o
LOAD ./Core/Src/Lcd/st7789.o
LOAD ./Core/Src/Lcd/stm32_adafruit_lcd.o
LOAD ./Core/Src/main.o
LOAD ./Core/Src/stm32h7xx_hal_msp.o
LOAD ./Core/Src/stm32h7xx_it.o
LOAD ./Core/Src/syscalls.o
LOAD ./Core/Src/sysmem.o
LOAD ./Core/Src/system_stm32h7xx.o
LOAD ./Core/Startup/startup_stm32h723zgtx.o
LOAD ./Drivers/BSP/STM32H7xx_Nucleo/stm32h7xx_nucleo.o
LOAD ./Drivers/STM32H7xx_HAL_Driver/Src/stm32h7xx_hal.o
LOAD ./Drivers/STM32H7xx_HAL_Driver/Src/stm32h7xx_hal_cortex.o
LOAD ./Drivers/STM32H7xx_HAL_Driver/Src/stm32h7xx_hal_dma.o
LOAD ./Drivers/STM32H7xx_HAL_Driver/Src/stm32h7xx_hal_dma_ex.o
LOAD ./Drivers/STM32H7xx_HAL_Driver/Src/stm32h7xx_hal_exti.o
LOAD ./Drivers/STM32H7xx_HAL_Driver/Src/stm32h7xx_hal_flash.o
LOAD ./Drivers/STM32H7xx_HAL_Driver/Src/stm32h7xx_hal_flash_ex.o
LOAD ./Drivers/STM32H7xx_HAL_Driver/Src/stm32h7xx_hal_gpio.o
LOAD ./Drivers/STM32H7xx_HAL_Driver/Src/stm32h7xx_hal_hsem.o
LOAD ./Drivers/STM32H7xx_HAL_Driver/Src/stm32h7xx_hal_i2c.o
LOAD ./Drivers/STM32H7xx_HAL_Driver/Src/stm32h7xx_hal_i2c_ex.o
LOAD ./Drivers/STM32H7xx_HAL_Driver/Src/stm32h7xx_hal_mdma.o
LOAD ./Drivers/STM32H7xx_HAL_Driver/Src/stm32h7xx_hal_pwr.o
LOAD ./Drivers/STM32H7xx_HAL_Driver/Src/stm32h7xx_hal_pwr_ex.o
LOAD ./Drivers/STM32H7xx_HAL_Driver/Src/stm32h7xx_hal_rcc.o
LOAD ./Drivers/STM32H7xx_HAL_Driver/Src/stm32h7xx_hal_rcc_ex.o
LOAD ./Drivers/STM32H7xx_HAL_Driver/Src/stm32h7xx_hal_spi.o
LOAD ./Drivers/STM32H7xx_HAL_Driver/Src/stm32h7xx_hal_spi_ex.o
LOAD ./Drivers/STM32H7xx_HAL_Driver/Src/stm32h7xx_hal_tim.o
LOAD ./Drivers/STM32H7xx_HAL_Driver/Src/stm32h7xx_hal_tim_ex.o
LOAD ./Drivers/STM32H7xx_HAL_Driver/Src/stm32h7xx_hal_uart.o
LOAD ./Drivers/STM32H7xx_HAL_Driver/Src/stm32h7xx_hal_uart_ex.o
LOAD ./Drivers/STM32H7xx_HAL_Driver/Src/stm32h7xx_hal_usart.o
LOAD ./Drivers/STM32H7xx_HAL_Driver/Src/stm32h7xx_hal_usart_ex.o
START GROUP
LOAD C:/ST/STM32CubeIDE_1.19.0/STM32CubeIDE/plugins/com.st.stm32cube.ide.mcu.externaltools.gnu-tools-for-stm32.13.3.rel1.win32_1.0.0.202411081344/tools/bin/../lib/gcc/arm-none-eabi/13.3.1/../../../../arm-none-eabi/lib/thumb/v7e-m+dp/hard\libc_nano.a
LOAD C:/ST/STM32CubeIDE_1.19.0/STM32CubeIDE/plugins/com.st.stm32cube.ide.mcu.externaltools.gnu-tools-for-stm32.13.3.rel1.win32_1.0.0.202411081344/tools/bin/../lib/gcc/arm-none-eabi/13.3.1/../../../../arm-none-eabi/lib/thumb/v7e-m+dp/hard\libm.a
END GROUP
START GROUP
LOAD C:/ST/STM32CubeIDE_1.19.0/STM32CubeIDE/plugins/com.st.stm32cube.ide.mcu.externaltools.gnu-tools-for-stm32.13.3.rel1.win32_1.0.0.202411081344/tools/bin/../lib/gcc/arm-none-eabi/13.3.1/thumb/v7e-m+dp/hard\libgcc.a
LOAD C:/ST/STM32CubeIDE_1.19.0/STM32CubeIDE/plugins/com.st.stm32cube.ide.mcu.externaltools.gnu-tools-for-stm32.13.3.rel1.win32_1.0.0.202411081344/tools/bin/../lib/gcc/arm-none-eabi/13.3.1/../../../../arm-none-eabi/lib/thumb/v7e-m+dp/hard\libc_nano.a
END GROUP
START GROUP
LOAD C:/ST/STM32CubeIDE_1.19.0/STM32CubeIDE/plugins/com.st.stm32cube.ide.mcu.externaltools.gnu-tools-for-stm32.13.3.rel1.win32_1.0.0.202411081344/tools/bin/../lib/gcc/arm-none-eabi/13.3.1/thumb/v7e-m+dp/hard\libgcc.a
LOAD C:/ST/STM32CubeIDE_1.19.0/STM32CubeIDE/plugins/com.st.stm32cube.ide.mcu.externaltools.gnu-tools-for-stm32.13.3.rel1.win32_1.0.0.202411081344/tools/bin/../lib/gcc/arm-none-eabi/13.3.1/../../../../arm-none-eabi/lib/thumb/v7e-m+dp/hard\libc_nano.a
LOAD C:/ST/STM32CubeIDE_1.19.0/STM32CubeIDE/plugins/com.st.stm32cube.ide.mcu.externaltools.gnu-tools-for-stm32.13.3.rel1.win32_1.0.0.202411081344/tools/bin/../lib/gcc/arm-none-eabi/13.3.1/../../../../arm-none-eabi/lib/thumb/v7e-m+dp/hard\libnosys.a
END GROUP
START GROUP
LOAD C:/ST/STM32CubeIDE_1.19.0/STM32CubeIDE/plugins/com.st.stm32cube.ide.mcu.externaltools.gnu-tools-for-stm32.13.3.rel1.win32_1.0.0.202411081344/tools/bin/../lib/gcc/arm-none-eabi/13.3.1/thumb/v7e-m+dp/hard\libgcc.a
LOAD C:/ST/STM32CubeIDE_1.19.0/STM32CubeIDE/plugins/com.st.stm32cube.ide.mcu.externaltools.gnu-tools-for-stm32.13.3.rel1.win32_1.0.0.202411081344/tools/bin/../lib/gcc/arm-none-eabi/13.3.1/../../../../arm-none-eabi/lib/thumb/v7e-m+dp/hard\libc_nano.a
LOAD C:/ST/STM32CubeIDE_1.19.0/STM32CubeIDE/plugins/com.st.stm32cube.ide.mcu.externaltools.gnu-tools-for-stm32.13.3.rel1.win32_1.0.0.202411081344/tools/bin/../lib/gcc/arm-none-eabi/13.3.1/../../../../arm-none-eabi/lib/thumb/v7e-m+dp/hard\libnosys.a
END GROUP
LOAD C:/ST/STM32CubeIDE_1.19.0/STM32CubeIDE/plugins/com.st.stm32cube.ide.mcu.externaltools.gnu-tools-for-stm32.13.3.rel1.win32_1.0.0.202411081344/tools/bin/../lib/gcc/arm-none-eabi/13.3.1/thumb/v7e-m+dp/hard/crtend.o
LOAD C:/ST/STM32CubeIDE_1.19.0/STM32CubeIDE/plugins/com.st.stm32cube.ide.mcu.externaltools.gnu-tools-for-stm32.13.3.rel1.win32_1.0.0.202411081344/tools/bin/../lib/gcc/arm-none-eabi/13.3.1/thumb/v7e-m+dp/hard/crtn.o
                0x24050000                        _estack = (ORIGIN (RAM_D1) + LENGTH (RAM_D1))
                0x00000200                        _Min_Heap_Size = 0x200
                0x00000400                        _Min_Stack_Size = 0x400

.isr_vector     0x08000000      0x2cc
                0x08000000                        . = ALIGN (0x4)
 *(.isr_vector)
 .isr_vector    0x08000000      0x2cc ./Core/Startup/startup_stm32h723zgtx.o
                0x08000000                g_pfnVectors
                0x080002cc                        . = ALIGN (0x4)

.text           0x080002d0     0xb080
                0x080002d0                        . = ALIGN (0x4)
 *(.text)
 .text          0x080002d0       0x40 C:/ST/STM32CubeIDE_1.19.0/STM32CubeIDE/plugins/com.st.stm32cube.ide.mcu.externaltools.gnu-tools-for-stm32.13.3.rel1.win32_1.0.0.202411081344/tools/bin/../lib/gcc/arm-none-eabi/13.3.1/thumb/v7e-m+dp/hard/crtbegin.o
 .text          0x08000310       0xa0 C:/ST/STM32CubeIDE_1.19.0/STM32CubeIDE/plugins/com.st.stm32cube.ide.mcu.externaltools.gnu-tools-for-stm32.13.3.rel1.win32_1.0.0.202411081344/tools/bin/../lib/gcc/arm-none-eabi/13.3.1/../../../../arm-none-eabi/lib/thumb/v7e-m+dp/hard\libc_nano.a(libc_a-memchr.o)
                0x08000310                memchr
 .text          0x080003b0       0x30 C:/ST/STM32CubeIDE_1.19.0/STM32CubeIDE/plugins/com.st.stm32cube.ide.mcu.externaltools.gnu-tools-for-stm32.13.3.rel1.win32_1.0.0.202411081344/tools/bin/../lib/gcc/arm-none-eabi/13.3.1/thumb/v7e-m+dp/hard\libgcc.a(_aeabi_uldivmod.o)
                0x080003b0                __aeabi_uldivmod
 .text          0x080003e0      0x2f8 C:/ST/STM32CubeIDE_1.19.0/STM32CubeIDE/plugins/com.st.stm32cube.ide.mcu.externaltools.gnu-tools-for-stm32.13.3.rel1.win32_1.0.0.202411081344/tools/bin/../lib/gcc/arm-none-eabi/13.3.1/thumb/v7e-m+dp/hard\libgcc.a(_udivmoddi4.o)
                0x080003e0                __udivmoddi4
 .text          0x080006d8        0x4 C:/ST/STM32CubeIDE_1.19.0/STM32CubeIDE/plugins/com.st.stm32cube.ide.mcu.externaltools.gnu-tools-for-stm32.13.3.rel1.win32_1.0.0.202411081344/tools/bin/../lib/gcc/arm-none-eabi/13.3.1/thumb/v7e-m+dp/hard\libgcc.a(_dvmd_tls.o)
                0x080006d8                __aeabi_idiv0
                0x080006d8                __aeabi_ldiv0
 *(.text*)
 .text.checkButton
                0x080006dc      0x130 ./Core/Src/App/3d_filled_vector.o
                0x080006dc                checkButton
 .text.handleButton
                0x0800080c       0x28 ./Core/Src/App/3d_filled_vector.o
                0x0800080c                handleButton
 .text.fastSin  0x08000834       0x78 ./Core/Src/App/3d_filled_vector.o
                0x08000834                fastSin
 .text.fastCos  0x080008ac       0x1c ./Core/Src/App/3d_filled_vector.o
                0x080008ac                fastCos
 .text.rasterize
                0x080008c8      0x16c ./Core/Src/App/3d_filled_vector.o
                0x080008c8                rasterize
 .text.drawQuad
                0x08000a34      0x158 ./Core/Src/App/3d_filled_vector.o
                0x08000a34                drawQuad
 .text.drawTri  0x08000b8c      0x13c ./Core/Src/App/3d_filled_vector.o
                0x08000b8c                drawTri
 .text.cullQuads
                0x08000cc8      0x34c ./Core/Src/App/3d_filled_vector.o
                0x08000cc8                cullQuads
 .text.cullTris
                0x08001014      0x374 ./Core/Src/App/3d_filled_vector.o
                0x08001014                cullTris
 .text.drawQuads
                0x08001388      0x224 ./Core/Src/App/3d_filled_vector.o
                0x08001388                drawQuads
 .text.drawTris
                0x080015ac      0x1e0 ./Core/Src/App/3d_filled_vector.o
                0x080015ac                drawTris
 .text.backgroundChecker
                0x0800178c       0xfc ./Core/Src/App/3d_filled_vector.o
                0x0800178c                backgroundChecker
 .text.backgroundPattern
                0x08001888       0xcc ./Core/Src/App/3d_filled_vector.o
                0x08001888                backgroundPattern
 .text.initStar
                0x08001954      0x14c ./Core/Src/App/3d_filled_vector.o
                0x08001954                initStar
 .text.updateStars
                0x08001aa0      0x364 ./Core/Src/App/3d_filled_vector.o
                0x08001aa0                updateStars
 .text.initStars
                0x08001e04       0x94 ./Core/Src/App/3d_filled_vector.o
                0x08001e04                initStars
 .text.backgroundStars
                0x08001e98      0x138 ./Core/Src/App/3d_filled_vector.o
                0x08001e98                backgroundStars
 .text.render3D
                0x08001fd0      0x3f4 ./Core/Src/App/3d_filled_vector.o
                0x08001fd0                render3D
 .text.setup    0x080023c4       0x3c ./Core/Src/App/3d_filled_vector.o
                0x080023c4                setup
 .text.showStats
                0x08002400      0x290 ./Core/Src/App/3d_filled_vector.o
                0x08002400                showStats
 .text.loop     0x08002690      0x428 ./Core/Src/App/3d_filled_vector.o
                0x08002690                loop
 .text.mainApp  0x08002ab8        0xe ./Core/Src/App/3d_filled_vector.o
                0x08002ab8                mainApp
 .text.LL_GPIO_SetPinMode
                0x08002ac6       0x40 ./Core/Src/Lcd/lcd_io_spi_hal.o
 *fill*         0x08002b06        0x2 
 .text.LcdDirRead
                0x08002b08       0x8c ./Core/Src/Lcd/lcd_io_spi_hal.o
                0x08002b08                LcdDirRead
 .text.LcdDirWrite
                0x08002b94       0x38 ./Core/Src/Lcd/lcd_io_spi_hal.o
                0x08002b94                LcdDirWrite
 .text.LcdSpiMode8
                0x08002bcc       0x2c ./Core/Src/Lcd/lcd_io_spi_hal.o
 .text.LcdSpiMode16
                0x08002bf8       0x2c ./Core/Src/Lcd/lcd_io_spi_hal.o
 .text.LCDWriteFillMultiData8and16
                0x08002c24       0xbc ./Core/Src/Lcd/lcd_io_spi_hal.o
                0x08002c24                LCDWriteFillMultiData8and16
 .text.LCDWriteFillMultiData16to24
                0x08002ce0       0xb8 ./Core/Src/Lcd/lcd_io_spi_hal.o
                0x08002ce0                LCDWriteFillMultiData16to24
 .text.LCDReadMultiData8and16
                0x08002d98       0x9c ./Core/Src/Lcd/lcd_io_spi_hal.o
                0x08002d98                LCDReadMultiData8and16
 .text.LCDReadMultiData24to16
                0x08002e34       0x84 ./Core/Src/Lcd/lcd_io_spi_hal.o
                0x08002e34                LCDReadMultiData24to16
 .text.LCD_Delay
                0x08002eb8       0x16 ./Core/Src/Lcd/lcd_io_spi_hal.o
                0x08002eb8                LCD_Delay
 .text.LCD_IO_Bl_OnOff
                0x08002ece       0x16 ./Core/Src/Lcd/lcd_io_spi_hal.o
                0x08002ece                LCD_IO_Bl_OnOff
 .text.LCD_IO_Init
                0x08002ee4       0x4c ./Core/Src/Lcd/lcd_io_spi_hal.o
                0x08002ee4                LCD_IO_Init
 .text.LCD_IO_Transaction
                0x08002f30       0xdc ./Core/Src/Lcd/lcd_io_spi_hal.o
                0x08002f30                LCD_IO_Transaction
 .text.st7789_DisplayOn
                0x0800300c       0x22 ./Core/Src/Lcd/st7789.o
                0x0800300c                st7789_DisplayOn
 .text.st7789_DisplayOff
                0x0800302e       0x22 ./Core/Src/Lcd/st7789.o
                0x0800302e                st7789_DisplayOff
 .text.st7789_GetLcdPixelWidth
                0x08003050       0x12 ./Core/Src/Lcd/st7789.o
                0x08003050                st7789_GetLcdPixelWidth
 .text.st7789_GetLcdPixelHeight
                0x08003062       0x12 ./Core/Src/Lcd/st7789.o
                0x08003062                st7789_GetLcdPixelHeight
 .text.st7789_ReadID
                0x08003074       0x24 ./Core/Src/Lcd/st7789.o
                0x08003074                st7789_ReadID
 .text.st7789_Init
                0x08003098      0x1dc ./Core/Src/Lcd/st7789.o
                0x08003098                st7789_Init
 .text.st7789_SetCursor
                0x08003274       0x8c ./Core/Src/Lcd/st7789.o
                0x08003274                st7789_SetCursor
 .text.st7789_WritePixel
                0x08003300       0xec ./Core/Src/Lcd/st7789.o
                0x08003300                st7789_WritePixel
 .text.st7789_ReadPixel
                0x080033ec       0xec ./Core/Src/Lcd/st7789.o
                0x080033ec                st7789_ReadPixel
 .text.st7789_SetDisplayWindow
                0x080034d8       0xcc ./Core/Src/Lcd/st7789.o
                0x080034d8                st7789_SetDisplayWindow
 .text.st7789_DrawHLine
                0x080035a4      0x104 ./Core/Src/Lcd/st7789.o
                0x080035a4                st7789_DrawHLine
 .text.st7789_DrawVLine
                0x080036a8      0x104 ./Core/Src/Lcd/st7789.o
                0x080036a8                st7789_DrawVLine
 .text.st7789_FillRect
                0x080037ac      0x118 ./Core/Src/Lcd/st7789.o
                0x080037ac                st7789_FillRect
 .text.st7789_DrawBitmap
                0x080038c4       0xf0 ./Core/Src/Lcd/st7789.o
                0x080038c4                st7789_DrawBitmap
 .text.st7789_DrawRGBImage
                0x080039b4       0x98 ./Core/Src/Lcd/st7789.o
                0x080039b4                st7789_DrawRGBImage
 .text.st7789_ReadRGBImage
                0x08003a4c       0x98 ./Core/Src/Lcd/st7789.o
                0x08003a4c                st7789_ReadRGBImage
 .text.st7789_Scroll
                0x08003ae4      0x158 ./Core/Src/Lcd/st7789.o
                0x08003ae4                st7789_Scroll
 .text.st7789_UserCommand
                0x08003c3c       0x8a ./Core/Src/Lcd/st7789.o
                0x08003c3c                st7789_UserCommand
 *fill*         0x08003cc6        0x2 
 .text.BSP_LCD_Init
                0x08003cc8       0x40 ./Core/Src/Lcd/stm32_adafruit_lcd.o
                0x08003cc8                BSP_LCD_Init
 .text.BSP_LCD_GetXSize
                0x08003d08       0x18 ./Core/Src/Lcd/stm32_adafruit_lcd.o
                0x08003d08                BSP_LCD_GetXSize
 .text.BSP_LCD_GetYSize
                0x08003d20       0x18 ./Core/Src/Lcd/stm32_adafruit_lcd.o
                0x08003d20                BSP_LCD_GetYSize
 .text.BSP_LCD_SetTextColor
                0x08003d38       0x20 ./Core/Src/Lcd/stm32_adafruit_lcd.o
                0x08003d38                BSP_LCD_SetTextColor
 .text.BSP_LCD_SetBackColor
                0x08003d58       0x20 ./Core/Src/Lcd/stm32_adafruit_lcd.o
                0x08003d58                BSP_LCD_SetBackColor
 .text.BSP_LCD_SetFont
                0x08003d78       0x20 ./Core/Src/Lcd/stm32_adafruit_lcd.o
                0x08003d78                BSP_LCD_SetFont
 .text.BSP_LCD_Clear
                0x08003d98       0x3c ./Core/Src/Lcd/stm32_adafruit_lcd.o
                0x08003d98                BSP_LCD_Clear
 .text.BSP_LCD_DisplayChar
                0x08003dd4       0x54 ./Core/Src/Lcd/stm32_adafruit_lcd.o
                0x08003dd4                BSP_LCD_DisplayChar
 .text.BSP_LCD_DisplayStringAt
                0x08003e28      0x120 ./Core/Src/Lcd/stm32_adafruit_lcd.o
                0x08003e28                BSP_LCD_DisplayStringAt
 .text.BSP_LCD_FillRect
                0x08003f48       0x48 ./Core/Src/Lcd/stm32_adafruit_lcd.o
                0x08003f48                BSP_LCD_FillRect
 .text.DrawChar
                0x08003f90      0x138 ./Core/Src/Lcd/stm32_adafruit_lcd.o
 .text.BSP_LCD_DrawRGB16Image
                0x080040c8       0x40 ./Core/Src/Lcd/stm32_adafruit_lcd.o
                0x080040c8                BSP_LCD_DrawRGB16Image
 .text.main     0x08004108       0x70 ./Core/Src/main.o
                0x08004108                main
 .text.SystemClock_Config
                0x08004178       0xe0 ./Core/Src/main.o
                0x08004178                SystemClock_Config
 .text.MX_SPI5_Init
                0x08004258       0xac ./Core/Src/main.o
 .text.MX_GPIO_Init
                0x08004304       0xe4 ./Core/Src/main.o
 .text.MPU_Config
                0x080043e8       0x58 ./Core/Src/main.o
 .text.Error_Handler
                0x08004440        0xc ./Core/Src/main.o
                0x08004440                Error_Handler
 .text.HAL_MspInit
                0x0800444c       0x34 ./Core/Src/stm32h7xx_hal_msp.o
                0x0800444c                HAL_MspInit
 .text.HAL_SPI_MspInit
                0x08004480       0xd0 ./Core/Src/stm32h7xx_hal_msp.o
                0x08004480                HAL_SPI_MspInit
 .text.NMI_Handler
                0x08004550        0x8 ./Core/Src/stm32h7xx_it.o
                0x08004550                NMI_Handler
 .text.HardFault_Handler
                0x08004558        0x8 ./Core/Src/stm32h7xx_it.o
                0x08004558                HardFault_Handler
 .text.MemManage_Handler
                0x08004560        0x8 ./Core/Src/stm32h7xx_it.o
                0x08004560                MemManage_Handler
 .text.BusFault_Handler
                0x08004568        0x8 ./Core/Src/stm32h7xx_it.o
                0x08004568                BusFault_Handler
 .text.UsageFault_Handler
                0x08004570        0x8 ./Core/Src/stm32h7xx_it.o
                0x08004570                UsageFault_Handler
 .text.SVC_Handler
                0x08004578        0xe ./Core/Src/stm32h7xx_it.o
                0x08004578                SVC_Handler
 .text.DebugMon_Handler
                0x08004586        0xe ./Core/Src/stm32h7xx_it.o
                0x08004586                DebugMon_Handler
 .text.PendSV_Handler
                0x08004594        0xe ./Core/Src/stm32h7xx_it.o
                0x08004594                PendSV_Handler
 .text.SysTick_Handler
                0x080045a2        0xc ./Core/Src/stm32h7xx_it.o
                0x080045a2                SysTick_Handler
 .text._getpid  0x080045ae       0x10 ./Core/Src/syscalls.o
                0x080045ae                _getpid
 .text._kill    0x080045be       0x20 ./Core/Src/syscalls.o
                0x080045be                _kill
 .text._exit    0x080045de       0x16 ./Core/Src/syscalls.o
                0x080045de                _exit
 .text._read    0x080045f4       0x3a ./Core/Src/syscalls.o
                0x080045f4                _read
 .text._write   0x0800462e       0x38 ./Core/Src/syscalls.o
                0x0800462e                _write
 .text._close   0x08004666       0x18 ./Core/Src/syscalls.o
                0x08004666                _close
 .text._fstat   0x0800467e       0x20 ./Core/Src/syscalls.o
                0x0800467e                _fstat
 .text._isatty  0x0800469e       0x16 ./Core/Src/syscalls.o
                0x0800469e                _isatty
 .text._lseek   0x080046b4       0x1a ./Core/Src/syscalls.o
                0x080046b4                _lseek
 *fill*         0x080046ce        0x2 
 .text._sbrk    0x080046d0       0x6c ./Core/Src/sysmem.o
                0x080046d0                _sbrk
 .text.SystemInit
                0x0800473c      0x120 ./Core/Src/system_stm32h7xx.o
                0x0800473c                SystemInit
 .text.ExitRun0Mode
                0x0800485c       0x30 ./Core/Src/system_stm32h7xx.o
                0x0800485c                ExitRun0Mode
 .text.Reset_Handler
                0x0800488c       0x54 ./Core/Startup/startup_stm32h723zgtx.o
                0x0800488c                Reset_Handler
 .text.Default_Handler
                0x080048e0        0x2 ./Core/Startup/startup_stm32h723zgtx.o
                0x080048e0                RTC_Alarm_IRQHandler
                0x080048e0                EXTI2_IRQHandler
                0x080048e0                TIM8_CC_IRQHandler
                0x080048e0                UART8_IRQHandler
                0x080048e0                SPI4_IRQHandler
                0x080048e0                FDCAN3_IT0_IRQHandler
                0x080048e0                TIM1_CC_IRQHandler
                0x080048e0                BDMA_Channel6_IRQHandler
                0x080048e0                DMA2_Stream5_IRQHandler
                0x080048e0                DMA1_Stream5_IRQHandler
                0x080048e0                CORDIC_IRQHandler
                0x080048e0                BDMA_Channel1_IRQHandler
                0x080048e0                TAMP_STAMP_IRQHandler
                0x080048e0                EXTI3_IRQHandler
                0x080048e0                LPTIM4_IRQHandler
                0x080048e0                TIM8_TRG_COM_TIM14_IRQHandler
                0x080048e0                LPTIM2_IRQHandler
                0x080048e0                DFSDM1_FLT1_IRQHandler
                0x080048e0                DMAMUX2_OVR_IRQHandler
                0x080048e0                TIM8_UP_TIM13_IRQHandler
                0x080048e0                I2C3_ER_IRQHandler
                0x080048e0                DFSDM1_FLT2_IRQHandler
                0x080048e0                I2C5_EV_IRQHandler
                0x080048e0                USART10_IRQHandler
                0x080048e0                MDMA_IRQHandler
                0x080048e0                LPTIM3_IRQHandler
                0x080048e0                HSEM1_IRQHandler
                0x080048e0                EXTI0_IRQHandler
                0x080048e0                I2C2_EV_IRQHandler
                0x080048e0                DMA1_Stream2_IRQHandler
                0x080048e0                FPU_IRQHandler
                0x080048e0                OTG_HS_WKUP_IRQHandler
                0x080048e0                FDCAN1_IT1_IRQHandler
                0x080048e0                LTDC_ER_IRQHandler
                0x080048e0                DMA2_Stream2_IRQHandler
                0x080048e0                SPI1_IRQHandler
                0x080048e0                OCTOSPI1_IRQHandler
                0x080048e0                TIM6_DAC_IRQHandler
                0x080048e0                DMA2_Stream3_IRQHandler
                0x080048e0                OCTOSPI2_IRQHandler
                0x080048e0                DFSDM1_FLT3_IRQHandler
                0x080048e0                TIM23_IRQHandler
                0x080048e0                USART6_IRQHandler
                0x080048e0                TIM17_IRQHandler
                0x080048e0                USART3_IRQHandler
                0x080048e0                BDMA_Channel7_IRQHandler
                0x080048e0                LPTIM5_IRQHandler
                0x080048e0                UART5_IRQHandler
                0x080048e0                ADC3_IRQHandler
                0x080048e0                DMA2_Stream0_IRQHandler
                0x080048e0                TIM4_IRQHandler
                0x080048e0                BDMA_Channel2_IRQHandler
                0x080048e0                I2C1_EV_IRQHandler
                0x080048e0                DMA1_Stream6_IRQHandler
                0x080048e0                DMAMUX1_OVR_IRQHandler
                0x080048e0                DMA1_Stream1_IRQHandler
                0x080048e0                TIM16_IRQHandler
                0x080048e0                UART4_IRQHandler
                0x080048e0                BDMA_Channel5_IRQHandler
                0x080048e0                TIM3_IRQHandler
                0x080048e0                RCC_IRQHandler
                0x080048e0                UART9_IRQHandler
                0x080048e0                TIM8_BRK_TIM12_IRQHandler
                0x080048e0                TIM1_TRG_COM_IRQHandler
                0x080048e0                Default_Handler
                0x080048e0                ECC_IRQHandler
                0x080048e0                FMAC_IRQHandler
                0x080048e0                CEC_IRQHandler
                0x080048e0                EXTI15_10_IRQHandler
                0x080048e0                BDMA_Channel0_IRQHandler
                0x080048e0                ADC_IRQHandler
                0x080048e0                I2C5_ER_IRQHandler
                0x080048e0                DMA1_Stream7_IRQHandler
                0x080048e0                SPI5_IRQHandler
                0x080048e0                TIM7_IRQHandler
                0x080048e0                FDCAN3_IT1_IRQHandler
                0x080048e0                SDMMC1_IRQHandler
                0x080048e0                TIM5_IRQHandler
                0x080048e0                DMA2_Stream7_IRQHandler
                0x080048e0                TIM15_IRQHandler
                0x080048e0                PVD_AVD_IRQHandler
                0x080048e0                I2C3_EV_IRQHandler
                0x080048e0                EXTI9_5_IRQHandler
                0x080048e0                RTC_WKUP_IRQHandler
                0x080048e0                LTDC_IRQHandler
                0x080048e0                ETH_WKUP_IRQHandler
                0x080048e0                SPDIF_RX_IRQHandler
                0x080048e0                SPI2_IRQHandler
                0x080048e0                OTG_HS_EP1_IN_IRQHandler
                0x080048e0                DMA1_Stream0_IRQHandler
                0x080048e0                TIM24_IRQHandler
                0x080048e0                CRS_IRQHandler
                0x080048e0                EXTI4_IRQHandler
                0x080048e0                RNG_IRQHandler
                0x080048e0                FDCAN2_IT1_IRQHandler
                0x080048e0                ETH_IRQHandler
                0x080048e0                TIM1_UP_IRQHandler
                0x080048e0                BDMA_Channel4_IRQHandler
                0x080048e0                OTG_HS_EP1_OUT_IRQHandler
                0x080048e0                WWDG_IRQHandler
                0x080048e0                SPI6_IRQHandler
                0x080048e0                MDIOS_IRQHandler
                0x080048e0                I2C4_EV_IRQHandler
                0x080048e0                FDCAN2_IT0_IRQHandler
                0x080048e0                LPUART1_IRQHandler
                0x080048e0                FDCAN1_IT0_IRQHandler
                0x080048e0                TIM2_IRQHandler
                0x080048e0                OTG_HS_IRQHandler
                0x080048e0                DMA2D_IRQHandler
                0x080048e0                TIM1_BRK_IRQHandler
                0x080048e0                EXTI1_IRQHandler
                0x080048e0                SDMMC2_IRQHandler
                0x080048e0                BDMA_Channel3_IRQHandler
                0x080048e0                DTS_IRQHandler
                0x080048e0                UART7_IRQHandler
                0x080048e0                MDIOS_WKUP_IRQHandler
                0x080048e0                USART2_IRQHandler
                0x080048e0                DFSDM1_FLT0_IRQHandler
                0x080048e0                SAI4_IRQHandler
                0x080048e0                I2C2_ER_IRQHandler
                0x080048e0                DMA2_Stream1_IRQHandler
                0x080048e0                FLASH_IRQHandler
                0x080048e0                DMA2_Stream4_IRQHandler
                0x080048e0                USART1_IRQHandler
                0x080048e0                SPI3_IRQHandler
                0x080048e0                WAKEUP_PIN_IRQHandler
                0x080048e0                DMA1_Stream4_IRQHandler
                0x080048e0                I2C1_ER_IRQHandler
                0x080048e0                FMC_IRQHandler
                0x080048e0                FDCAN_CAL_IRQHandler
                0x080048e0                SWPMI1_IRQHandler
                0x080048e0                COMP1_IRQHandler
                0x080048e0                LPTIM1_IRQHandler
                0x080048e0                DCMI_PSSI_IRQHandler
                0x080048e0                I2C4_ER_IRQHandler
                0x080048e0                DMA2_Stream6_IRQHandler
                0x080048e0                SAI1_IRQHandler
                0x080048e0                DMA1_Stream3_IRQHandler
 *fill*         0x080048e2        0x2 
 .text.BSP_LED_Init
                0x080048e4       0xec ./Drivers/BSP/STM32H7xx_Nucleo/stm32h7xx_nucleo.o
                0x080048e4                BSP_LED_Init
 .text.BSP_PB_Init
                0x080049d0       0xe4 ./Drivers/BSP/STM32H7xx_Nucleo/stm32h7xx_nucleo.o
                0x080049d0                BSP_PB_Init
 .text.BSP_PB_Callback
                0x08004ab4       0x16 ./Drivers/BSP/STM32H7xx_Nucleo/stm32h7xx_nucleo.o
                0x08004ab4                BSP_PB_Callback
 *fill*         0x08004aca        0x2 
 .text.BSP_COM_Init
                0x08004acc       0x60 ./Drivers/BSP/STM32H7xx_Nucleo/stm32h7xx_nucleo.o
                0x08004acc                BSP_COM_Init
 .text.MX_USART3_Init
                0x08004b2c       0x64 ./Drivers/BSP/STM32H7xx_Nucleo/stm32h7xx_nucleo.o
                0x08004b2c                MX_USART3_Init
 .text.__io_putchar
                0x08004b90       0x38 ./Drivers/BSP/STM32H7xx_Nucleo/stm32h7xx_nucleo.o
                0x08004b90                __io_putchar
 .text.BUTTON_USER_EXTI_Callback
                0x08004bc8        0xe ./Drivers/BSP/STM32H7xx_Nucleo/stm32h7xx_nucleo.o
 *fill*         0x08004bd6        0x2 
 .text.COM1_MspInit
                0x08004bd8       0xb0 ./Drivers/BSP/STM32H7xx_Nucleo/stm32h7xx_nucleo.o
 .text.HAL_Init
                0x08004c88       0x78 ./Drivers/STM32H7xx_HAL_Driver/Src/stm32h7xx_hal.o
                0x08004c88                HAL_Init
 .text.HAL_InitTick
                0x08004d00       0x6c ./Drivers/STM32H7xx_HAL_Driver/Src/stm32h7xx_hal.o
                0x08004d00                HAL_InitTick
 .text.HAL_IncTick
                0x08004d6c       0x28 ./Drivers/STM32H7xx_HAL_Driver/Src/stm32h7xx_hal.o
                0x08004d6c                HAL_IncTick
 .text.HAL_GetTick
                0x08004d94       0x18 ./Drivers/STM32H7xx_HAL_Driver/Src/stm32h7xx_hal.o
                0x08004d94                HAL_GetTick
 .text.HAL_Delay
                0x08004dac       0x48 ./Drivers/STM32H7xx_HAL_Driver/Src/stm32h7xx_hal.o
                0x08004dac                HAL_Delay
 .text.__NVIC_SetPriorityGrouping
                0x08004df4       0x48 ./Drivers/STM32H7xx_HAL_Driver/Src/stm32h7xx_hal_cortex.o
 .text.__NVIC_GetPriorityGrouping
                0x08004e3c       0x1c ./Drivers/STM32H7xx_HAL_Driver/Src/stm32h7xx_hal_cortex.o
 .text.__NVIC_EnableIRQ
                0x08004e58       0x3c ./Drivers/STM32H7xx_HAL_Driver/Src/stm32h7xx_hal_cortex.o
 .text.__NVIC_SetPriority
                0x08004e94       0x54 ./Drivers/STM32H7xx_HAL_Driver/Src/stm32h7xx_hal_cortex.o
 .text.NVIC_EncodePriority
                0x08004ee8       0x66 ./Drivers/STM32H7xx_HAL_Driver/Src/stm32h7xx_hal_cortex.o
 *fill*         0x08004f4e        0x2 
 .text.SysTick_Config
                0x08004f50       0x44 ./Drivers/STM32H7xx_HAL_Driver/Src/stm32h7xx_hal_cortex.o
 .text.HAL_NVIC_SetPriorityGrouping
                0x08004f94       0x16 ./Drivers/STM32H7xx_HAL_Driver/Src/stm32h7xx_hal_cortex.o
                0x08004f94                HAL_NVIC_SetPriorityGrouping
 .text.HAL_NVIC_SetPriority
                0x08004faa       0x34 ./Drivers/STM32H7xx_HAL_Driver/Src/stm32h7xx_hal_cortex.o
                0x08004faa                HAL_NVIC_SetPriority
 .text.HAL_NVIC_EnableIRQ
                0x08004fde       0x1c ./Drivers/STM32H7xx_HAL_Driver/Src/stm32h7xx_hal_cortex.o
                0x08004fde                HAL_NVIC_EnableIRQ
 .text.HAL_SYSTICK_Config
                0x08004ffa       0x18 ./Drivers/STM32H7xx_HAL_Driver/Src/stm32h7xx_hal_cortex.o
                0x08004ffa                HAL_SYSTICK_Config
 *fill*         0x08005012        0x2 
 .text.HAL_MPU_Disable
                0x08005014       0x30 ./Drivers/STM32H7xx_HAL_Driver/Src/stm32h7xx_hal_cortex.o
                0x08005014                HAL_MPU_Disable
 .text.HAL_MPU_Enable
                0x08005044       0x40 ./Drivers/STM32H7xx_HAL_Driver/Src/stm32h7xx_hal_cortex.o
                0x08005044                HAL_MPU_Enable
 .text.HAL_MPU_ConfigRegion
                0x08005084       0x80 ./Drivers/STM32H7xx_HAL_Driver/Src/stm32h7xx_hal_cortex.o
                0x08005084                HAL_MPU_ConfigRegion
 .text.HAL_EXTI_RegisterCallback
                0x08005104       0x3e ./Drivers/STM32H7xx_HAL_Driver/Src/stm32h7xx_hal_exti.o
                0x08005104                HAL_EXTI_RegisterCallback
 .text.HAL_EXTI_GetHandle
                0x08005142       0x28 ./Drivers/STM32H7xx_HAL_Driver/Src/stm32h7xx_hal_exti.o
                0x08005142                HAL_EXTI_GetHandle
 *fill*         0x0800516a        0x2 
 .text.HAL_GPIO_Init
                0x0800516c      0x350 ./Drivers/STM32H7xx_HAL_Driver/Src/stm32h7xx_hal_gpio.o
                0x0800516c                HAL_GPIO_Init
 .text.HAL_GPIO_ReadPin
                0x080054bc       0x30 ./Drivers/STM32H7xx_HAL_Driver/Src/stm32h7xx_hal_gpio.o
                0x080054bc                HAL_GPIO_ReadPin
 .text.HAL_GPIO_WritePin
                0x080054ec       0x32 ./Drivers/STM32H7xx_HAL_Driver/Src/stm32h7xx_hal_gpio.o
                0x080054ec                HAL_GPIO_WritePin
 *fill*         0x0800551e        0x2 
 .text.HAL_PWREx_ConfigSupply
                0x08005520       0x74 ./Drivers/STM32H7xx_HAL_Driver/Src/stm32h7xx_hal_pwr_ex.o
                0x08005520                HAL_PWREx_ConfigSupply
 .text.HAL_RCC_OscConfig
                0x08005594      0x7b4 ./Drivers/STM32H7xx_HAL_Driver/Src/stm32h7xx_hal_rcc.o
                0x08005594                HAL_RCC_OscConfig
 .text.HAL_RCC_ClockConfig
                0x08005d48      0x36c ./Drivers/STM32H7xx_HAL_Driver/Src/stm32h7xx_hal_rcc.o
                0x08005d48                HAL_RCC_ClockConfig
 .text.HAL_RCC_GetSysClockFreq
                0x080060b4      0x2f4 ./Drivers/STM32H7xx_HAL_Driver/Src/stm32h7xx_hal_rcc.o
                0x080060b4                HAL_RCC_GetSysClockFreq
 .text.HAL_RCC_GetHCLKFreq
                0x080063a8       0x60 ./Drivers/STM32H7xx_HAL_Driver/Src/stm32h7xx_hal_rcc.o
                0x080063a8                HAL_RCC_GetHCLKFreq
 .text.HAL_RCC_GetPCLK1Freq
                0x08006408       0x2c ./Drivers/STM32H7xx_HAL_Driver/Src/stm32h7xx_hal_rcc.o
                0x08006408                HAL_RCC_GetPCLK1Freq
 .text.HAL_RCC_GetPCLK2Freq
                0x08006434       0x2c ./Drivers/STM32H7xx_HAL_Driver/Src/stm32h7xx_hal_rcc.o
                0x08006434                HAL_RCC_GetPCLK2Freq
 .text.HAL_RCCEx_PeriphCLKConfig
                0x08006460     0x1340 ./Drivers/STM32H7xx_HAL_Driver/Src/stm32h7xx_hal_rcc_ex.o
                0x08006460                HAL_RCCEx_PeriphCLKConfig
 .text.HAL_RCCEx_GetD3PCLK1Freq
                0x080077a0       0x2c ./Drivers/STM32H7xx_HAL_Driver/Src/stm32h7xx_hal_rcc_ex.o
                0x080077a0                HAL_RCCEx_GetD3PCLK1Freq
 .text.HAL_RCCEx_GetPLL2ClockFreq
                0x080077cc      0x2a8 ./Drivers/STM32H7xx_HAL_Driver/Src/stm32h7xx_hal_rcc_ex.o
                0x080077cc                HAL_RCCEx_GetPLL2ClockFreq
 .text.HAL_RCCEx_GetPLL3ClockFreq
                0x08007a74      0x2a8 ./Drivers/STM32H7xx_HAL_Driver/Src/stm32h7xx_hal_rcc_ex.o
                0x08007a74                HAL_RCCEx_GetPLL3ClockFreq
 .text.RCCEx_PLL2_Config
                0x08007d1c      0x164 ./Drivers/STM32H7xx_HAL_Driver/Src/stm32h7xx_hal_rcc_ex.o
 .text.RCCEx_PLL3_Config
                0x08007e80      0x164 ./Drivers/STM32H7xx_HAL_Driver/Src/stm32h7xx_hal_rcc_ex.o
 .text.HAL_SPI_Init
                0x08007fe4      0x248 ./Drivers/STM32H7xx_HAL_Driver/Src/stm32h7xx_hal_spi.o
                0x08007fe4                HAL_SPI_Init
 .text.HAL_SPI_Transmit
                0x0800822c      0x3dc ./Drivers/STM32H7xx_HAL_Driver/Src/stm32h7xx_hal_spi.o
                0x0800822c                HAL_SPI_Transmit
 .text.HAL_SPI_Receive
                0x08008608      0x4e4 ./Drivers/STM32H7xx_HAL_Driver/Src/stm32h7xx_hal_spi.o
                0x08008608                HAL_SPI_Receive
 .text.SPI_CloseTransfer
                0x08008aec      0x140 ./Drivers/STM32H7xx_HAL_Driver/Src/stm32h7xx_hal_spi.o
 .text.SPI_WaitOnFlagUntilTimeout
                0x08008c2c       0x5c ./Drivers/STM32H7xx_HAL_Driver/Src/stm32h7xx_hal_spi.o
 .text.SPI_GetPacketSize
                0x08008c88       0x36 ./Drivers/STM32H7xx_HAL_Driver/Src/stm32h7xx_hal_spi.o
 .text.HAL_UART_Init
                0x08008cbe       0xa0 ./Drivers/STM32H7xx_HAL_Driver/Src/stm32h7xx_hal_uart.o
                0x08008cbe                HAL_UART_Init
 .text.HAL_UART_MspInit
                0x08008d5e       0x14 ./Drivers/STM32H7xx_HAL_Driver/Src/stm32h7xx_hal_uart.o
                0x08008d5e                HAL_UART_MspInit
 .text.HAL_UART_Transmit
                0x08008d72      0x11c ./Drivers/STM32H7xx_HAL_Driver/Src/stm32h7xx_hal_uart.o
                0x08008d72                HAL_UART_Transmit
 *fill*         0x08008e8e        0x2 
 .text.UART_SetConfig
                0x08008e90      0xcd8 ./Drivers/STM32H7xx_HAL_Driver/Src/stm32h7xx_hal_uart.o
                0x08008e90                UART_SetConfig
 .text.UART_AdvFeatureConfig
                0x08009b68      0x144 ./Drivers/STM32H7xx_HAL_Driver/Src/stm32h7xx_hal_uart.o
                0x08009b68                UART_AdvFeatureConfig
 .text.UART_CheckIdleState
                0x08009cac      0x154 ./Drivers/STM32H7xx_HAL_Driver/Src/stm32h7xx_hal_uart.o
                0x08009cac                UART_CheckIdleState
 .text.UART_WaitOnFlagUntilTimeout
                0x08009e00       0xda ./Drivers/STM32H7xx_HAL_Driver/Src/stm32h7xx_hal_uart.o
                0x08009e00                UART_WaitOnFlagUntilTimeout
 *fill*         0x08009eda        0x2 
 .text.UART_EndRxTransfer
                0x08009edc       0xcc ./Drivers/STM32H7xx_HAL_Driver/Src/stm32h7xx_hal_uart.o
 .text.random   0x08009fa8       0x7c C:/ST/STM32CubeIDE_1.19.0/STM32CubeIDE/plugins/com.st.stm32cube.ide.mcu.externaltools.gnu-tools-for-stm32.13.3.rel1.win32_1.0.0.202411081344/tools/bin/../lib/gcc/arm-none-eabi/13.3.1/../../../../arm-none-eabi/lib/thumb/v7e-m+dp/hard\libc_nano.a(libc_a-random.o)
                0x08009fa8                random
 .text.std      0x0800a024       0x6c C:/ST/STM32CubeIDE_1.19.0/STM32CubeIDE/plugins/com.st.stm32cube.ide.mcu.externaltools.gnu-tools-for-stm32.13.3.rel1.win32_1.0.0.202411081344/tools/bin/../lib/gcc/arm-none-eabi/13.3.1/../../../../arm-none-eabi/lib/thumb/v7e-m+dp/hard\libc_nano.a(libc_a-findfp.o)
 .text.stdio_exit_handler
                0x0800a090       0x18 C:/ST/STM32CubeIDE_1.19.0/STM32CubeIDE/plugins/com.st.stm32cube.ide.mcu.externaltools.gnu-tools-for-stm32.13.3.rel1.win32_1.0.0.202411081344/tools/bin/../lib/gcc/arm-none-eabi/13.3.1/../../../../arm-none-eabi/lib/thumb/v7e-m+dp/hard\libc_nano.a(libc_a-findfp.o)
 .text.cleanup_stdio
                0x0800a0a8       0x40 C:/ST/STM32CubeIDE_1.19.0/STM32CubeIDE/plugins/com.st.stm32cube.ide.mcu.externaltools.gnu-tools-for-stm32.13.3.rel1.win32_1.0.0.202411081344/tools/bin/../lib/gcc/arm-none-eabi/13.3.1/../../../../arm-none-eabi/lib/thumb/v7e-m+dp/hard\libc_nano.a(libc_a-findfp.o)
 .text.global_stdio_init.part.0
                0x0800a0e8       0x3c C:/ST/STM32CubeIDE_1.19.0/STM32CubeIDE/plugins/com.st.stm32cube.ide.mcu.externaltools.gnu-tools-for-stm32.13.3.rel1.win32_1.0.0.202411081344/tools/bin/../lib/gcc/arm-none-eabi/13.3.1/../../../../arm-none-eabi/lib/thumb/v7e-m+dp/hard\libc_nano.a(libc_a-findfp.o)
 .text.__sfp_lock_acquire
                0x0800a124        0xc C:/ST/STM32CubeIDE_1.19.0/STM32CubeIDE/plugins/com.st.stm32cube.ide.mcu.externaltools.gnu-tools-for-stm32.13.3.rel1.win32_1.0.0.202411081344/tools/bin/../lib/gcc/arm-none-eabi/13.3.1/../../../../arm-none-eabi/lib/thumb/v7e-m+dp/hard\libc_nano.a(libc_a-findfp.o)
                0x0800a124                __sfp_lock_acquire
 .text.__sfp_lock_release
                0x0800a130        0xc C:/ST/STM32CubeIDE_1.19.0/STM32CubeIDE/plugins/com.st.stm32cube.ide.mcu.externaltools.gnu-tools-for-stm32.13.3.rel1.win32_1.0.0.202411081344/tools/bin/../lib/gcc/arm-none-eabi/13.3.1/../../../../arm-none-eabi/lib/thumb/v7e-m+dp/hard\libc_nano.a(libc_a-findfp.o)
                0x0800a130                __sfp_lock_release
 .text.__sinit  0x0800a13c       0x30 C:/ST/STM32CubeIDE_1.19.0/STM32CubeIDE/plugins/com.st.stm32cube.ide.mcu.externaltools.gnu-tools-for-stm32.13.3.rel1.win32_1.0.0.202411081344/tools/bin/../lib/gcc/arm-none-eabi/13.3.1/../../../../arm-none-eabi/lib/thumb/v7e-m+dp/hard\libc_nano.a(libc_a-findfp.o)
                0x0800a13c                __sinit
 .text._fwalk_sglue
                0x0800a16c       0x3c C:/ST/STM32CubeIDE_1.19.0/STM32CubeIDE/plugins/com.st.stm32cube.ide.mcu.externaltools.gnu-tools-for-stm32.13.3.rel1.win32_1.0.0.202411081344/tools/bin/../lib/gcc/arm-none-eabi/13.3.1/../../../../arm-none-eabi/lib/thumb/v7e-m+dp/hard\libc_nano.a(libc_a-fwalk.o)
                0x0800a16c                _fwalk_sglue
 .text.snprintf
                0x0800a1a8       0x6c C:/ST/STM32CubeIDE_1.19.0/STM32CubeIDE/plugins/com.st.stm32cube.ide.mcu.externaltools.gnu-tools-for-stm32.13.3.rel1.win32_1.0.0.202411081344/tools/bin/../lib/gcc/arm-none-eabi/13.3.1/../../../../arm-none-eabi/lib/thumb/v7e-m+dp/hard\libc_nano.a(libc_a-snprintf.o)
                0x0800a1a8                sniprintf
                0x0800a1a8                snprintf
 .text.__sread  0x0800a214       0x22 C:/ST/STM32CubeIDE_1.19.0/STM32CubeIDE/plugins/com.st.stm32cube.ide.mcu.externaltools.gnu-tools-for-stm32.13.3.rel1.win32_1.0.0.202411081344/tools/bin/../lib/gcc/arm-none-eabi/13.3.1/../../../../arm-none-eabi/lib/thumb/v7e-m+dp/hard\libc_nano.a(libc_a-stdio.o)
                0x0800a214                __sread
 .text.__swrite
                0x0800a236       0x38 C:/ST/STM32CubeIDE_1.19.0/STM32CubeIDE/plugins/com.st.stm32cube.ide.mcu.externaltools.gnu-tools-for-stm32.13.3.rel1.win32_1.0.0.202411081344/tools/bin/../lib/gcc/arm-none-eabi/13.3.1/../../../../arm-none-eabi/lib/thumb/v7e-m+dp/hard\libc_nano.a(libc_a-stdio.o)
                0x0800a236                __swrite
 .text.__sseek  0x0800a26e       0x24 C:/ST/STM32CubeIDE_1.19.0/STM32CubeIDE/plugins/com.st.stm32cube.ide.mcu.externaltools.gnu-tools-for-stm32.13.3.rel1.win32_1.0.0.202411081344/tools/bin/../lib/gcc/arm-none-eabi/13.3.1/../../../../arm-none-eabi/lib/thumb/v7e-m+dp/hard\libc_nano.a(libc_a-stdio.o)
                0x0800a26e                __sseek
 .text.__sclose
                0x0800a292        0x8 C:/ST/STM32CubeIDE_1.19.0/STM32CubeIDE/plugins/com.st.stm32cube.ide.mcu.externaltools.gnu-tools-for-stm32.13.3.rel1.win32_1.0.0.202411081344/tools/bin/../lib/gcc/arm-none-eabi/13.3.1/../../../../arm-none-eabi/lib/thumb/v7e-m+dp/hard\libc_nano.a(libc_a-stdio.o)
                0x0800a292                __sclose
 .text.memset   0x0800a29a       0x10 C:/ST/STM32CubeIDE_1.19.0/STM32CubeIDE/plugins/com.st.stm32cube.ide.mcu.externaltools.gnu-tools-for-stm32.13.3.rel1.win32_1.0.0.202411081344/tools/bin/../lib/gcc/arm-none-eabi/13.3.1/../../../../arm-none-eabi/lib/thumb/v7e-m+dp/hard\libc_nano.a(libc_a-memset.o)
                0x0800a29a                memset
 *fill*         0x0800a2aa        0x2 
 .text._close_r
                0x0800a2ac       0x20 C:/ST/STM32CubeIDE_1.19.0/STM32CubeIDE/plugins/com.st.stm32cube.ide.mcu.externaltools.gnu-tools-for-stm32.13.3.rel1.win32_1.0.0.202411081344/tools/bin/../lib/gcc/arm-none-eabi/13.3.1/../../../../arm-none-eabi/lib/thumb/v7e-m+dp/hard\libc_nano.a(libc_a-closer.o)
                0x0800a2ac                _close_r
 .text._lseek_r
                0x0800a2cc       0x24 C:/ST/STM32CubeIDE_1.19.0/STM32CubeIDE/plugins/com.st.stm32cube.ide.mcu.externaltools.gnu-tools-for-stm32.13.3.rel1.win32_1.0.0.202411081344/tools/bin/../lib/gcc/arm-none-eabi/13.3.1/../../../../arm-none-eabi/lib/thumb/v7e-m+dp/hard\libc_nano.a(libc_a-lseekr.o)
                0x0800a2cc                _lseek_r
 .text._read_r  0x0800a2f0       0x24 C:/ST/STM32CubeIDE_1.19.0/STM32CubeIDE/plugins/com.st.stm32cube.ide.mcu.externaltools.gnu-tools-for-stm32.13.3.rel1.win32_1.0.0.202411081344/tools/bin/../lib/gcc/arm-none-eabi/13.3.1/../../../../arm-none-eabi/lib/thumb/v7e-m+dp/hard\libc_nano.a(libc_a-readr.o)
                0x0800a2f0                _read_r
 .text._write_r
                0x0800a314       0x24 C:/ST/STM32CubeIDE_1.19.0/STM32CubeIDE/plugins/com.st.stm32cube.ide.mcu.externaltools.gnu-tools-for-stm32.13.3.rel1.win32_1.0.0.202411081344/tools/bin/../lib/gcc/arm-none-eabi/13.3.1/../../../../arm-none-eabi/lib/thumb/v7e-m+dp/hard\libc_nano.a(libc_a-writer.o)
                0x0800a314                _write_r
 .text.__errno  0x0800a338        0xc C:/ST/STM32CubeIDE_1.19.0/STM32CubeIDE/plugins/com.st.stm32cube.ide.mcu.externaltools.gnu-tools-for-stm32.13.3.rel1.win32_1.0.0.202411081344/tools/bin/../lib/gcc/arm-none-eabi/13.3.1/../../../../arm-none-eabi/lib/thumb/v7e-m+dp/hard\libc_nano.a(libc_a-errno.o)
                0x0800a338                __errno
 .text.__libc_init_array
                0x0800a344       0x48 C:/ST/STM32CubeIDE_1.19.0/STM32CubeIDE/plugins/com.st.stm32cube.ide.mcu.externaltools.gnu-tools-for-stm32.13.3.rel1.win32_1.0.0.202411081344/tools/bin/../lib/gcc/arm-none-eabi/13.3.1/../../../../arm-none-eabi/lib/thumb/v7e-m+dp/hard\libc_nano.a(libc_a-init.o)
                0x0800a344                __libc_init_array
 .text.__retarget_lock_init_recursive
                0x0800a38c        0x2 C:/ST/STM32CubeIDE_1.19.0/STM32CubeIDE/plugins/com.st.stm32cube.ide.mcu.externaltools.gnu-tools-for-stm32.13.3.rel1.win32_1.0.0.202411081344/tools/bin/../lib/gcc/arm-none-eabi/13.3.1/../../../../arm-none-eabi/lib/thumb/v7e-m+dp/hard\libc_nano.a(libc_a-lock.o)
                0x0800a38c                __retarget_lock_init_recursive
 .text.__retarget_lock_acquire_recursive
                0x0800a38e        0x2 C:/ST/STM32CubeIDE_1.19.0/STM32CubeIDE/plugins/com.st.stm32cube.ide.mcu.externaltools.gnu-tools-for-stm32.13.3.rel1.win32_1.0.0.202411081344/tools/bin/../lib/gcc/arm-none-eabi/13.3.1/../../../../arm-none-eabi/lib/thumb/v7e-m+dp/hard\libc_nano.a(libc_a-lock.o)
                0x0800a38e                __retarget_lock_acquire_recursive
 .text.__retarget_lock_release_recursive
                0x0800a390        0x2 C:/ST/STM32CubeIDE_1.19.0/STM32CubeIDE/plugins/com.st.stm32cube.ide.mcu.externaltools.gnu-tools-for-stm32.13.3.rel1.win32_1.0.0.202411081344/tools/bin/../lib/gcc/arm-none-eabi/13.3.1/../../../../arm-none-eabi/lib/thumb/v7e-m+dp/hard\libc_nano.a(libc_a-lock.o)
                0x0800a390                __retarget_lock_release_recursive
 *fill*         0x0800a392        0x2 
 .text.__assert_func
                0x0800a394       0x3c C:/ST/STM32CubeIDE_1.19.0/STM32CubeIDE/plugins/com.st.stm32cube.ide.mcu.externaltools.gnu-tools-for-stm32.13.3.rel1.win32_1.0.0.202411081344/tools/bin/../lib/gcc/arm-none-eabi/13.3.1/../../../../arm-none-eabi/lib/thumb/v7e-m+dp/hard\libc_nano.a(libc_a-assert.o)
                0x0800a394                __assert_func
 .text._free_r  0x0800a3d0       0x94 C:/ST/STM32CubeIDE_1.19.0/STM32CubeIDE/plugins/com.st.stm32cube.ide.mcu.externaltools.gnu-tools-for-stm32.13.3.rel1.win32_1.0.0.202411081344/tools/bin/../lib/gcc/arm-none-eabi/13.3.1/../../../../arm-none-eabi/lib/thumb/v7e-m+dp/hard\libc_nano.a(libc_a-freer.o)
                0x0800a3d0                _free_r
 .text.malloc   0x0800a464       0x10 C:/ST/STM32CubeIDE_1.19.0/STM32CubeIDE/plugins/com.st.stm32cube.ide.mcu.externaltools.gnu-tools-for-stm32.13.3.rel1.win32_1.0.0.202411081344/tools/bin/../lib/gcc/arm-none-eabi/13.3.1/../../../../arm-none-eabi/lib/thumb/v7e-m+dp/hard\libc_nano.a(libc_a-malloc.o)
                0x0800a464                malloc
 .text.sbrk_aligned
                0x0800a474       0x44 C:/ST/STM32CubeIDE_1.19.0/STM32CubeIDE/plugins/com.st.stm32cube.ide.mcu.externaltools.gnu-tools-for-stm32.13.3.rel1.win32_1.0.0.202411081344/tools/bin/../lib/gcc/arm-none-eabi/13.3.1/../../../../arm-none-eabi/lib/thumb/v7e-m+dp/hard\libc_nano.a(libc_a-mallocr.o)
 .text._malloc_r
                0x0800a4b8      0x100 C:/ST/STM32CubeIDE_1.19.0/STM32CubeIDE/plugins/com.st.stm32cube.ide.mcu.externaltools.gnu-tools-for-stm32.13.3.rel1.win32_1.0.0.202411081344/tools/bin/../lib/gcc/arm-none-eabi/13.3.1/../../../../arm-none-eabi/lib/thumb/v7e-m+dp/hard\libc_nano.a(libc_a-mallocr.o)
                0x0800a4b8                _malloc_r
 .text.__malloc_lock
                0x0800a5b8        0xc C:/ST/STM32CubeIDE_1.19.0/STM32CubeIDE/plugins/com.st.stm32cube.ide.mcu.externaltools.gnu-tools-for-stm32.13.3.rel1.win32_1.0.0.202411081344/tools/bin/../lib/gcc/arm-none-eabi/13.3.1/../../../../arm-none-eabi/lib/thumb/v7e-m+dp/hard\libc_nano.a(libc_a-mlock.o)
                0x0800a5b8                __malloc_lock
 .text.__malloc_unlock
                0x0800a5c4        0xc C:/ST/STM32CubeIDE_1.19.0/STM32CubeIDE/plugins/com.st.stm32cube.ide.mcu.externaltools.gnu-tools-for-stm32.13.3.rel1.win32_1.0.0.202411081344/tools/bin/../lib/gcc/arm-none-eabi/13.3.1/../../../../arm-none-eabi/lib/thumb/v7e-m+dp/hard\libc_nano.a(libc_a-mlock.o)
                0x0800a5c4                __malloc_unlock
 .text.__ssputs_r
                0x0800a5d0       0xb6 C:/ST/STM32CubeIDE_1.19.0/STM32CubeIDE/plugins/com.st.stm32cube.ide.mcu.externaltools.gnu-tools-for-stm32.13.3.rel1.win32_1.0.0.202411081344/tools/bin/../lib/gcc/arm-none-eabi/13.3.1/../../../../arm-none-eabi/lib/thumb/v7e-m+dp/hard\libc_nano.a(libc_a-nano-svfprintf.o)
                0x0800a5d0                __ssputs_r
 *fill*         0x0800a686        0x2 
 .text._svfprintf_r
                0x0800a688      0x1f8 C:/ST/STM32CubeIDE_1.19.0/STM32CubeIDE/plugins/com.st.stm32cube.ide.mcu.externaltools.gnu-tools-for-stm32.13.3.rel1.win32_1.0.0.202411081344/tools/bin/../lib/gcc/arm-none-eabi/13.3.1/../../../../arm-none-eabi/lib/thumb/v7e-m+dp/hard\libc_nano.a(libc_a-nano-svfprintf.o)
                0x0800a688                _svfiprintf_r
                0x0800a688                _svfprintf_r
 .text._printf_common
                0x0800a880       0xda C:/ST/STM32CubeIDE_1.19.0/STM32CubeIDE/plugins/com.st.stm32cube.ide.mcu.externaltools.gnu-tools-for-stm32.13.3.rel1.win32_1.0.0.202411081344/tools/bin/../lib/gcc/arm-none-eabi/13.3.1/../../../../arm-none-eabi/lib/thumb/v7e-m+dp/hard\libc_nano.a(libc_a-nano-vfprintf_i.o)
                0x0800a880                _printf_common
 *fill*         0x0800a95a        0x2 
 .text._printf_i
                0x0800a95c      0x23c C:/ST/STM32CubeIDE_1.19.0/STM32CubeIDE/plugins/com.st.stm32cube.ide.mcu.externaltools.gnu-tools-for-stm32.13.3.rel1.win32_1.0.0.202411081344/tools/bin/../lib/gcc/arm-none-eabi/13.3.1/../../../../arm-none-eabi/lib/thumb/v7e-m+dp/hard\libc_nano.a(libc_a-nano-vfprintf_i.o)
                0x0800a95c                _printf_i
 .text.__sflush_r
                0x0800ab98      0x108 C:/ST/STM32CubeIDE_1.19.0/STM32CubeIDE/plugins/com.st.stm32cube.ide.mcu.externaltools.gnu-tools-for-stm32.13.3.rel1.win32_1.0.0.202411081344/tools/bin/../lib/gcc/arm-none-eabi/13.3.1/../../../../arm-none-eabi/lib/thumb/v7e-m+dp/hard\libc_nano.a(libc_a-fflush.o)
                0x0800ab98                __sflush_r
 .text._fflush_r
                0x0800aca0       0x50 C:/ST/STM32CubeIDE_1.19.0/STM32CubeIDE/plugins/com.st.stm32cube.ide.mcu.externaltools.gnu-tools-for-stm32.13.3.rel1.win32_1.0.0.202411081344/tools/bin/../lib/gcc/arm-none-eabi/13.3.1/../../../../arm-none-eabi/lib/thumb/v7e-m+dp/hard\libc_nano.a(libc_a-fflush.o)
                0x0800aca0                _fflush_r
 .text.fprintf  0x0800acf0       0x24 C:/ST/STM32CubeIDE_1.19.0/STM32CubeIDE/plugins/com.st.stm32cube.ide.mcu.externaltools.gnu-tools-for-stm32.13.3.rel1.win32_1.0.0.202411081344/tools/bin/../lib/gcc/arm-none-eabi/13.3.1/../../../../arm-none-eabi/lib/thumb/v7e-m+dp/hard\libc_nano.a(libc_a-fprintf.o)
                0x0800acf0                fiprintf
                0x0800acf0                fprintf
 .text.memmove  0x0800ad14       0x34 C:/ST/STM32CubeIDE_1.19.0/STM32CubeIDE/plugins/com.st.stm32cube.ide.mcu.externaltools.gnu-tools-for-stm32.13.3.rel1.win32_1.0.0.202411081344/tools/bin/../lib/gcc/arm-none-eabi/13.3.1/../../../../arm-none-eabi/lib/thumb/v7e-m+dp/hard\libc_nano.a(libc_a-memmove.o)
                0x0800ad14                memmove
 .text._sbrk_r  0x0800ad48       0x20 C:/ST/STM32CubeIDE_1.19.0/STM32CubeIDE/plugins/com.st.stm32cube.ide.mcu.externaltools.gnu-tools-for-stm32.13.3.rel1.win32_1.0.0.202411081344/tools/bin/../lib/gcc/arm-none-eabi/13.3.1/../../../../arm-none-eabi/lib/thumb/v7e-m+dp/hard\libc_nano.a(libc_a-sbrkr.o)
                0x0800ad48                _sbrk_r
 .text.memcpy   0x0800ad68       0x1c C:/ST/STM32CubeIDE_1.19.0/STM32CubeIDE/plugins/com.st.stm32cube.ide.mcu.externaltools.gnu-tools-for-stm32.13.3.rel1.win32_1.0.0.202411081344/tools/bin/../lib/gcc/arm-none-eabi/13.3.1/../../../../arm-none-eabi/lib/thumb/v7e-m+dp/hard\libc_nano.a(libc_a-memcpy-stub.o)
                0x0800ad68                memcpy
 .text.abort    0x0800ad84        0xe C:/ST/STM32CubeIDE_1.19.0/STM32CubeIDE/plugins/com.st.stm32cube.ide.mcu.externaltools.gnu-tools-for-stm32.13.3.rel1.win32_1.0.0.202411081344/tools/bin/../lib/gcc/arm-none-eabi/13.3.1/../../../../arm-none-eabi/lib/thumb/v7e-m+dp/hard\libc_nano.a(libc_a-abort.o)
                0x0800ad84                abort
 .text._realloc_r
                0x0800ad92       0x5c C:/ST/STM32CubeIDE_1.19.0/STM32CubeIDE/plugins/com.st.stm32cube.ide.mcu.externaltools.gnu-tools-for-stm32.13.3.rel1.win32_1.0.0.202411081344/tools/bin/../lib/gcc/arm-none-eabi/13.3.1/../../../../arm-none-eabi/lib/thumb/v7e-m+dp/hard\libc_nano.a(libc_a-reallocr.o)
                0x0800ad92                _realloc_r
 .text.__sfputc_r
                0x0800adee       0x2e C:/ST/STM32CubeIDE_1.19.0/STM32CubeIDE/plugins/com.st.stm32cube.ide.mcu.externaltools.gnu-tools-for-stm32.13.3.rel1.win32_1.0.0.202411081344/tools/bin/../lib/gcc/arm-none-eabi/13.3.1/../../../../arm-none-eabi/lib/thumb/v7e-m+dp/hard\libc_nano.a(libc_a-nano-vfprintf.o)
 .text.__sfputs_r
                0x0800ae1c       0x24 C:/ST/STM32CubeIDE_1.19.0/STM32CubeIDE/plugins/com.st.stm32cube.ide.mcu.externaltools.gnu-tools-for-stm32.13.3.rel1.win32_1.0.0.202411081344/tools/bin/../lib/gcc/arm-none-eabi/13.3.1/../../../../arm-none-eabi/lib/thumb/v7e-m+dp/hard\libc_nano.a(libc_a-nano-vfprintf.o)
                0x0800ae1c                __sfputs_r
 .text._vfprintf_r
                0x0800ae40      0x230 C:/ST/STM32CubeIDE_1.19.0/STM32CubeIDE/plugins/com.st.stm32cube.ide.mcu.externaltools.gnu-tools-for-stm32.13.3.rel1.win32_1.0.0.202411081344/tools/bin/../lib/gcc/arm-none-eabi/13.3.1/../../../../arm-none-eabi/lib/thumb/v7e-m+dp/hard\libc_nano.a(libc_a-nano-vfprintf.o)
                0x0800ae40                _vfprintf_r
                0x0800ae40                _vfiprintf_r
 .text.__swbuf_r
                0x0800b070       0x7c C:/ST/STM32CubeIDE_1.19.0/STM32CubeIDE/plugins/com.st.stm32cube.ide.mcu.externaltools.gnu-tools-for-stm32.13.3.rel1.win32_1.0.0.202411081344/tools/bin/../lib/gcc/arm-none-eabi/13.3.1/../../../../arm-none-eabi/lib/thumb/v7e-m+dp/hard\libc_nano.a(libc_a-wbuf.o)
                0x0800b070                __swbuf_r
 .text.__swsetup_r
                0x0800b0ec       0xac C:/ST/STM32CubeIDE_1.19.0/STM32CubeIDE/plugins/com.st.stm32cube.ide.mcu.externaltools.gnu-tools-for-stm32.13.3.rel1.win32_1.0.0.202411081344/tools/bin/../lib/gcc/arm-none-eabi/13.3.1/../../../../arm-none-eabi/lib/thumb/v7e-m+dp/hard\libc_nano.a(libc_a-wsetup.o)
                0x0800b0ec                __swsetup_r
 .text._raise_r
                0x0800b198       0x50 C:/ST/STM32CubeIDE_1.19.0/STM32CubeIDE/plugins/com.st.stm32cube.ide.mcu.externaltools.gnu-tools-for-stm32.13.3.rel1.win32_1.0.0.202411081344/tools/bin/../lib/gcc/arm-none-eabi/13.3.1/../../../../arm-none-eabi/lib/thumb/v7e-m+dp/hard\libc_nano.a(libc_a-signal.o)
                0x0800b198                _raise_r
 .text.raise    0x0800b1e8       0x10 C:/ST/STM32CubeIDE_1.19.0/STM32CubeIDE/plugins/com.st.stm32cube.ide.mcu.externaltools.gnu-tools-for-stm32.13.3.rel1.win32_1.0.0.202411081344/tools/bin/../lib/gcc/arm-none-eabi/13.3.1/../../../../arm-none-eabi/lib/thumb/v7e-m+dp/hard\libc_nano.a(libc_a-signal.o)
                0x0800b1e8                raise
 .text._kill_r  0x0800b1f8       0x24 C:/ST/STM32CubeIDE_1.19.0/STM32CubeIDE/plugins/com.st.stm32cube.ide.mcu.externaltools.gnu-tools-for-stm32.13.3.rel1.win32_1.0.0.202411081344/tools/bin/../lib/gcc/arm-none-eabi/13.3.1/../../../../arm-none-eabi/lib/thumb/v7e-m+dp/hard\libc_nano.a(libc_a-signalr.o)
                0x0800b1f8                _kill_r
 .text._getpid_r
                0x0800b21c        0x4 C:/ST/STM32CubeIDE_1.19.0/STM32CubeIDE/plugins/com.st.stm32cube.ide.mcu.externaltools.gnu-tools-for-stm32.13.3.rel1.win32_1.0.0.202411081344/tools/bin/../lib/gcc/arm-none-eabi/13.3.1/../../../../arm-none-eabi/lib/thumb/v7e-m+dp/hard\libc_nano.a(libc_a-signalr.o)
                0x0800b21c                _getpid_r
 .text._malloc_usable_size_r
                0x0800b220       0x10 C:/ST/STM32CubeIDE_1.19.0/STM32CubeIDE/plugins/com.st.stm32cube.ide.mcu.externaltools.gnu-tools-for-stm32.13.3.rel1.win32_1.0.0.202411081344/tools/bin/../lib/gcc/arm-none-eabi/13.3.1/../../../../arm-none-eabi/lib/thumb/v7e-m+dp/hard\libc_nano.a(libc_a-msizer.o)
                0x0800b220                _malloc_usable_size_r
 .text.__swhatbuf_r
                0x0800b230       0x4c C:/ST/STM32CubeIDE_1.19.0/STM32CubeIDE/plugins/com.st.stm32cube.ide.mcu.externaltools.gnu-tools-for-stm32.13.3.rel1.win32_1.0.0.202411081344/tools/bin/../lib/gcc/arm-none-eabi/13.3.1/../../../../arm-none-eabi/lib/thumb/v7e-m+dp/hard\libc_nano.a(libc_a-makebuf.o)
                0x0800b230                __swhatbuf_r
 .text.__smakebuf_r
                0x0800b27c       0x78 C:/ST/STM32CubeIDE_1.19.0/STM32CubeIDE/plugins/com.st.stm32cube.ide.mcu.externaltools.gnu-tools-for-stm32.13.3.rel1.win32_1.0.0.202411081344/tools/bin/../lib/gcc/arm-none-eabi/13.3.1/../../../../arm-none-eabi/lib/thumb/v7e-m+dp/hard\libc_nano.a(libc_a-makebuf.o)
                0x0800b27c                __smakebuf_r
 .text._fstat_r
                0x0800b2f4       0x24 C:/ST/STM32CubeIDE_1.19.0/STM32CubeIDE/plugins/com.st.stm32cube.ide.mcu.externaltools.gnu-tools-for-stm32.13.3.rel1.win32_1.0.0.202411081344/tools/bin/../lib/gcc/arm-none-eabi/13.3.1/../../../../arm-none-eabi/lib/thumb/v7e-m+dp/hard\libc_nano.a(libc_a-fstatr.o)
                0x0800b2f4                _fstat_r
 .text._isatty_r
                0x0800b318       0x20 C:/ST/STM32CubeIDE_1.19.0/STM32CubeIDE/plugins/com.st.stm32cube.ide.mcu.externaltools.gnu-tools-for-stm32.13.3.rel1.win32_1.0.0.202411081344/tools/bin/../lib/gcc/arm-none-eabi/13.3.1/../../../../arm-none-eabi/lib/thumb/v7e-m+dp/hard\libc_nano.a(libc_a-isattyr.o)
                0x0800b318                _isatty_r
 *(.glue_7)
 .glue_7        0x0800b338        0x0 linker stubs
 *(.glue_7t)
 .glue_7t       0x0800b338        0x0 linker stubs
 *(.eh_frame)
 .eh_frame      0x0800b338        0x0 C:/ST/STM32CubeIDE_1.19.0/STM32CubeIDE/plugins/com.st.stm32cube.ide.mcu.externaltools.gnu-tools-for-stm32.13.3.rel1.win32_1.0.0.202411081344/tools/bin/../lib/gcc/arm-none-eabi/13.3.1/thumb/v7e-m+dp/hard/crtbegin.o
 *(.init)
 .init          0x0800b338        0x4 C:/ST/STM32CubeIDE_1.19.0/STM32CubeIDE/plugins/com.st.stm32cube.ide.mcu.externaltools.gnu-tools-for-stm32.13.3.rel1.win32_1.0.0.202411081344/tools/bin/../lib/gcc/arm-none-eabi/13.3.1/thumb/v7e-m+dp/hard/crti.o
                0x0800b338                _init
 .init          0x0800b33c        0x8 C:/ST/STM32CubeIDE_1.19.0/STM32CubeIDE/plugins/com.st.stm32cube.ide.mcu.externaltools.gnu-tools-for-stm32.13.3.rel1.win32_1.0.0.202411081344/tools/bin/../lib/gcc/arm-none-eabi/13.3.1/thumb/v7e-m+dp/hard/crtn.o
 *(.fini)
 .fini          0x0800b344        0x4 C:/ST/STM32CubeIDE_1.19.0/STM32CubeIDE/plugins/com.st.stm32cube.ide.mcu.externaltools.gnu-tools-for-stm32.13.3.rel1.win32_1.0.0.202411081344/tools/bin/../lib/gcc/arm-none-eabi/13.3.1/thumb/v7e-m+dp/hard/crti.o
                0x0800b344                _fini
 .fini          0x0800b348        0x8 C:/ST/STM32CubeIDE_1.19.0/STM32CubeIDE/plugins/com.st.stm32cube.ide.mcu.externaltools.gnu-tools-for-stm32.13.3.rel1.win32_1.0.0.202411081344/tools/bin/../lib/gcc/arm-none-eabi/13.3.1/thumb/v7e-m+dp/hard/crtn.o
                0x0800b350                        . = ALIGN (0x4)
                0x0800b350                        _etext = .

.vfp11_veneer   0x0800b350        0x0
 .vfp11_veneer  0x0800b350        0x0 linker stubs

.v4_bx          0x0800b350        0x0
 .v4_bx         0x0800b350        0x0 linker stubs

.iplt           0x0800b350        0x0
 .iplt          0x0800b350        0x0 C:/ST/STM32CubeIDE_1.19.0/STM32CubeIDE/plugins/com.st.stm32cube.ide.mcu.externaltools.gnu-tools-for-stm32.13.3.rel1.win32_1.0.0.202411081344/tools/bin/../lib/gcc/arm-none-eabi/13.3.1/thumb/v7e-m+dp/hard/crtbegin.o

.rodata         0x0800b350     0x3a84
                0x0800b350                        . = ALIGN (0x4)
 *(.rodata)
 .rodata        0x0800b350       0x90 ./Core/Src/App/3d_filled_vector.o
 .rodata        0x0800b3e0       0x56 ./Core/Src/Lcd/st7789.o
 *(.rodata*)
 *fill*         0x0800b436        0x2 
 .rodata.Font12_Table
                0x0800b438      0x474 ./Core/Inc/Fonts/font12.o
                0x0800b438                Font12_Table
 .rodata.Font16_Table
                0x0800b8ac      0xbe0 ./Core/Inc/Fonts/font16.o
                0x0800b8ac                Font16_Table
 .rodata.pat2   0x0800c48c      0x806 ./Core/Src/App/3d_filled_vector.o
                0x0800c48c                pat2
 *fill*         0x0800cc92        0x2 
 .rodata.pat7   0x0800cc94      0x806 ./Core/Src/App/3d_filled_vector.o
                0x0800cc94                pat7
 *fill*         0x0800d49a        0x2 
 .rodata.pat8   0x0800d49c      0x806 ./Core/Src/App/3d_filled_vector.o
                0x0800d49c                pat8
 *fill*         0x0800dca2        0x2 
 .rodata.sinTab
                0x0800dca4       0x5b ./Core/Src/App/3d_filled_vector.o
                0x0800dca4                sinTab
 *fill*         0x0800dcff        0x1 
 .rodata.vertsCubeQ
                0x0800dd00       0x30 ./Core/Src/App/3d_filled_vector.o
                0x0800dd00                vertsCubeQ
 .rodata.quadsCubeQ
                0x0800dd30       0x18 ./Core/Src/App/3d_filled_vector.o
                0x0800dd30                quadsCubeQ
 .rodata.colsCubeQ
                0x0800dd48        0xc ./Core/Src/App/3d_filled_vector.o
                0x0800dd48                colsCubeQ
 .rodata.vertsCross
                0x0800dd54       0x90 ./Core/Src/App/3d_filled_vector.o
                0x0800dd54                vertsCross
 .rodata.quadsCross
                0x0800dde4       0x58 ./Core/Src/App/3d_filled_vector.o
                0x0800dde4                quadsCross
 .rodata.colsCross
                0x0800de3c       0x2c ./Core/Src/App/3d_filled_vector.o
                0x0800de3c                colsCross
 .rodata.verts3
                0x0800de68       0xc0 ./Core/Src/App/3d_filled_vector.o
                0x0800de68                verts3
 .rodata.quads3
                0x0800df28       0x60 ./Core/Src/App/3d_filled_vector.o
                0x0800df28                quads3
 .rodata.cols3  0x0800df88       0x30 ./Core/Src/App/3d_filled_vector.o
                0x0800df88                cols3
 .rodata.vertsCubes
                0x0800dfb8      0x1b0 ./Core/Src/App/3d_filled_vector.o
                0x0800dfb8                vertsCubes
 .rodata.quadsCubes
                0x0800e168       0xd8 ./Core/Src/App/3d_filled_vector.o
                0x0800e168                quadsCubes
 .rodata.colsCubes
                0x0800e240       0x6c ./Core/Src/App/3d_filled_vector.o
                0x0800e240                colsCubes
 .rodata.vertsCone
                0x0800e2ac       0x5a ./Core/Src/App/3d_filled_vector.o
                0x0800e2ac                vertsCone
 *fill*         0x0800e306        0x2 
 .rodata.trisCone
                0x0800e308       0x4e ./Core/Src/App/3d_filled_vector.o
                0x0800e308                trisCone
 *fill*         0x0800e356        0x2 
 .rodata.colsCone
                0x0800e358       0x34 ./Core/Src/App/3d_filled_vector.o
                0x0800e358                colsCone
 .rodata.vertsTorus
                0x0800e38c       0xd8 ./Core/Src/App/3d_filled_vector.o
                0x0800e38c                vertsTorus
 .rodata.trisTorus
                0x0800e464       0xd8 ./Core/Src/App/3d_filled_vector.o
                0x0800e464                trisTorus
 .rodata.colsTorus
                0x0800e53c       0x90 ./Core/Src/App/3d_filled_vector.o
                0x0800e53c                colsTorus
 .rodata.vertsMonkey
                0x0800e5cc      0x2dc ./Core/Src/App/3d_filled_vector.o
                0x0800e5cc                vertsMonkey
 .rodata.trisMonkey
                0x0800e8a8      0x29d ./Core/Src/App/3d_filled_vector.o
                0x0800e8a8                trisMonkey
 *fill*         0x0800eb45        0x3 
 .rodata.vertsSphere
                0x0800eb48       0xc0 ./Core/Src/App/3d_filled_vector.o
                0x0800eb48                vertsSphere
 .rodata.trisSphere
                0x0800ec08       0xb4 ./Core/Src/App/3d_filled_vector.o
                0x0800ec08                trisSphere
 .rodata.EntryRightThenUp
                0x0800ecbc        0x1 ./Core/Src/Lcd/st7789.o
                0x0800ecbc                EntryRightThenUp
 .rodata.EntryRightThenDown
                0x0800ecbd        0x1 ./Core/Src/Lcd/st7789.o
                0x0800ecbd                EntryRightThenDown
 *fill*         0x0800ecbe        0x2 
 .rodata.D1CorePrescTable
                0x0800ecc0       0x10 ./Core/Src/system_stm32h7xx.o
                0x0800ecc0                D1CorePrescTable
 .rodata.LED_PIN
                0x0800ecd0        0x6 ./Drivers/BSP/STM32H7xx_Nucleo/stm32h7xx_nucleo.o
 *fill*         0x0800ecd6        0x2 
 .rodata.BUTTON_EXTI_LINE.2
                0x0800ecd8        0x4 ./Drivers/BSP/STM32H7xx_Nucleo/stm32h7xx_nucleo.o
 .rodata.UARTPrescTable
                0x0800ecdc       0x18 ./Drivers/STM32H7xx_HAL_Driver/Src/stm32h7xx_hal_uart.o
                0x0800ecdc                UARTPrescTable
 .rodata.srandom.str1.1
                0x0800ecf4       0xe0 C:/ST/STM32CubeIDE_1.19.0/STM32CubeIDE/plugins/com.st.stm32cube.ide.mcu.externaltools.gnu-tools-for-stm32.13.3.rel1.win32_1.0.0.202411081344/tools/bin/../lib/gcc/arm-none-eabi/13.3.1/../../../../arm-none-eabi/lib/thumb/v7e-m+dp/hard\libc_nano.a(libc_a-random.o)
                                 0x71 (size before relaxing)
 .rodata.__assert_func.str1.1
                0x0800edd4       0x3d C:/ST/STM32CubeIDE_1.19.0/STM32CubeIDE/plugins/com.st.stm32cube.ide.mcu.externaltools.gnu-tools-for-stm32.13.3.rel1.win32_1.0.0.202411081344/tools/bin/../lib/gcc/arm-none-eabi/13.3.1/../../../../arm-none-eabi/lib/thumb/v7e-m+dp/hard\libc_nano.a(libc_a-assert.o)
 .rodata._svfprintf_r.str1.1
                0x0800edd4       0x11 C:/ST/STM32CubeIDE_1.19.0/STM32CubeIDE/plugins/com.st.stm32cube.ide.mcu.externaltools.gnu-tools-for-stm32.13.3.rel1.win32_1.0.0.202411081344/tools/bin/../lib/gcc/arm-none-eabi/13.3.1/../../../../arm-none-eabi/lib/thumb/v7e-m+dp/hard\libc_nano.a(libc_a-nano-svfprintf.o)
 .rodata._printf_i.str1.1
                0x0800edd4       0x22 C:/ST/STM32CubeIDE_1.19.0/STM32CubeIDE/plugins/com.st.stm32cube.ide.mcu.externaltools.gnu-tools-for-stm32.13.3.rel1.win32_1.0.0.202411081344/tools/bin/../lib/gcc/arm-none-eabi/13.3.1/../../../../arm-none-eabi/lib/thumb/v7e-m+dp/hard\libc_nano.a(libc_a-nano-vfprintf_i.o)
 .rodata._vfprintf_r.str1.1
                0x0800edd4       0x11 C:/ST/STM32CubeIDE_1.19.0/STM32CubeIDE/plugins/com.st.stm32cube.ide.mcu.externaltools.gnu-tools-for-stm32.13.3.rel1.win32_1.0.0.202411081344/tools/bin/../lib/gcc/arm-none-eabi/13.3.1/../../../../arm-none-eabi/lib/thumb/v7e-m+dp/hard\libc_nano.a(libc_a-nano-vfprintf.o)
                0x0800ee14                        . = ALIGN (0x4)

.ARM.extab
 *(.ARM.extab* .gnu.linkonce.armextab.*)

.ARM            0x0800edd4        0x8
                0x0800edd4                        __exidx_start = .
 *(.ARM.exidx*)
 .ARM.exidx     0x0800edd4        0x8 C:/ST/STM32CubeIDE_1.19.0/STM32CubeIDE/plugins/com.st.stm32cube.ide.mcu.externaltools.gnu-tools-for-stm32.13.3.rel1.win32_1.0.0.202411081344/tools/bin/../lib/gcc/arm-none-eabi/13.3.1/../../../../arm-none-eabi/lib/thumb/v7e-m+dp/hard\libc_nano.a(libc_a-memchr.o)
 .ARM.exidx     0x0800eddc        0x0 C:/ST/STM32CubeIDE_1.19.0/STM32CubeIDE/plugins/com.st.stm32cube.ide.mcu.externaltools.gnu-tools-for-stm32.13.3.rel1.win32_1.0.0.202411081344/tools/bin/../lib/gcc/arm-none-eabi/13.3.1/thumb/v7e-m+dp/hard\libgcc.a(_udivmoddi4.o)
                                  0x8 (size before relaxing)
                0x0800eddc                        __exidx_end = .

.preinit_array  0x0800eddc        0x0
                0x0800eddc                        PROVIDE (__preinit_array_start = .)
 *(.preinit_array*)
                0x0800eddc                        PROVIDE (__preinit_array_end = .)

.init_array     0x0800eddc        0x4
                0x0800eddc                        PROVIDE (__init_array_start = .)
 *(SORT_BY_NAME(.init_array.*))
 *(.init_array*)
 .init_array    0x0800eddc        0x4 C:/ST/STM32CubeIDE_1.19.0/STM32CubeIDE/plugins/com.st.stm32cube.ide.mcu.externaltools.gnu-tools-for-stm32.13.3.rel1.win32_1.0.0.202411081344/tools/bin/../lib/gcc/arm-none-eabi/13.3.1/thumb/v7e-m+dp/hard/crtbegin.o
                0x0800ede0                        PROVIDE (__init_array_end = .)

.fini_array     0x0800ede0        0x4
                [!provide]                        PROVIDE (__fini_array_start = .)
 *(SORT_BY_NAME(.fini_array.*))
 *(.fini_array*)
 .fini_array    0x0800ede0        0x4 C:/ST/STM32CubeIDE_1.19.0/STM32CubeIDE/plugins/com.st.stm32cube.ide.mcu.externaltools.gnu-tools-for-stm32.13.3.rel1.win32_1.0.0.202411081344/tools/bin/../lib/gcc/arm-none-eabi/13.3.1/thumb/v7e-m+dp/hard/crtbegin.o
                [!provide]                        PROVIDE (__fini_array_end = .)
                0x0800ede4                        _sidata = LOADADDR (.data)

.rel.dyn        0x0800ede4        0x0
 .rel.iplt      0x0800ede4        0x0 C:/ST/STM32CubeIDE_1.19.0/STM32CubeIDE/plugins/com.st.stm32cube.ide.mcu.externaltools.gnu-tools-for-stm32.13.3.rel1.win32_1.0.0.202411081344/tools/bin/../lib/gcc/arm-none-eabi/13.3.1/thumb/v7e-m+dp/hard/crtbegin.o

.data           0x24000000      0x120 load address 0x0800ede4
                0x24000000                        . = ALIGN (0x4)
                0x24000000                        _sdata = .
 *(.data)
 *(.data*)
 .data.Font12   0x24000000        0x8 ./Core/Inc/Fonts/font12.o
                0x24000000                Font12
 .data.Font16   0x24000008        0x8 ./Core/Inc/Fonts/font16.o
                0x24000008                Font16
 .data.prevState
                0x24000010        0x4 ./Core/Src/App/3d_filled_vector.o
                0x24000010                prevState
 .data.btDebounce
                0x24000014        0x4 ./Core/Src/App/3d_filled_vector.o
                0x24000014                btDebounce
 .data.btMultiClick
                0x24000018        0x4 ./Core/Src/App/3d_filled_vector.o
                0x24000018                btMultiClick
 .data.btLongClick
                0x2400001c        0x4 ./Core/Src/App/3d_filled_vector.o
                0x2400001c                btLongClick
 .data.btLongerClick
                0x24000020        0x4 ./Core/Src/App/3d_filled_vector.o
                0x24000020                btLongerClick
 .data.clickCnt
                0x24000024        0x4 ./Core/Src/App/3d_filled_vector.o
                0x24000024                clickCnt
 .data.bgMode   0x24000028        0x4 ./Core/Src/App/3d_filled_vector.o
                0x24000028                bgMode
 .data.object   0x2400002c        0x4 ./Core/Src/App/3d_filled_vector.o
                0x2400002c                object
 .data.bfCull   0x24000030        0x4 ./Core/Src/App/3d_filled_vector.o
                0x24000030                bfCull
 .data.frBuf    0x24000034        0x4 ./Core/Src/App/3d_filled_vector.o
                0x24000034                frBuf
 .data.starSpeed
                0x24000038        0x4 ./Core/Src/App/3d_filled_vector.o
                0x24000038                starSpeed
 .data.rotZ     0x2400003c        0x2 ./Core/Src/App/3d_filled_vector.o
                0x2400003c                rotZ
 *fill*         0x2400003e        0x2 
 .data.msMin    0x24000040        0x4 ./Core/Src/App/3d_filled_vector.o
                0x24000040                msMin
 .data.stats    0x24000044        0x4 ./Core/Src/App/3d_filled_vector.o
                0x24000044                stats
 .data.st7789_drv
                0x24000048       0x48 ./Core/Src/Lcd/st7789.o
                0x24000048                st7789_drv
 .data.lcd_drv  0x24000090        0x4 ./Core/Src/Lcd/st7789.o
                0x24000090                lcd_drv
 .data.LastEntry
                0x24000094        0x1 ./Core/Src/Lcd/st7789.o
                0x24000094                LastEntry
 *fill*         0x24000095        0x3 
 .data.SystemCoreClock
                0x24000098        0x4 ./Core/Src/system_stm32h7xx.o
                0x24000098                SystemCoreClock
 .data.SystemD2Clock
                0x2400009c        0x4 ./Core/Src/system_stm32h7xx.o
                0x2400009c                SystemD2Clock
 .data.COM_USART
                0x240000a0        0x4 ./Drivers/BSP/STM32H7xx_Nucleo/stm32h7xx_nucleo.o
                0x240000a0                COM_USART
 .data.LED_PORT
                0x240000a4        0xc ./Drivers/BSP/STM32H7xx_Nucleo/stm32h7xx_nucleo.o
 .data.BUTTON_PORT
                0x240000b0        0x4 ./Drivers/BSP/STM32H7xx_Nucleo/stm32h7xx_nucleo.o
 .data.ButtonCallback.1
                0x240000b4        0x4 ./Drivers/BSP/STM32H7xx_Nucleo/stm32h7xx_nucleo.o
 .data.BSP_BUTTON_PRIO.0
                0x240000b8        0x4 ./Drivers/BSP/STM32H7xx_Nucleo/stm32h7xx_nucleo.o
 .data.uwTickPrio
                0x240000bc        0x4 ./Drivers/STM32H7xx_HAL_Driver/Src/stm32h7xx_hal.o
                0x240000bc                uwTickPrio
 .data.uwTickFreq
                0x240000c0        0x1 ./Drivers/STM32H7xx_HAL_Driver/Src/stm32h7xx_hal.o
                0x240000c0                uwTickFreq
 *fill*         0x240000c1        0x3 
 .data.__sglue  0x240000c4        0xc C:/ST/STM32CubeIDE_1.19.0/STM32CubeIDE/plugins/com.st.stm32cube.ide.mcu.externaltools.gnu-tools-for-stm32.13.3.rel1.win32_1.0.0.202411081344/tools/bin/../lib/gcc/arm-none-eabi/13.3.1/../../../../arm-none-eabi/lib/thumb/v7e-m+dp/hard\libc_nano.a(libc_a-findfp.o)
                0x240000c4                __sglue
 .data._impure_ptr
                0x240000d0        0x4 C:/ST/STM32CubeIDE_1.19.0/STM32CubeIDE/plugins/com.st.stm32cube.ide.mcu.externaltools.gnu-tools-for-stm32.13.3.rel1.win32_1.0.0.202411081344/tools/bin/../lib/gcc/arm-none-eabi/13.3.1/../../../../arm-none-eabi/lib/thumb/v7e-m+dp/hard\libc_nano.a(libc_a-impure.o)
                0x240000d0                _impure_ptr
 .data._impure_data
                0x240000d4       0x4c C:/ST/STM32CubeIDE_1.19.0/STM32CubeIDE/plugins/com.st.stm32cube.ide.mcu.externaltools.gnu-tools-for-stm32.13.3.rel1.win32_1.0.0.202411081344/tools/bin/../lib/gcc/arm-none-eabi/13.3.1/../../../../arm-none-eabi/lib/thumb/v7e-m+dp/hard\libc_nano.a(libc_a-impure.o)
                0x240000d4                _impure_data
 *(.RamFunc)
 *(.RamFunc*)
                0x24000120                        . = ALIGN (0x4)
                0x24000120                        _edata = .

.igot.plt       0x24000120        0x0 load address 0x0800ef04
 .igot.plt      0x24000120        0x0 C:/ST/STM32CubeIDE_1.19.0/STM32CubeIDE/plugins/com.st.stm32cube.ide.mcu.externaltools.gnu-tools-for-stm32.13.3.rel1.win32_1.0.0.202411081344/tools/bin/../lib/gcc/arm-none-eabi/13.3.1/thumb/v7e-m+dp/hard/crtbegin.o
                0x24000120                        . = ALIGN (0x4)

.bss            0x24000120     0xdfe0 load address 0x0800ef04
                0x24000120                        _sbss = .
                0x24000120                        __bss_start__ = _sbss
 *(.bss)
 .bss           0x24000120       0x1c C:/ST/STM32CubeIDE_1.19.0/STM32CubeIDE/plugins/com.st.stm32cube.ide.mcu.externaltools.gnu-tools-for-stm32.13.3.rel1.win32_1.0.0.202411081344/tools/bin/../lib/gcc/arm-none-eabi/13.3.1/thumb/v7e-m+dp/hard/crtbegin.o
 *(.bss*)
 .bss.buttonState
                0x2400013c        0x4 ./Core/Src/App/3d_filled_vector.o
                0x2400013c                buttonState
 .bss.btTime    0x24000140        0x4 ./Core/Src/App/3d_filled_vector.o
                0x24000140                btTime
 .bss.btTime2   0x24000144        0x4 ./Core/Src/App/3d_filled_vector.o
                0x24000144                btTime2
 .bss.millis    0x24000148        0x4 ./Core/Src/App/3d_filled_vector.o
                0x24000148                millis
 .bss.prevButtonState
                0x2400014c        0x4 ./Core/Src/App/3d_filled_vector.o
                0x2400014c                prevButtonState
 .bss.txt       0x24000150       0x1e ./Core/Src/App/3d_filled_vector.o
                0x24000150                txt
 *fill*         0x2400016e        0x2 
 .bss.orient    0x24000170        0x4 ./Core/Src/App/3d_filled_vector.o
                0x24000170                orient
 .bss.polyMode  0x24000174        0x4 ./Core/Src/App/3d_filled_vector.o
                0x24000174                polyMode
 .bss.frBuf1    0x24000178     0x6400 ./Core/Src/App/3d_filled_vector.o
                0x24000178                frBuf1
 .bss.frBuf2    0x24006578     0x6400 ./Core/Src/App/3d_filled_vector.o
                0x24006578                frBuf2
 .bss.yFr       0x2400c978        0x4 ./Core/Src/App/3d_filled_vector.o
                0x2400c978                yFr
 .bss.numVerts  0x2400c97c        0x2 ./Core/Src/App/3d_filled_vector.o
                0x2400c97c                numVerts
 *fill*         0x2400c97e        0x2 
 .bss.verts     0x2400c980        0x4 ./Core/Src/App/3d_filled_vector.o
                0x2400c980                verts
 .bss.numPolys  0x2400c984        0x2 ./Core/Src/App/3d_filled_vector.o
                0x2400c984                numPolys
 *fill*         0x2400c986        0x2 
 .bss.polys     0x2400c988        0x4 ./Core/Src/App/3d_filled_vector.o
                0x2400c988                polys
 .bss.polyColors
                0x2400c98c        0x4 ./Core/Src/App/3d_filled_vector.o
                0x2400c98c                polyColors
 .bss.transVerts
                0x2400c990      0x348 ./Core/Src/App/3d_filled_vector.o
                0x2400c990                transVerts
 .bss.projVerts
                0x2400ccd8      0x230 ./Core/Src/App/3d_filled_vector.o
                0x2400ccd8                projVerts
 .bss.sortedPolys
                0x2400cf08      0x1e0 ./Core/Src/App/3d_filled_vector.o
                0x2400cf08                sortedPolys
 .bss.normZ     0x2400d0e8      0x1e0 ./Core/Src/App/3d_filled_vector.o
                0x2400d0e8                normZ
 .bss.rot0      0x2400d2c8        0x4 ./Core/Src/App/3d_filled_vector.o
                0x2400d2c8                rot0
 .bss.rot1      0x2400d2cc        0x4 ./Core/Src/App/3d_filled_vector.o
                0x2400d2cc                rot1
 .bss.numVisible
                0x2400d2d0        0x4 ./Core/Src/App/3d_filled_vector.o
                0x2400d2d0                numVisible
 .bss.lightShade
                0x2400d2d4        0x4 ./Core/Src/App/3d_filled_vector.o
                0x2400d2d4                lightShade
 .bss.stars     0x2400d2d8      0x834 ./Core/Src/App/3d_filled_vector.o
                0x2400d2d8                stars
 .bss.t         0x2400db0c        0x4 ./Core/Src/App/3d_filled_vector.o
                0x2400db0c                t
 .bss.ms        0x2400db10        0x4 ./Core/Src/App/3d_filled_vector.o
                0x2400db10                ms
 .bss.msMax     0x2400db14        0x4 ./Core/Src/App/3d_filled_vector.o
                0x2400db14                msMax
 .bss.optim     0x2400db18        0x4 ./Core/Src/App/3d_filled_vector.o
                0x2400db18                optim
 .bss.transdata
                0x2400db1c        0x4 ./Core/Src/Lcd/st7789.o
                0x2400db1c                transdata
 .bss.Is_st7789_Initialized
                0x2400db20        0x1 ./Core/Src/Lcd/st7789.o
 *fill*         0x2400db21        0x1 
 .bss.yStart    0x2400db22        0x2 ./Core/Src/Lcd/st7789.o
 .bss.yEnd      0x2400db24        0x2 ./Core/Src/Lcd/st7789.o
 .bss.lastdir   0x2400db26        0x1 ./Core/Src/Lcd/st7789.o
                0x2400db26                lastdir
 *fill*         0x2400db27        0x1 
 .bss.scrparam.0
                0x2400db28        0x8 ./Core/Src/Lcd/st7789.o
 .bss.DrawProp  0x2400db30        0xc ./Core/Src/Lcd/stm32_adafruit_lcd.o
                0x2400db30                DrawProp
 .bss.bitmap    0x2400db3c      0x336 ./Core/Src/Lcd/stm32_adafruit_lcd.o
 *fill*         0x2400de72        0x2 
 .bss.BspCOMInit
                0x2400de74       0x10 ./Core/Src/main.o
                0x2400de74                BspCOMInit
 .bss.hspi5     0x2400de84       0x88 ./Core/Src/main.o
                0x2400de84                hspi5
 .bss.__sbrk_heap_end
                0x2400df0c        0x4 ./Core/Src/sysmem.o
 .bss.hpb_exti  0x2400df10        0x8 ./Drivers/BSP/STM32H7xx_Nucleo/stm32h7xx_nucleo.o
                0x2400df10                hpb_exti
 .bss.hcom_uart
                0x2400df18       0x94 ./Drivers/BSP/STM32H7xx_Nucleo/stm32h7xx_nucleo.o
                0x2400df18                hcom_uart
 .bss.COM_ActiveLogPort
                0x2400dfac        0x1 ./Drivers/BSP/STM32H7xx_Nucleo/stm32h7xx_nucleo.o
 *fill*         0x2400dfad        0x3 
 .bss.uwTick    0x2400dfb0        0x4 ./Drivers/STM32H7xx_HAL_Driver/Src/stm32h7xx_hal.o
                0x2400dfb0                uwTick
 .bss.__sf      0x2400dfb4      0x138 C:/ST/STM32CubeIDE_1.19.0/STM32CubeIDE/plugins/com.st.stm32cube.ide.mcu.externaltools.gnu-tools-for-stm32.13.3.rel1.win32_1.0.0.202411081344/tools/bin/../lib/gcc/arm-none-eabi/13.3.1/../../../../arm-none-eabi/lib/thumb/v7e-m+dp/hard\libc_nano.a(libc_a-findfp.o)
                0x2400dfb4                __sf
 .bss.__stdio_exit_handler
                0x2400e0ec        0x4 C:/ST/STM32CubeIDE_1.19.0/STM32CubeIDE/plugins/com.st.stm32cube.ide.mcu.externaltools.gnu-tools-for-stm32.13.3.rel1.win32_1.0.0.202411081344/tools/bin/../lib/gcc/arm-none-eabi/13.3.1/../../../../arm-none-eabi/lib/thumb/v7e-m+dp/hard\libc_nano.a(libc_a-findfp.o)
                0x2400e0ec                __stdio_exit_handler
 .bss.errno     0x2400e0f0        0x4 C:/ST/STM32CubeIDE_1.19.0/STM32CubeIDE/plugins/com.st.stm32cube.ide.mcu.externaltools.gnu-tools-for-stm32.13.3.rel1.win32_1.0.0.202411081344/tools/bin/../lib/gcc/arm-none-eabi/13.3.1/../../../../arm-none-eabi/lib/thumb/v7e-m+dp/hard\libc_nano.a(libc_a-reent.o)
                0x2400e0f0                errno
 .bss.__lock___malloc_recursive_mutex
                0x2400e0f4        0x1 C:/ST/STM32CubeIDE_1.19.0/STM32CubeIDE/plugins/com.st.stm32cube.ide.mcu.externaltools.gnu-tools-for-stm32.13.3.rel1.win32_1.0.0.202411081344/tools/bin/../lib/gcc/arm-none-eabi/13.3.1/../../../../arm-none-eabi/lib/thumb/v7e-m+dp/hard\libc_nano.a(libc_a-lock.o)
                0x2400e0f4                __lock___malloc_recursive_mutex
 .bss.__lock___sfp_recursive_mutex
                0x2400e0f5        0x1 C:/ST/STM32CubeIDE_1.19.0/STM32CubeIDE/plugins/com.st.stm32cube.ide.mcu.externaltools.gnu-tools-for-stm32.13.3.rel1.win32_1.0.0.202411081344/tools/bin/../lib/gcc/arm-none-eabi/13.3.1/../../../../arm-none-eabi/lib/thumb/v7e-m+dp/hard\libc_nano.a(libc_a-lock.o)
                0x2400e0f5                __lock___sfp_recursive_mutex
 *fill*         0x2400e0f6        0x2 
 .bss.__malloc_sbrk_start
                0x2400e0f8        0x4 C:/ST/STM32CubeIDE_1.19.0/STM32CubeIDE/plugins/com.st.stm32cube.ide.mcu.externaltools.gnu-tools-for-stm32.13.3.rel1.win32_1.0.0.202411081344/tools/bin/../lib/gcc/arm-none-eabi/13.3.1/../../../../arm-none-eabi/lib/thumb/v7e-m+dp/hard\libc_nano.a(libc_a-mallocr.o)
                0x2400e0f8                __malloc_sbrk_start
 .bss.__malloc_free_list
                0x2400e0fc        0x4 C:/ST/STM32CubeIDE_1.19.0/STM32CubeIDE/plugins/com.st.stm32cube.ide.mcu.externaltools.gnu-tools-for-stm32.13.3.rel1.win32_1.0.0.202411081344/tools/bin/../lib/gcc/arm-none-eabi/13.3.1/../../../../arm-none-eabi/lib/thumb/v7e-m+dp/hard\libc_nano.a(libc_a-mallocr.o)
                0x2400e0fc                __malloc_free_list
 *(COMMON)
                0x2400e100                        . = ALIGN (0x4)
                0x2400e100                        _ebss = .
                0x2400e100                        __bss_end__ = _ebss

._user_heap_stack
                0x2400e100      0x600 load address 0x0800ef04
                0x2400e100                        . = ALIGN (0x8)
                [!provide]                        PROVIDE (end = .)
                0x2400e100                        PROVIDE (_end = .)
                0x2400e300                        . = (. + _Min_Heap_Size)
 *fill*         0x2400e100      0x200 
                0x2400e700                        . = (. + _Min_Stack_Size)
 *fill*         0x2400e300      0x400 
                0x2400e700                        . = ALIGN (0x8)

/DISCARD/
 libc.a(*)
 libm.a(*)
 libgcc.a(*)

.ARM.attributes
                0x00000000       0x2e
 *(.ARM.attributes)
 .ARM.attributes
                0x00000000       0x20 C:/ST/STM32CubeIDE_1.19.0/STM32CubeIDE/plugins/com.st.stm32cube.ide.mcu.externaltools.gnu-tools-for-stm32.13.3.rel1.win32_1.0.0.202411081344/tools/bin/../lib/gcc/arm-none-eabi/13.3.1/thumb/v7e-m+dp/hard/crti.o
 .ARM.attributes
                0x00000020       0x32 C:/ST/STM32CubeIDE_1.19.0/STM32CubeIDE/plugins/com.st.stm32cube.ide.mcu.externaltools.gnu-tools-for-stm32.13.3.rel1.win32_1.0.0.202411081344/tools/bin/../lib/gcc/arm-none-eabi/13.3.1/thumb/v7e-m+dp/hard/crtbegin.o
 .ARM.attributes
                0x00000052       0x32 ./Core/Inc/Fonts/font12.o
 .ARM.attributes
                0x00000084       0x32 ./Core/Inc/Fonts/font16.o
 .ARM.attributes
                0x000000b6       0x32 ./Core/Src/App/3d_filled_vector.o
 .ARM.attributes
                0x000000e8       0x32 ./Core/Src/Lcd/lcd_io_spi_hal.o
 .ARM.attributes
                0x0000011a       0x32 ./Core/Src/Lcd/st7789.o
 .ARM.attributes
                0x0000014c       0x32 ./Core/Src/Lcd/stm32_adafruit_lcd.o
 .ARM.attributes
                0x0000017e       0x32 ./Core/Src/main.o
 .ARM.attributes
                0x000001b0       0x32 ./Core/Src/stm32h7xx_hal_msp.o
 .ARM.attributes
                0x000001e2       0x32 ./Core/Src/stm32h7xx_it.o
 .ARM.attributes
                0x00000214       0x32 ./Core/Src/syscalls.o
 .ARM.attributes
                0x00000246       0x32 ./Core/Src/sysmem.o
 .ARM.attributes
                0x00000278       0x32 ./Core/Src/system_stm32h7xx.o
 .ARM.attributes
                0x000002aa       0x21 ./Core/Startup/startup_stm32h723zgtx.o
 .ARM.attributes
                0x000002cb       0x32 ./Drivers/BSP/STM32H7xx_Nucleo/stm32h7xx_nucleo.o
 .ARM.attributes
                0x000002fd       0x32 ./Drivers/STM32H7xx_HAL_Driver/Src/stm32h7xx_hal.o
 .ARM.attributes
                0x0000032f       0x32 ./Drivers/STM32H7xx_HAL_Driver/Src/stm32h7xx_hal_cortex.o
 .ARM.attributes
                0x00000361       0x32 ./Drivers/STM32H7xx_HAL_Driver/Src/stm32h7xx_hal_exti.o
 .ARM.attributes
                0x00000393       0x32 ./Drivers/STM32H7xx_HAL_Driver/Src/stm32h7xx_hal_gpio.o
 .ARM.attributes
                0x000003c5       0x32 ./Drivers/STM32H7xx_HAL_Driver/Src/stm32h7xx_hal_pwr_ex.o
 .ARM.attributes
                0x000003f7       0x32 ./Drivers/STM32H7xx_HAL_Driver/Src/stm32h7xx_hal_rcc.o
 .ARM.attributes
                0x00000429       0x32 ./Drivers/STM32H7xx_HAL_Driver/Src/stm32h7xx_hal_rcc_ex.o
 .ARM.attributes
                0x0000045b       0x32 ./Drivers/STM32H7xx_HAL_Driver/Src/stm32h7xx_hal_spi.o
 .ARM.attributes
                0x0000048d       0x32 ./Drivers/STM32H7xx_HAL_Driver/Src/stm32h7xx_hal_uart.o
 .ARM.attributes
                0x000004bf       0x32 C:/ST/STM32CubeIDE_1.19.0/STM32CubeIDE/plugins/com.st.stm32cube.ide.mcu.externaltools.gnu-tools-for-stm32.13.3.rel1.win32_1.0.0.202411081344/tools/bin/../lib/gcc/arm-none-eabi/13.3.1/../../../../arm-none-eabi/lib/thumb/v7e-m+dp/hard\libc_nano.a(libc_a-random.o)
 .ARM.attributes
                0x000004f1       0x32 C:/ST/STM32CubeIDE_1.19.0/STM32CubeIDE/plugins/com.st.stm32cube.ide.mcu.externaltools.gnu-tools-for-stm32.13.3.rel1.win32_1.0.0.202411081344/tools/bin/../lib/gcc/arm-none-eabi/13.3.1/../../../../arm-none-eabi/lib/thumb/v7e-m+dp/hard\libc_nano.a(libc_a-findfp.o)
 .ARM.attributes
                0x00000523       0x32 C:/ST/STM32CubeIDE_1.19.0/STM32CubeIDE/plugins/com.st.stm32cube.ide.mcu.externaltools.gnu-tools-for-stm32.13.3.rel1.win32_1.0.0.202411081344/tools/bin/../lib/gcc/arm-none-eabi/13.3.1/../../../../arm-none-eabi/lib/thumb/v7e-m+dp/hard\libc_nano.a(libc_a-fwalk.o)
 .ARM.attributes
                0x00000555       0x32 C:/ST/STM32CubeIDE_1.19.0/STM32CubeIDE/plugins/com.st.stm32cube.ide.mcu.externaltools.gnu-tools-for-stm32.13.3.rel1.win32_1.0.0.202411081344/tools/bin/../lib/gcc/arm-none-eabi/13.3.1/../../../../arm-none-eabi/lib/thumb/v7e-m+dp/hard\libc_nano.a(libc_a-snprintf.o)
 .ARM.attributes
                0x00000587       0x32 C:/ST/STM32CubeIDE_1.19.0/STM32CubeIDE/plugins/com.st.stm32cube.ide.mcu.externaltools.gnu-tools-for-stm32.13.3.rel1.win32_1.0.0.202411081344/tools/bin/../lib/gcc/arm-none-eabi/13.3.1/../../../../arm-none-eabi/lib/thumb/v7e-m+dp/hard\libc_nano.a(libc_a-stdio.o)
 .ARM.attributes
                0x000005b9       0x32 C:/ST/STM32CubeIDE_1.19.0/STM32CubeIDE/plugins/com.st.stm32cube.ide.mcu.externaltools.gnu-tools-for-stm32.13.3.rel1.win32_1.0.0.202411081344/tools/bin/../lib/gcc/arm-none-eabi/13.3.1/../../../../arm-none-eabi/lib/thumb/v7e-m+dp/hard\libc_nano.a(libc_a-memset.o)
 .ARM.attributes
                0x000005eb       0x32 C:/ST/STM32CubeIDE_1.19.0/STM32CubeIDE/plugins/com.st.stm32cube.ide.mcu.externaltools.gnu-tools-for-stm32.13.3.rel1.win32_1.0.0.202411081344/tools/bin/../lib/gcc/arm-none-eabi/13.3.1/../../../../arm-none-eabi/lib/thumb/v7e-m+dp/hard\libc_nano.a(libc_a-closer.o)
 .ARM.attributes
                0x0000061d       0x32 C:/ST/STM32CubeIDE_1.19.0/STM32CubeIDE/plugins/com.st.stm32cube.ide.mcu.externaltools.gnu-tools-for-stm32.13.3.rel1.win32_1.0.0.202411081344/tools/bin/../lib/gcc/arm-none-eabi/13.3.1/../../../../arm-none-eabi/lib/thumb/v7e-m+dp/hard\libc_nano.a(libc_a-reent.o)
 .ARM.attributes
                0x0000064f       0x32 C:/ST/STM32CubeIDE_1.19.0/STM32CubeIDE/plugins/com.st.stm32cube.ide.mcu.externaltools.gnu-tools-for-stm32.13.3.rel1.win32_1.0.0.202411081344/tools/bin/../lib/gcc/arm-none-eabi/13.3.1/../../../../arm-none-eabi/lib/thumb/v7e-m+dp/hard\libc_nano.a(libc_a-impure.o)
 .ARM.attributes
                0x00000681       0x32 C:/ST/STM32CubeIDE_1.19.0/STM32CubeIDE/plugins/com.st.stm32cube.ide.mcu.externaltools.gnu-tools-for-stm32.13.3.rel1.win32_1.0.0.202411081344/tools/bin/../lib/gcc/arm-none-eabi/13.3.1/../../../../arm-none-eabi/lib/thumb/v7e-m+dp/hard\libc_nano.a(libc_a-lseekr.o)
 .ARM.attributes
                0x000006b3       0x32 C:/ST/STM32CubeIDE_1.19.0/STM32CubeIDE/plugins/com.st.stm32cube.ide.mcu.externaltools.gnu-tools-for-stm32.13.3.rel1.win32_1.0.0.202411081344/tools/bin/../lib/gcc/arm-none-eabi/13.3.1/../../../../arm-none-eabi/lib/thumb/v7e-m+dp/hard\libc_nano.a(libc_a-readr.o)
 .ARM.attributes
                0x000006e5       0x32 C:/ST/STM32CubeIDE_1.19.0/STM32CubeIDE/plugins/com.st.stm32cube.ide.mcu.externaltools.gnu-tools-for-stm32.13.3.rel1.win32_1.0.0.202411081344/tools/bin/../lib/gcc/arm-none-eabi/13.3.1/../../../../arm-none-eabi/lib/thumb/v7e-m+dp/hard\libc_nano.a(libc_a-writer.o)
 .ARM.attributes